Archive member included to satisfy reference by file (symbol)

c:/progra~2/gnuarm~1/102020~1/bin/../lib/gcc/arm-none-eabi/10.2.1/thumb/v6-m/nofp\libgcc.a(_dvmd_tls.o)
                              CMakeFiles/car.dir/C_/Users/quan_/Desktop/School/CSC2003/pico-sdk/src/rp2_common/pico_divider/divider.S.obj (__aeabi_idiv0)
c:/progra~2/gnuarm~1/102020~1/bin/../lib/gcc/arm-none-eabi/10.2.1/../../../../arm-none-eabi/lib/thumb/v6-m/nofp\libg.a(lib_a-calloc.o)
                              CMakeFiles/car.dir/C_/Users/quan_/Desktop/School/CSC2003/pico-sdk/src/rp2_common/pico_malloc/pico_malloc.c.obj (calloc)
c:/progra~2/gnuarm~1/102020~1/bin/../lib/gcc/arm-none-eabi/10.2.1/../../../../arm-none-eabi/lib/thumb/v6-m/nofp\libg.a(lib_a-callocr.o)
                              c:/progra~2/gnuarm~1/102020~1/bin/../lib/gcc/arm-none-eabi/10.2.1/../../../../arm-none-eabi/lib/thumb/v6-m/nofp\libg.a(lib_a-calloc.o) (_calloc_r)
c:/progra~2/gnuarm~1/102020~1/bin/../lib/gcc/arm-none-eabi/10.2.1/../../../../arm-none-eabi/lib/thumb/v6-m/nofp\libg.a(lib_a-ctype_.o)
                              CMakeFiles/car.dir/C_/Users/quan_/Desktop/School/CSC2003/pico-sdk/lib/tinyusb/src/tusb.c.obj (_ctype_)
c:/progra~2/gnuarm~1/102020~1/bin/../lib/gcc/arm-none-eabi/10.2.1/../../../../arm-none-eabi/lib/thumb/v6-m/nofp\libg.a(lib_a-impure.o)
                              c:/progra~2/gnuarm~1/102020~1/bin/../lib/gcc/arm-none-eabi/10.2.1/../../../../arm-none-eabi/lib/thumb/v6-m/nofp\libg.a(lib_a-calloc.o) (_impure_ptr)
c:/progra~2/gnuarm~1/102020~1/bin/../lib/gcc/arm-none-eabi/10.2.1/../../../../arm-none-eabi/lib/thumb/v6-m/nofp\libg.a(lib_a-init.o)
                              c:/progra~2/gnuarm~1/102020~1/bin/../lib/gcc/arm-none-eabi/10.2.1/../../../../arm-none-eabi/lib/thumb/v6-m/nofp/crt0.o (__libc_init_array)
c:/progra~2/gnuarm~1/102020~1/bin/../lib/gcc/arm-none-eabi/10.2.1/../../../../arm-none-eabi/lib/thumb/v6-m/nofp\libg.a(lib_a-malloc.o)
                              CMakeFiles/car.dir/C_/Users/quan_/Desktop/School/CSC2003/pico-sdk/src/rp2_common/pico_malloc/pico_malloc.c.obj (malloc)
c:/progra~2/gnuarm~1/102020~1/bin/../lib/gcc/arm-none-eabi/10.2.1/../../../../arm-none-eabi/lib/thumb/v6-m/nofp\libg.a(lib_a-mallocr.o)
                              c:/progra~2/gnuarm~1/102020~1/bin/../lib/gcc/arm-none-eabi/10.2.1/../../../../arm-none-eabi/lib/thumb/v6-m/nofp\libg.a(lib_a-callocr.o) (_malloc_r)
c:/progra~2/gnuarm~1/102020~1/bin/../lib/gcc/arm-none-eabi/10.2.1/../../../../arm-none-eabi/lib/thumb/v6-m/nofp\libg.a(lib_a-mlock.o)
                              c:/progra~2/gnuarm~1/102020~1/bin/../lib/gcc/arm-none-eabi/10.2.1/../../../../arm-none-eabi/lib/thumb/v6-m/nofp\libg.a(lib_a-mallocr.o) (__malloc_lock)
c:/progra~2/gnuarm~1/102020~1/bin/../lib/gcc/arm-none-eabi/10.2.1/../../../../arm-none-eabi/lib/thumb/v6-m/nofp\libg.a(lib_a-realloc.o)
                              CMakeFiles/car.dir/C_/Users/quan_/Desktop/School/CSC2003/pico-sdk/src/rp2_common/pico_malloc/pico_malloc.c.obj (realloc)
c:/progra~2/gnuarm~1/102020~1/bin/../lib/gcc/arm-none-eabi/10.2.1/../../../../arm-none-eabi/lib/thumb/v6-m/nofp\libg.a(lib_a-reallocr.o)
                              c:/progra~2/gnuarm~1/102020~1/bin/../lib/gcc/arm-none-eabi/10.2.1/../../../../arm-none-eabi/lib/thumb/v6-m/nofp\libg.a(lib_a-realloc.o) (_realloc_r)
c:/progra~2/gnuarm~1/102020~1/bin/../lib/gcc/arm-none-eabi/10.2.1/../../../../arm-none-eabi/lib/thumb/v6-m/nofp\libg.a(lib_a-sbrkr.o)
                              c:/progra~2/gnuarm~1/102020~1/bin/../lib/gcc/arm-none-eabi/10.2.1/../../../../arm-none-eabi/lib/thumb/v6-m/nofp\libg.a(lib_a-mallocr.o) (_sbrk_r)
c:/progra~2/gnuarm~1/102020~1/bin/../lib/gcc/arm-none-eabi/10.2.1/../../../../arm-none-eabi/lib/thumb/v6-m/nofp\libg.a(lib_a-strlen-stub.o)
                              CMakeFiles/car.dir/C_/Users/quan_/Desktop/School/CSC2003/pico-sdk/src/rp2_common/pico_stdio/stdio.c.obj (strlen)
c:/progra~2/gnuarm~1/102020~1/bin/../lib/gcc/arm-none-eabi/10.2.1/../../../../arm-none-eabi/lib/thumb/v6-m/nofp\libg.a(lib_a-freer.o)
                              c:/progra~2/gnuarm~1/102020~1/bin/../lib/gcc/arm-none-eabi/10.2.1/../../../../arm-none-eabi/lib/thumb/v6-m/nofp\libg.a(lib_a-malloc.o) (_free_r)
c:/progra~2/gnuarm~1/102020~1/bin/../lib/gcc/arm-none-eabi/10.2.1/../../../../arm-none-eabi/lib/thumb/v6-m/nofp\libg.a(lib_a-lock.o)
                              c:/progra~2/gnuarm~1/102020~1/bin/../lib/gcc/arm-none-eabi/10.2.1/../../../../arm-none-eabi/lib/thumb/v6-m/nofp\libg.a(lib_a-mlock.o) (__retarget_lock_acquire_recursive)
c:/progra~2/gnuarm~1/102020~1/bin/../lib/gcc/arm-none-eabi/10.2.1/../../../../arm-none-eabi/lib/thumb/v6-m/nofp\libg.a(lib_a-memmove.o)
                              c:/progra~2/gnuarm~1/102020~1/bin/../lib/gcc/arm-none-eabi/10.2.1/../../../../arm-none-eabi/lib/thumb/v6-m/nofp\libg.a(lib_a-reallocr.o) (memmove)
[...]
Memory Configuration

Name             Origin             Length             Attributes
FLASH            0x10000000         0x00200000         xr
RAM              0x20000000         0x00040000         xrw
SCRATCH_X        0x20040000         0x00001000         xrw
SCRATCH_Y        0x20041000         0x00001000         xrw
*default*        0x00000000         0xffffffff

Linker script and memory map

LOAD c:/progra~2/gnuarm~1/102020~1/bin/../lib/gcc/arm-none-eabi/10.2.1/thumb/v6-m/nofp/crti.o
LOAD c:/progra~2/gnuarm~1/102020~1/bin/../lib/gcc/arm-none-eabi/10.2.1/thumb/v6-m/nofp/crtbegin.o
LOAD c:/progra~2/gnuarm~1/102020~1/bin/../lib/gcc/arm-none-eabi/10.2.1/../../../../arm-none-eabi/lib/thumb/v6-m/nofp/crt0.o

.flash_begin    0x10000000        0x0
                0x10000000                __flash_binary_start = .

.boot2          0x10000000      0x100
                0x10000000                __boot2_start__ = .
 *(.boot2)
 .boot2         0x10000000      0x100 C:\Users\quan_\AppData\Local\Temp\ccmL64f1.o
                0x10000100                __boot2_end__ = .
                0x00000001                ASSERT (((__boot2_end__ - __boot2_start__) == 0x100), ERROR: Pico second stage bootloader must be 256 bytes in size)

.text           0x10000100     0x8340
                0x10000100                __logical_binary_start = .
 *(.vectors)
 .vectors       0x10000100       0xd4 CMakeFiles/car.dir/C_/Users/quan_/Desktop/School/CSC2003/pico-sdk/src/rp2_common/pico_standard_link/crt0.S.obj
                0x10000100                __VECTOR_TABLE
                0x10000100                __vectors
                0x100001c0                isr_invalid
                0x100001c0                __default_isrs_start
                0x100001c2                isr_nmi
                0x100001c4                isr_hardfault
                0x100001c6                isr_svcall
                0x100001c8                isr_pendsv
                0x100001ca                isr_systick
                0x100001cc                isr_irq23
                0x100001cc                isr_irq18
                0x100001cc                isr_irq11
                0x100001cc                isr_irq28
                0x100001cc                isr_irq19
                0x100001cc                isr_irq0
                0x100001cc                isr_irq6
                0x100001cc                isr_irq5
                0x100001cc                isr_irq12
                0x100001cc                isr_irq22
                0x100001cc                isr_irq31
                0x100001cc                isr_irq17
                0x100001cc                isr_irq27
                0x100001cc                isr_irq30
                0x100001cc                isr_irq2
                0x100001cc                isr_irq10
                0x100001cc                isr_irq8
                0x100001cc                isr_irq24
                0x100001cc                isr_irq1
                0x100001cc                isr_irq7
                0x100001cc                isr_irq21
                0x100001cc                isr_irq20
                0x100001cc                isr_irq15
                0x100001cc                isr_irq25
                0x100001cc                isr_irq13
                0x100001cc                __unhandled_user_irq
                0x100001cc                isr_irq4
                0x100001cc                isr_irq16
                0x100001cc                isr_irq29
                0x100001cc                isr_irq26
                0x100001cc                __default_isrs_end
                0x100001cc                isr_irq3
                0x100001cc                isr_irq14
                0x100001cc                isr_irq9
                0x100001d2                unhandled_user_irq_num_in_r0
 *(.binary_info_header)
 .binary_info_header
                0x100001d4       0x14 CMakeFiles/car.dir/C_/Users/quan_/Desktop/School/CSC2003/pico-sdk/src/rp2_common/pico_standard_link/crt0.S.obj
                0x100001e8                __binary_info_header_end = .
 *(.reset)
 .reset         0x100001e8       0xa8 CMakeFiles/car.dir/C_/Users/quan_/Desktop/School/CSC2003/pico-sdk/src/rp2_common/pico_standard_link/crt0.S.obj
                0x100001e8                _entry_point
                0x10000266                __get_current_exception
 .reset         0x10000290       0x30 CMakeFiles/car.dir/C_/Users/quan_/Desktop/School/CSC2003/pico-sdk/src/rp2_common/pico_standard_link/binary_info.c.obj
 *(.init)
 .init          0x100002c0        0x4 c:/progra~2/gnuarm~1/102020~1/bin/../lib/gcc/arm-none-eabi/10.2.1/thumb/v6-m/nofp/crti.o
                0x100002c0                _init
 *(EXCLUDE_FILE(*libm.a: *libc.a:*lib_a-mem*.o *libgcc.a:) .text*)
 .text          0x100002c4       0x48 c:/progra~2/gnuarm~1/102020~1/bin/../lib/gcc/arm-none-eabi/10.2.1/thumb/v6-m/nofp/crtbegin.o
 .text.main     0x1000030c       0xf0 CMakeFiles/car.dir/car.c.obj
                0x1000030c                main
 .text.encoderAIRQ
                0x100003fc       0x38 CMakeFiles/car.dir/__/motor_control/zoomies.c.obj
                0x100003fc                encoderAIRQ
 .text.encoderBIRQ
                0x10000434       0x3c CMakeFiles/car.dir/__/motor_control/zoomies.c.obj
                0x10000434                encoderBIRQ
 .text.calcSpeed
                0x10000470       0x38 CMakeFiles/car.dir/__/motor_control/zoomies.c.obj
                0x10000470                calcSpeed
 .text.initEncoders
                0x100004a8       0x68 CMakeFiles/car.dir/__/motor_control/zoomies.c.obj
                0x100004a8                initEncoders
 .text.initPWM  0x10000510       0xa4 CMakeFiles/car.dir/__/motor_control/zoomies.c.obj
                0x10000510                initPWM
 .text.computeErrorA
                0x100005b4      0x154 CMakeFiles/car.dir/__/motor_control/zoomies.c.obj
                0x100005b4                computeErrorA
 .text.computeErrorB
                0x10000708      0x150 CMakeFiles/car.dir/__/motor_control/zoomies.c.obj
                0x10000708                computeErrorB
 .text.computeError
                0x10000858        0xc CMakeFiles/car.dir/__/motor_control/zoomies.c.obj
                0x10000858                computeError
 .text.initWheels
                0x10000864       0x38 CMakeFiles/car.dir/__/motor_control/zoomies.c.obj
                0x10000864                initWheels
 .text.initializeSensorValues
                0x1000089c       0x58 CMakeFiles/car.dir/__/ultrasonic_accelerometer/ultrasonic/ultrasonic.c.obj
                0x1000089c                initializeSensorValues
 .text.setupUltrasonicPins
                0x100008f4       0x5c CMakeFiles/car.dir/__/ultrasonic_accelerometer/ultrasonic/ultrasonic.c.obj
                0x100008f4                setupUltrasonicPins
 .text.Smoothing
                0x10000950       0x64 CMakeFiles/car.dir/__/ultrasonic_accelerometer/ultrasonic/ultrasonic.c.obj
                0x10000950                Smoothing
 .text.setTriggerPinHigh
                0x100009b4        0xc CMakeFiles/car.dir/__/ultrasonic_accelerometer/ultrasonic/ultrasonic.c.obj
                0x100009b4                setTriggerPinHigh
 .text.setTriggerPinLow
                0x100009c0        0xc CMakeFiles/car.dir/__/ultrasonic_accelerometer/ultrasonic/ultrasonic.c.obj
                0x100009c0                setTriggerPinLow
 .text.triggerAlarm_callback
                0x100009cc       0x38 CMakeFiles/car.dir/__/ultrasonic_accelerometer/ultrasonic/ultrasonic.c.obj
                0x100009cc                triggerAlarm_callback
 .text.setEchoPinLow
                0x10000a04        0xc CMakeFiles/car.dir/__/ultrasonic_accelerometer/ultrasonic/ultrasonic.c.obj
                0x10000a04                setEchoPinLow
 .text.EchoMaxAlarm_callback_center
                0x10000a10       0x40 CMakeFiles/car.dir/__/ultrasonic_accelerometer/ultrasonic/ultrasonic.c.obj
                0x10000a10                EchoMaxAlarm_callback_center
 .text.EchoMaxAlarm_callback_left
                0x10000a50       0x40 CMakeFiles/car.dir/__/ultrasonic_accelerometer/ultrasonic/ultrasonic.c.obj
                0x10000a50                EchoMaxAlarm_callback_left
 .text.EchoMaxAlarm_callback_right
                0x10000a90       0x40 CMakeFiles/car.dir/__/ultrasonic_accelerometer/ultrasonic/ultrasonic.c.obj
                0x10000a90                EchoMaxAlarm_callback_right
 .text.getDistance
                0x10000ad0       0x14 CMakeFiles/car.dir/__/ultrasonic_accelerometer/ultrasonic/ultrasonic.c.obj
                0x10000ad0                getDistance
 .text.echoUltraSonic_callback_center
                0x10000ae4      0x13c CMakeFiles/car.dir/__/ultrasonic_accelerometer/ultrasonic/ultrasonic.c.obj
                0x10000ae4                echoUltraSonic_callback_center
 .text.echoUltraSonic_callback_left
                0x10000c20      0x13c CMakeFiles/car.dir/__/ultrasonic_accelerometer/ultrasonic/ultrasonic.c.obj
                0x10000c20                echoUltraSonic_callback_left
 .text.echoUltraSonic_callback_right
                0x10000d5c      0x13c CMakeFiles/car.dir/__/ultrasonic_accelerometer/ultrasonic/ultrasonic.c.obj
                0x10000d5c                echoUltraSonic_callback_right
 .text.triggerUltraSonic_callback
                0x10000e98       0x94 CMakeFiles/car.dir/__/ultrasonic_accelerometer/ultrasonic/ultrasonic.c.obj
                0x10000e98                triggerUltraSonic_callback
 .text.gpio_set_function
                0x10000f2c       0x30 CMakeFiles/car.dir/C_/Users/quan_/Desktop/School/CSC2003/pico-sdk/src/rp2_common/hardware_gpio/gpio.c.obj
                0x10000f2c                gpio_set_function
 .text.gpio_add_raw_irq_handler_with_order_priority_masked
                0x10000f5c       0x40 CMakeFiles/car.dir/C_/Users/quan_/Desktop/School/CSC2003/pico-sdk/src/rp2_common/hardware_gpio/gpio.c.obj
                0x10000f5c                gpio_add_raw_irq_handler_with_order_priority_masked
 .text.gpio_add_raw_irq_handler_masked
                0x10000f9c        0xa CMakeFiles/car.dir/C_/Users/quan_/Desktop/School/CSC2003/pico-sdk/src/rp2_common/hardware_gpio/gpio.c.obj
                0x10000f9c                gpio_add_raw_irq_handler_masked
 *fill*         0x10000fa6        0x2 
 .text.gpio_acknowledge_irq
                0x10000fa8       0x18 CMakeFiles/car.dir/C_/Users/quan_/Desktop/School/CSC2003/pico-sdk/src/rp2_common/hardware_gpio/gpio.c.obj
                0x10000fa8                gpio_acknowledge_irq
 .text._gpio_set_irq_enabled
                0x10000fc0       0x34 CMakeFiles/car.dir/C_/Users/quan_/Desktop/School/CSC2003/pico-sdk/src/rp2_common/hardware_gpio/gpio.c.obj
 .text.gpio_set_irq_enabled
                0x10000ff4       0x20 CMakeFiles/car.dir/C_/Users/quan_/Desktop/School/CSC2003/pico-sdk/src/rp2_common/hardware_gpio/gpio.c.obj
                0x10000ff4                gpio_set_irq_enabled
 .text.gpio_init
                0x10001014       0x16 CMakeFiles/car.dir/C_/Users/quan_/Desktop/School/CSC2003/pico-sdk/src/rp2_common/hardware_gpio/gpio.c.obj
                0x10001014                gpio_init
 *fill*         0x1000102a        0x2 
 .text.hw_claim_lock
                0x1000102c       0x18 CMakeFiles/car.dir/C_/Users/quan_/Desktop/School/CSC2003/pico-sdk/src/rp2_common/hardware_claim/claim.c.obj
                0x1000102c                hw_claim_lock
 .text.hw_claim_unlock
                0x10001044       0x14 CMakeFiles/car.dir/C_/Users/quan_/Desktop/School/CSC2003/pico-sdk/src/rp2_common/hardware_claim/claim.c.obj
                0x10001044                hw_claim_unlock
 .text.hw_claim_or_assert
                0x10001058       0x32 CMakeFiles/car.dir/C_/Users/quan_/Desktop/School/CSC2003/pico-sdk/src/rp2_common/hardware_claim/claim.c.obj
                0x10001058                hw_claim_or_assert
 .text.hw_claim_unused_from_range
                0x1000108a       0x50 CMakeFiles/car.dir/C_/Users/quan_/Desktop/School/CSC2003/pico-sdk/src/rp2_common/hardware_claim/claim.c.obj
                0x1000108a                hw_claim_unused_from_range
 *fill*         0x100010da        0x2 
 .text.running_on_fpga
                0x100010dc       0x14 CMakeFiles/car.dir/C_/Users/quan_/Desktop/School/CSC2003/pico-sdk/src/rp2_common/pico_platform/platform.c.obj
                0x100010dc                running_on_fpga
 .text.spin_locks_reset
                0x100010f0       0x20 CMakeFiles/car.dir/C_/Users/quan_/Desktop/School/CSC2003/pico-sdk/src/rp2_common/hardware_sync/sync.c.obj
                0x100010f0                spin_locks_reset
 .text.next_striped_spin_lock_num
                0x10001110       0x1c CMakeFiles/car.dir/C_/Users/quan_/Desktop/School/CSC2003/pico-sdk/src/rp2_common/hardware_sync/sync.c.obj
                0x10001110                next_striped_spin_lock_num
 .text.spin_lock_claim_unused
                0x1000112c       0x20 CMakeFiles/car.dir/C_/Users/quan_/Desktop/School/CSC2003/pico-sdk/src/rp2_common/hardware_sync/sync.c.obj
                0x1000112c                spin_lock_claim_unused
 .text.set_raw_irq_handler_and_unlock
                0x1000114c       0x28 CMakeFiles/car.dir/C_/Users/quan_/Desktop/School/CSC2003/pico-sdk/src/rp2_common/hardware_irq/irq.c.obj
 .text.make_branch
                0x10001174       0x48 CMakeFiles/car.dir/C_/Users/quan_/Desktop/School/CSC2003/pico-sdk/src/rp2_common/hardware_irq/irq.c.obj
 .text.insert_branch_and_link
                0x100011bc       0x40 CMakeFiles/car.dir/C_/Users/quan_/Desktop/School/CSC2003/pico-sdk/src/rp2_common/hardware_irq/irq.c.obj
 .text.irq_is_enabled
                0x100011fc       0x18 CMakeFiles/car.dir/C_/Users/quan_/Desktop/School/CSC2003/pico-sdk/src/rp2_common/hardware_irq/irq.c.obj
                0x100011fc                irq_is_enabled
 .text.irq_set_mask_enabled
                0x10001214       0x20 CMakeFiles/car.dir/C_/Users/quan_/Desktop/School/CSC2003/pico-sdk/src/rp2_common/hardware_irq/irq.c.obj
                0x10001214                irq_set_mask_enabled
 .text.irq_set_enabled
                0x10001234        0xe CMakeFiles/car.dir/C_/Users/quan_/Desktop/School/CSC2003/pico-sdk/src/rp2_common/hardware_irq/irq.c.obj
                0x10001234                irq_set_enabled
 *fill*         0x10001242        0x2 
 .text.irq_set_pending
                0x10001244       0x10 CMakeFiles/car.dir/C_/Users/quan_/Desktop/School/CSC2003/pico-sdk/src/rp2_common/hardware_irq/irq.c.obj
                0x10001244                irq_set_pending
 .text.irq_get_vtable_handler
                0x10001254       0x10 CMakeFiles/car.dir/C_/Users/quan_/Desktop/School/CSC2003/pico-sdk/src/rp2_common/hardware_irq/irq.c.obj
                0x10001254                irq_get_vtable_handler
 .text.irq_has_shared_handler
                0x10001264       0x24 CMakeFiles/car.dir/C_/Users/quan_/Desktop/School/CSC2003/pico-sdk/src/rp2_common/hardware_irq/irq.c.obj
                0x10001264                irq_has_shared_handler
 .text.irq_set_exclusive_handler
                0x10001288       0x54 CMakeFiles/car.dir/C_/Users/quan_/Desktop/School/CSC2003/pico-sdk/src/rp2_common/hardware_irq/irq.c.obj
                0x10001288                irq_set_exclusive_handler
 .text.irq_add_shared_handler
                0x100012dc      0x230 CMakeFiles/car.dir/C_/Users/quan_/Desktop/School/CSC2003/pico-sdk/src/rp2_common/hardware_irq/irq.c.obj
                0x100012dc                irq_add_shared_handler
 .text.irq_remove_handler
                0x1000150c      0x1a8 CMakeFiles/car.dir/C_/Users/quan_/Desktop/School/CSC2003/pico-sdk/src/rp2_common/hardware_irq/irq.c.obj
                0x1000150c                irq_remove_handler
 .text.irq_add_tail_to_free_list
                0x100016b4       0xf0 CMakeFiles/car.dir/C_/Users/quan_/Desktop/School/CSC2003/pico-sdk/src/rp2_common/hardware_irq/irq.c.obj
                0x100016b4                irq_add_tail_to_free_list
 .text.irq_init_priorities
                0x100017a4       0x1c CMakeFiles/car.dir/C_/Users/quan_/Desktop/School/CSC2003/pico-sdk/src/rp2_common/hardware_irq/irq.c.obj
                0x100017a4                irq_init_priorities
 .text.user_irq_claim_unused
                0x100017c0       0x30 CMakeFiles/car.dir/C_/Users/quan_/Desktop/School/CSC2003/pico-sdk/src/rp2_common/hardware_irq/irq.c.obj
                0x100017c0                user_irq_claim_unused
 .text.lock_init
                0x100017f0       0x10 CMakeFiles/car.dir/C_/Users/quan_/Desktop/School/CSC2003/pico-sdk/src/common/pico_sync/lock_core.c.obj
                0x100017f0                lock_init
 .text.repeating_timer_callback
                0x10001800       0x40 CMakeFiles/car.dir/C_/Users/quan_/Desktop/School/CSC2003/pico-sdk/src/common/pico_time/time.c.obj
 .text.alarm_pool_post_alloc_init
                0x10001840       0x40 CMakeFiles/car.dir/C_/Users/quan_/Desktop/School/CSC2003/pico-sdk/src/common/pico_time/time.c.obj
 .text.sleep_until_callback
                0x10001880       0x30 CMakeFiles/car.dir/C_/Users/quan_/Desktop/School/CSC2003/pico-sdk/src/common/pico_time/time.c.obj
 .text.timer_pool_entry_comparator
                0x100018b0       0x7c CMakeFiles/car.dir/C_/Users/quan_/Desktop/School/CSC2003/pico-sdk/src/common/pico_time/time.c.obj
                0x100018b0                timer_pool_entry_comparator
 .text.ph_add_child_node
                0x1000192c       0xa4 CMakeFiles/car.dir/C_/Users/quan_/Desktop/School/CSC2003/pico-sdk/src/common/pico_time/time.c.obj
 .text.ph_merge_nodes
                0x100019d0       0x3e CMakeFiles/car.dir/C_/Users/quan_/Desktop/School/CSC2003/pico-sdk/src/common/pico_time/time.c.obj
 *fill*         0x10001a0e        0x2 
 .text.add_alarm_under_lock
                0x10001a10      0x174 CMakeFiles/car.dir/C_/Users/quan_/Desktop/School/CSC2003/pico-sdk/src/common/pico_time/time.c.obj
 .text.alarm_pool_alarm_callback
                0x10001b84      0x328 CMakeFiles/car.dir/C_/Users/quan_/Desktop/School/CSC2003/pico-sdk/src/common/pico_time/time.c.obj
 .text.alarm_pool_init_default
                0x10001eac       0x38 CMakeFiles/car.dir/C_/Users/quan_/Desktop/School/CSC2003/pico-sdk/src/common/pico_time/time.c.obj
                0x10001eac                alarm_pool_init_default
 .text.alarm_pool_get_default
                0x10001ee4       0x2c CMakeFiles/car.dir/C_/Users/quan_/Desktop/School/CSC2003/pico-sdk/src/common/pico_time/time.c.obj
                0x10001ee4                alarm_pool_get_default
 .text.alarm_pool_add_alarm_at
                0x10001f10      0x170 CMakeFiles/car.dir/C_/Users/quan_/Desktop/School/CSC2003/pico-sdk/src/common/pico_time/time.c.obj
                0x10001f10                alarm_pool_add_alarm_at
 .text.alarm_pool_cancel_alarm
                0x10002080       0xf0 CMakeFiles/car.dir/C_/Users/quan_/Desktop/School/CSC2003/pico-sdk/src/common/pico_time/time.c.obj
                0x10002080                alarm_pool_cancel_alarm
 .text.alarm_pool_add_repeating_timer_us
                0x10002170       0x9c CMakeFiles/car.dir/C_/Users/quan_/Desktop/School/CSC2003/pico-sdk/src/common/pico_time/time.c.obj
                0x10002170                alarm_pool_add_repeating_timer_us
 .text.sleep_until
                0x1000220c       0xfc CMakeFiles/car.dir/C_/Users/quan_/Desktop/School/CSC2003/pico-sdk/src/common/pico_time/time.c.obj
                0x1000220c                sleep_until
 .text.sleep_us
                0x10002308       0x58 CMakeFiles/car.dir/C_/Users/quan_/Desktop/School/CSC2003/pico-sdk/src/common/pico_time/time.c.obj
                0x10002308                sleep_us
 .text.sleep_ms
                0x10002360       0x14 CMakeFiles/car.dir/C_/Users/quan_/Desktop/School/CSC2003/pico-sdk/src/common/pico_time/time.c.obj
                0x10002360                sleep_ms
 .text.best_effort_wfe_or_timeout
                0x10002374       0x80 CMakeFiles/car.dir/C_/Users/quan_/Desktop/School/CSC2003/pico-sdk/src/common/pico_time/time.c.obj
                0x10002374                best_effort_wfe_or_timeout
 .text.hardware_alarm_irq_handler
                0x100023f4       0x8c CMakeFiles/car.dir/C_/Users/quan_/Desktop/School/CSC2003/pico-sdk/src/rp2_common/hardware_timer/timer.c.obj
 .text.hardware_alarm_claim
                0x10002480       0x18 CMakeFiles/car.dir/C_/Users/quan_/Desktop/School/CSC2003/pico-sdk/src/rp2_common/hardware_timer/timer.c.obj
                0x10002480                hardware_alarm_claim
 .text.time_us_64
                0x10002498       0x18 CMakeFiles/car.dir/C_/Users/quan_/Desktop/School/CSC2003/pico-sdk/src/rp2_common/hardware_timer/timer.c.obj
                0x10002498                time_us_64
 .text.busy_wait_until
                0x100024b0       0x28 CMakeFiles/car.dir/C_/Users/quan_/Desktop/School/CSC2003/pico-sdk/src/rp2_common/hardware_timer/timer.c.obj
                0x100024b0                busy_wait_until
 .text.hardware_alarm_set_callback
                0x100024d8       0x90 CMakeFiles/car.dir/C_/Users/quan_/Desktop/School/CSC2003/pico-sdk/src/rp2_common/hardware_timer/timer.c.obj
                0x100024d8                hardware_alarm_set_callback
 .text.hardware_alarm_set_target
                0x10002568       0xe8 CMakeFiles/car.dir/C_/Users/quan_/Desktop/School/CSC2003/pico-sdk/src/rp2_common/hardware_timer/timer.c.obj
                0x10002568                hardware_alarm_set_target
 .text.hardware_alarm_cancel
                0x10002650       0x40 CMakeFiles/car.dir/C_/Users/quan_/Desktop/School/CSC2003/pico-sdk/src/rp2_common/hardware_timer/timer.c.obj
                0x10002650                hardware_alarm_cancel
 .text.ph_add_child_node
                0x10002690       0xa4 CMakeFiles/car.dir/C_/Users/quan_/Desktop/School/CSC2003/pico-sdk/src/common/pico_util/pheap.c.obj
 .text.ph_merge_nodes
                0x10002734       0x3e CMakeFiles/car.dir/C_/Users/quan_/Desktop/School/CSC2003/pico-sdk/src/common/pico_util/pheap.c.obj
 *fill*         0x10002772        0x2 
 .text.ph_clear
                0x10002774       0x70 CMakeFiles/car.dir/C_/Users/quan_/Desktop/School/CSC2003/pico-sdk/src/common/pico_util/pheap.c.obj
                0x10002774                ph_clear
 .text.ph_post_alloc_init
                0x100027e4        0xe CMakeFiles/car.dir/C_/Users/quan_/Desktop/School/CSC2003/pico-sdk/src/common/pico_util/pheap.c.obj
                0x100027e4                ph_post_alloc_init
 *fill*         0x100027f2        0x2 
 .text.ph_merge_two_pass
                0x100027f4       0xa8 CMakeFiles/car.dir/C_/Users/quan_/Desktop/School/CSC2003/pico-sdk/src/common/pico_util/pheap.c.obj
                0x100027f4                ph_merge_two_pass
 .text.ph_remove_any_head
                0x1000289c      0x108 CMakeFiles/car.dir/C_/Users/quan_/Desktop/School/CSC2003/pico-sdk/src/common/pico_util/pheap.c.obj
 .text.ph_remove_head
                0x100029a4       0x14 CMakeFiles/car.dir/C_/Users/quan_/Desktop/School/CSC2003/pico-sdk/src/common/pico_util/pheap.c.obj
                0x100029a4                ph_remove_head
 .text.ph_remove_and_free_node
                0x100029b8       0xf8 CMakeFiles/car.dir/C_/Users/quan_/Desktop/School/CSC2003/pico-sdk/src/common/pico_util/pheap.c.obj
                0x100029b8                ph_remove_and_free_node
 .text.mutex_init
                0x10002ab0       0x1a CMakeFiles/car.dir/C_/Users/quan_/Desktop/School/CSC2003/pico-sdk/src/common/pico_sync/mutex.c.obj
                0x10002ab0                mutex_init
 .text.recursive_mutex_init
                0x10002aca       0x1e CMakeFiles/car.dir/C_/Users/quan_/Desktop/School/CSC2003/pico-sdk/src/common/pico_sync/mutex.c.obj
                0x10002aca                recursive_mutex_init
 .text.critical_section_init_with_lock_num
                0x10002ae8       0x14 CMakeFiles/car.dir/C_/Users/quan_/Desktop/School/CSC2003/pico-sdk/src/common/pico_sync/critical_section.c.obj
                0x10002ae8                critical_section_init_with_lock_num
 .text.critical_section_init
                0x10002afc       0x14 CMakeFiles/car.dir/C_/Users/quan_/Desktop/School/CSC2003/pico-sdk/src/common/pico_sync/critical_section.c.obj
                0x10002afc                critical_section_init
 .text.uart_set_baudrate
                0x10002b10       0x5c CMakeFiles/car.dir/C_/Users/quan_/Desktop/School/CSC2003/pico-sdk/src/rp2_common/hardware_uart/uart.c.obj
                0x10002b10                uart_set_baudrate
 .text.uart_set_translate_crlf
                0x10002b6c       0x28 CMakeFiles/car.dir/C_/Users/quan_/Desktop/School/CSC2003/pico-sdk/src/rp2_common/hardware_uart/uart.c.obj
                0x10002b6c                uart_set_translate_crlf
 .text.uart_init
                0x10002b94       0x80 CMakeFiles/car.dir/C_/Users/quan_/Desktop/School/CSC2003/pico-sdk/src/rp2_common/hardware_uart/uart.c.obj
                0x10002b94                uart_init
 .text._exit    0x10002c14        0x4 CMakeFiles/car.dir/C_/Users/quan_/Desktop/School/CSC2003/pico-sdk/src/rp2_common/pico_runtime/runtime.c.obj
                0x10002c14                _exit
 .text.exit     0x10002c18        0x6 CMakeFiles/car.dir/C_/Users/quan_/Desktop/School/CSC2003/pico-sdk/src/rp2_common/pico_runtime/runtime.c.obj
                0x10002c18                exit
 *fill*         0x10002c1e        0x2 
 .text.__assert_func
                0x10002c20       0x3c CMakeFiles/car.dir/C_/Users/quan_/Desktop/School/CSC2003/pico-sdk/src/rp2_common/pico_runtime/runtime.c.obj
                0x10002c20                __assert_func
 .text.runtime_init
                0x10002c5c       0xf8 CMakeFiles/car.dir/C_/Users/quan_/Desktop/School/CSC2003/pico-sdk/src/rp2_common/pico_runtime/runtime.c.obj
                0x10002c5c                runtime_init
 .text.panic    0x10002d54       0x30 CMakeFiles/car.dir/C_/Users/quan_/Desktop/School/CSC2003/pico-sdk/src/rp2_common/pico_runtime/runtime.c.obj
                0x10002d54                panic
 .text.clock_configure
                0x10002d84      0x104 CMakeFiles/car.dir/C_/Users/quan_/Desktop/School/CSC2003/pico-sdk/src/rp2_common/hardware_clocks/clocks.c.obj
                0x10002d84                clock_configure
 .text.clocks_init
                0x10002e88      0x100 CMakeFiles/car.dir/C_/Users/quan_/Desktop/School/CSC2003/pico-sdk/src/rp2_common/hardware_clocks/clocks.c.obj
                0x10002e88                clocks_init
 .text.clock_get_hz
                0x10002f88        0xc CMakeFiles/car.dir/C_/Users/quan_/Desktop/School/CSC2003/pico-sdk/src/rp2_common/hardware_clocks/clocks.c.obj
                0x10002f88                clock_get_hz
 .text.pll_init
                0x10002f94      0x140 CMakeFiles/car.dir/C_/Users/quan_/Desktop/School/CSC2003/pico-sdk/src/rp2_common/hardware_pll/pll.c.obj
                0x10002f94                pll_init
 .text.watchdog_start_tick
                0x100030d4       0x10 CMakeFiles/car.dir/C_/Users/quan_/Desktop/School/CSC2003/pico-sdk/src/rp2_common/hardware_watchdog/watchdog.c.obj
                0x100030d4                watchdog_start_tick
 .text.watchdog_update
                0x100030e4       0x14 CMakeFiles/car.dir/C_/Users/quan_/Desktop/School/CSC2003/pico-sdk/src/rp2_common/hardware_watchdog/watchdog.c.obj
                0x100030e4                watchdog_update
 .text._watchdog_enable
                0x100030f8       0x78 CMakeFiles/car.dir/C_/Users/quan_/Desktop/School/CSC2003/pico-sdk/src/rp2_common/hardware_watchdog/watchdog.c.obj
                0x100030f8                _watchdog_enable
 .text.watchdog_reboot
                0x10003170       0x48 CMakeFiles/car.dir/C_/Users/quan_/Desktop/School/CSC2003/pico-sdk/src/rp2_common/hardware_watchdog/watchdog.c.obj
                0x10003170                watchdog_reboot
 .text.xosc_init
                0x100031b8       0x28 CMakeFiles/car.dir/C_/Users/quan_/Desktop/School/CSC2003/pico-sdk/src/rp2_common/hardware_xosc/xosc.c.obj
                0x100031b8                xosc_init
 .text._out_null
                0x100031e0        0x2 CMakeFiles/car.dir/C_/Users/quan_/Desktop/School/CSC2003/pico-sdk/src/rp2_common/pico_printf/printf.c.obj
 .text._out_fct
                0x100031e2        0xe CMakeFiles/car.dir/C_/Users/quan_/Desktop/School/CSC2003/pico-sdk/src/rp2_common/pico_printf/printf.c.obj
 .text._atoi    0x100031f0       0x24 CMakeFiles/car.dir/C_/Users/quan_/Desktop/School/CSC2003/pico-sdk/src/rp2_common/pico_printf/printf.c.obj
 .text._out_rev
                0x10003214       0xae CMakeFiles/car.dir/C_/Users/quan_/Desktop/School/CSC2003/pico-sdk/src/rp2_common/pico_printf/printf.c.obj
 .text._ntoa_format
                0x100032c2      0x112 CMakeFiles/car.dir/C_/Users/quan_/Desktop/School/CSC2003/pico-sdk/src/rp2_common/pico_printf/printf.c.obj
 .text._ntoa_long
                0x100033d4       0xbc CMakeFiles/car.dir/C_/Users/quan_/Desktop/School/CSC2003/pico-sdk/src/rp2_common/pico_printf/printf.c.obj
 .text._ntoa_long_long
                0x10003490       0xe2 CMakeFiles/car.dir/C_/Users/quan_/Desktop/School/CSC2003/pico-sdk/src/rp2_common/pico_printf/printf.c.obj
 *fill*         0x10003572        0x2 
 .text._etoa    0x10003574      0x414 CMakeFiles/car.dir/C_/Users/quan_/Desktop/School/CSC2003/pico-sdk/src/rp2_common/pico_printf/printf.c.obj
 .text._ftoa    0x10003988      0x354 CMakeFiles/car.dir/C_/Users/quan_/Desktop/School/CSC2003/pico-sdk/src/rp2_common/pico_printf/printf.c.obj
 .text._vsnprintf
                0x10003cdc      0x624 CMakeFiles/car.dir/C_/Users/quan_/Desktop/School/CSC2003/pico-sdk/src/rp2_common/pico_printf/printf.c.obj
 .text.vfctprintf
                0x10004300       0x20 CMakeFiles/car.dir/C_/Users/quan_/Desktop/School/CSC2003/pico-sdk/src/rp2_common/pico_printf/printf.c.obj
                0x10004300                vfctprintf
 .text          0x10004320       0x10 CMakeFiles/car.dir/C_/Users/quan_/Desktop/School/CSC2003/pico-sdk/src/rp2_common/pico_bit_ops/bit_ops_aeabi.S.obj
 .text.rom_func_lookup
                0x10004330       0x10 CMakeFiles/car.dir/C_/Users/quan_/Desktop/School/CSC2003/pico-sdk/src/rp2_common/pico_bootrom/bootrom.c.obj
                0x10004330                rom_func_lookup
 .text.rom_data_lookup
                0x10004340       0x10 CMakeFiles/car.dir/C_/Users/quan_/Desktop/School/CSC2003/pico-sdk/src/rp2_common/pico_bootrom/bootrom.c.obj
                0x10004340                rom_data_lookup
 .text.rom_funcs_lookup
                0x10004350       0x36 CMakeFiles/car.dir/C_/Users/quan_/Desktop/School/CSC2003/pico-sdk/src/rp2_common/pico_bootrom/bootrom.c.obj
                0x10004350                rom_funcs_lookup
 *fill*         0x10004386        0x2 
 .text.__wrap___aeabi_idiv
                0x10004388       0x50 CMakeFiles/car.dir/C_/Users/quan_/Desktop/School/CSC2003/pico-sdk/src/rp2_common/pico_divider/divider.S.obj
                0x10004388                __wrap___aeabi_idivmod
                0x10004388                divmod_s32s32
                0x10004388                div_s32s32
                0x10004388                __wrap___aeabi_idiv
                0x10004390                divmod_s32s32_unsafe
                0x100043bc                divmod_s32s32_savestate
 .text.__wrap___aeabi_uidiv
                0x100043d8       0x4c CMakeFiles/car.dir/C_/Users/quan_/Desktop/School/CSC2003/pico-sdk/src/rp2_common/pico_divider/divider.S.obj
                0x100043d8                __wrap___aeabi_uidiv
                0x100043d8                __wrap___aeabi_uidivmod
                0x100043d8                div_u32u32
                0x100043d8                divmod_u32u32
                0x100043e0                divmod_u32u32_unsafe
                0x10004408                divmod_u32u32_savestate
 .text.__wrap___aeabi_ldiv
                0x10004424      0x434 CMakeFiles/car.dir/C_/Users/quan_/Desktop/School/CSC2003/pico-sdk/src/rp2_common/pico_divider/divider.S.obj
                0x10004424                div_s64s64
                0x10004424                divmod_s64s64
                0x10004424                __wrap___aeabi_ldivmod
                0x1000445c                divmod_u64u64
                0x1000445c                div_u64u64
                0x1000445c                __wrap___aeabi_uldivmod
                0x1000446c                divmod_u64u64_savestate
                0x10004494                divmod_s64s64_unsafe
                0x1000451c                divmod_u64u64_unsafe
 .text.__wrap___aeabi_darithmetic
                0x10004858       0x80 CMakeFiles/car.dir/C_/Users/quan_/Desktop/School/CSC2003/pico-sdk/src/rp2_common/pico_double/double_aeabi.S.obj
                0x10004858                __wrap___aeabi_drsub
                0x1000485e                __wrap___aeabi_dsub
                0x10004870                __wrap___aeabi_dadd
                0x10004882                __wrap___aeabi_ddiv
                0x100048be                __wrap___aeabi_dmul
 .text.__wrap___aeabi_cdcmple
                0x100048d8       0x6c CMakeFiles/car.dir/C_/Users/quan_/Desktop/School/CSC2003/pico-sdk/src/rp2_common/pico_double/double_aeabi.S.obj
                0x100048d8                __wrap___aeabi_cdrcmple
                0x100048e8                __wrap___aeabi_cdcmpeq
                0x100048e8                __wrap___aeabi_cdcmple
 .text.__wrap___aeabi_dcmplt
                0x10004944        0xc CMakeFiles/car.dir/C_/Users/quan_/Desktop/School/CSC2003/pico-sdk/src/rp2_common/pico_double/double_aeabi.S.obj
                0x10004944                __wrap___aeabi_dcmplt
 .text.__wrap___aeabi_dcmple
                0x10004950       0x10 CMakeFiles/car.dir/C_/Users/quan_/Desktop/School/CSC2003/pico-sdk/src/rp2_common/pico_double/double_aeabi.S.obj
                0x10004950                __wrap___aeabi_dcmple
 .text.__wrap___aeabi_dcmpge
                0x10004960       0x10 CMakeFiles/car.dir/C_/Users/quan_/Desktop/School/CSC2003/pico-sdk/src/rp2_common/pico_double/double_aeabi.S.obj
                0x10004960                __wrap___aeabi_dcmpge
 .text.__wrap___aeabi_dcmpgt
                0x10004970        0xa CMakeFiles/car.dir/C_/Users/quan_/Desktop/School/CSC2003/pico-sdk/src/rp2_common/pico_double/double_aeabi.S.obj
                0x10004970                __wrap___aeabi_dcmpgt
 .text.__wrap___aeabi_dcmpun
                0x1000497a       0x1c CMakeFiles/car.dir/C_/Users/quan_/Desktop/School/CSC2003/pico-sdk/src/rp2_common/pico_double/double_aeabi.S.obj
                0x1000497a                __wrap___aeabi_dcmpun
 *fill*         0x10004996        0x2 
 .text.__wrap___aeabi_i2d
                0x10004998       0x38 CMakeFiles/car.dir/C_/Users/quan_/Desktop/School/CSC2003/pico-sdk/src/rp2_common/pico_double/double_aeabi.S.obj
                0x10004998                __wrap___aeabi_ui2d
                0x100049a0                __wrap___aeabi_i2d
 .text.__wrap___aeabi_d2iz
                0x100049d0       0x48 CMakeFiles/car.dir/C_/Users/quan_/Desktop/School/CSC2003/pico-sdk/src/rp2_common/pico_double/double_aeabi.S.obj
                0x100049d0                double2int_z
                0x100049d0                __wrap___aeabi_d2iz
 .text.__wrap___aeabi_d2uiz
                0x10004a18       0x18 CMakeFiles/car.dir/C_/Users/quan_/Desktop/School/CSC2003/pico-sdk/src/rp2_common/pico_double/double_aeabi.S.obj
                0x10004a18                __wrap___aeabi_d2uiz
                0x10004a18                double2uint
 .text.__aeabi_double_init
                0x10004a30       0xc8 CMakeFiles/car.dir/C_/Users/quan_/Desktop/School/CSC2003/pico-sdk/src/rp2_common/pico_double/double_init_rom.c.obj
                0x10004a30                __aeabi_double_init
 .text.double_table_shim_on_use_helper
                0x10004af8       0x34 CMakeFiles/car.dir/C_/Users/quan_/Desktop/School/CSC2003/pico-sdk/src/rp2_common/pico_double/double_v1_rom_shim.S.obj
                0x10004af8                double_table_shim_on_use_helper
 .text.__wrap___aeabi_dsub
                0x10004b2c       0x10 CMakeFiles/car.dir/C_/Users/quan_/Desktop/School/CSC2003/pico-sdk/src/rp2_common/pico_double/double_v1_rom_shim.S.obj
                0x10004b2c                drsub_shim
                0x10004b32                dsub_shim
 .text.dadd_shim
                0x10004b3c      0x15c CMakeFiles/car.dir/C_/Users/quan_/Desktop/School/CSC2003/pico-sdk/src/rp2_common/pico_double/double_v1_rom_shim.S.obj
                0x10004b3c                dadd_shim
 .text.dmul_shim
                0x10004c98      0x15c CMakeFiles/car.dir/C_/Users/quan_/Desktop/School/CSC2003/pico-sdk/src/rp2_common/pico_double/double_v1_rom_shim.S.obj
                0x10004c98                dmul_shim
 .text.ddiv_shim
                0x10004df4      0x1b0 CMakeFiles/car.dir/C_/Users/quan_/Desktop/School/CSC2003/pico-sdk/src/rp2_common/pico_double/double_v1_rom_shim.S.obj
                0x10004df4                ddiv_shim
 .text.double2uint_shim
                0x10004fa4        0xe CMakeFiles/car.dir/C_/Users/quan_/Desktop/School/CSC2003/pico-sdk/src/rp2_common/pico_double/double_v1_rom_shim.S.obj
                0x10004fa4                double2uint_shim
                0x10004fa6                double2ufix_shim
 *fill*         0x10004fb2        0x2 
 .text.double2uint64_shim
                0x10004fb4       0x70 CMakeFiles/car.dir/C_/Users/quan_/Desktop/School/CSC2003/pico-sdk/src/rp2_common/pico_double/double_v1_rom_shim.S.obj
                0x10004fb4                double2uint64_shim
                0x10004fb6                double2ufix64_shim
                0x10004fd6                d2fix_a
 .text.dunpacks
                0x10005024       0x3c CMakeFiles/car.dir/C_/Users/quan_/Desktop/School/CSC2003/pico-sdk/src/rp2_common/pico_double/double_v1_rom_shim.S.obj
                0x10005024                dunpacks
 .text.__aeabi_lmul
                0x10005060       0x32 CMakeFiles/car.dir/C_/Users/quan_/Desktop/School/CSC2003/pico-sdk/src/rp2_common/pico_int64_ops/pico_int64_ops_aeabi.S.obj
                0x10005060                __wrap___aeabi_lmul
 *fill*         0x10005092        0x2 
 .text.__wrap___aeabi_farithmetic
                0x10005094       0x58 CMakeFiles/car.dir/C_/Users/quan_/Desktop/School/CSC2003/pico-sdk/src/rp2_common/pico_float/float_aeabi.S.obj
                0x10005094                __wrap___aeabi_frsub
                0x1000509a                __wrap___aeabi_fsub
                0x100050a4                __wrap___aeabi_fadd
                0x100050ae                __wrap___aeabi_fdiv
                0x100050da                __wrap___aeabi_fmul
 .text.__wrap___aeabi_i2f
                0x100050ec       0x44 CMakeFiles/car.dir/C_/Users/quan_/Desktop/School/CSC2003/pico-sdk/src/rp2_common/pico_float/float_aeabi.S.obj
                0x100050ec                __wrap___aeabi_i2f
 .text.__wrap___aeabi_f2iz
                0x10005130       0x4e CMakeFiles/car.dir/C_/Users/quan_/Desktop/School/CSC2003/pico-sdk/src/rp2_common/pico_float/float_aeabi.S.obj
                0x10005130                float2int_z
                0x10005130                __wrap___aeabi_f2iz
 *fill*         0x1000517e        0x2 
 .text.float2int
                0x10005180       0x14 CMakeFiles/car.dir/C_/Users/quan_/Desktop/School/CSC2003/pico-sdk/src/rp2_common/pico_float/float_aeabi.S.obj
                0x10005180                float2int
 .text.__wrap___aeabi_f2uiz
                0x10005194       0x10 CMakeFiles/car.dir/C_/Users/quan_/Desktop/School/CSC2003/pico-sdk/src/rp2_common/pico_float/float_aeabi.S.obj
                0x10005194                __wrap___aeabi_f2uiz
 .text.__wrap___aeabi_l2f
                0x100051a4       0x20 CMakeFiles/car.dir/C_/Users/quan_/Desktop/School/CSC2003/pico-sdk/src/rp2_common/pico_float/float_aeabi.S.obj
                0x100051a8                __wrap___aeabi_l2f
 .text.__aeabi_float_init
                0x100051c4       0xfc CMakeFiles/car.dir/C_/Users/quan_/Desktop/School/CSC2003/pico-sdk/src/rp2_common/pico_float/float_init_rom.c.obj
                0x100051c4                __aeabi_float_init
 .text.float_table_shim_on_use_helper
                0x100052c0       0x34 CMakeFiles/car.dir/C_/Users/quan_/Desktop/School/CSC2003/pico-sdk/src/rp2_common/pico_float/float_v1_rom_shim.S.obj
                0x100052c0                float_table_shim_on_use_helper
 .text.642float_shims
                0x100052f4       0x44 CMakeFiles/car.dir/C_/Users/quan_/Desktop/School/CSC2003/pico-sdk/src/rp2_common/pico_float/float_v1_rom_shim.S.obj
                0x100052f4                uint642float_shim
                0x100052f6                ufix642float_shim
                0x10005306                int642float_shim
                0x10005308                fix642float_shim
 .text.float232_shims
                0x10005338       0x18 CMakeFiles/car.dir/C_/Users/quan_/Desktop/School/CSC2003/pico-sdk/src/rp2_common/pico_float/float_v1_rom_shim.S.obj
                0x10005338                float2int_shim
                0x1000533a                float2fix_shim
 .text          0x10005350       0x10 CMakeFiles/car.dir/C_/Users/quan_/Desktop/School/CSC2003/pico-sdk/src/rp2_common/pico_mem_ops/mem_ops_aeabi.S.obj
                0x10005350                __aeabi_mem_init
 .text.memset   0x10005360        0xc CMakeFiles/car.dir/C_/Users/quan_/Desktop/School/CSC2003/pico-sdk/src/rp2_common/pico_mem_ops/mem_ops_aeabi.S.obj
                0x10005360                __wrap_memset
 .text.memcpy   0x1000536c        0xc CMakeFiles/car.dir/C_/Users/quan_/Desktop/School/CSC2003/pico-sdk/src/rp2_common/pico_mem_ops/mem_ops_aeabi.S.obj
                0x1000536c                __wrap_memcpy
                0x1000536c                __wrap___aeabi_memcpy
 .text.stdio_out_chars_no_crlf
                0x10005378        0xe CMakeFiles/car.dir/C_/Users/quan_/Desktop/School/CSC2003/pico-sdk/src/rp2_common/pico_stdio/stdio.c.obj
 *fill*         0x10005386        0x2 
 .text.stdio_out_chars_crlf
                0x10005388       0x80 CMakeFiles/car.dir/C_/Users/quan_/Desktop/School/CSC2003/pico-sdk/src/rp2_common/pico_stdio/stdio.c.obj
 .text.stdio_stack_buffer_flush
                0x10005408       0x44 CMakeFiles/car.dir/C_/Users/quan_/Desktop/School/CSC2003/pico-sdk/src/rp2_common/pico_stdio/stdio.c.obj
 .text.stdio_buffered_printer
                0x1000544c       0x20 CMakeFiles/car.dir/C_/Users/quan_/Desktop/School/CSC2003/pico-sdk/src/rp2_common/pico_stdio/stdio.c.obj
 .text.stdout_serialize_begin
                0x1000546c       0x30 CMakeFiles/car.dir/C_/Users/quan_/Desktop/School/CSC2003/pico-sdk/src/rp2_common/pico_stdio/stdio.c.obj
                0x1000546c                stdout_serialize_begin
 .text.stdout_serialize_end
                0x1000549c       0x10 CMakeFiles/car.dir/C_/Users/quan_/Desktop/School/CSC2003/pico-sdk/src/rp2_common/pico_stdio/stdio.c.obj
                0x1000549c                stdout_serialize_end
 .text.stdio_put_string
                0x100054ac       0x98 CMakeFiles/car.dir/C_/Users/quan_/Desktop/School/CSC2003/pico-sdk/src/rp2_common/pico_stdio/stdio.c.obj
 .text.stdio_set_driver_enabled
                0x10005544       0x2c CMakeFiles/car.dir/C_/Users/quan_/Desktop/School/CSC2003/pico-sdk/src/rp2_common/pico_stdio/stdio.c.obj
                0x10005544                stdio_set_driver_enabled
 .text.stdio_flush
                0x10005570       0x20 CMakeFiles/car.dir/C_/Users/quan_/Desktop/School/CSC2003/pico-sdk/src/rp2_common/pico_stdio/stdio.c.obj
                0x10005570                stdio_flush
 .text.__wrap_puts
                0x10005590       0x1e CMakeFiles/car.dir/C_/Users/quan_/Desktop/School/CSC2003/pico-sdk/src/rp2_common/pico_stdio/stdio.c.obj
                0x10005590                __wrap_puts
 *fill*         0x100055ae        0x2 
 .text.__wrap_vprintf
                0x100055b0       0x44 CMakeFiles/car.dir/C_/Users/quan_/Desktop/School/CSC2003/pico-sdk/src/rp2_common/pico_stdio/stdio.c.obj
                0x100055b0                __wrap_vprintf
 .text.__wrap_printf
                0x100055f4       0x18 CMakeFiles/car.dir/C_/Users/quan_/Desktop/School/CSC2003/pico-sdk/src/rp2_common/pico_stdio/stdio.c.obj
                0x100055f4                __wrap_printf
 .text.stdio_init_all
                0x1000560c        0xc CMakeFiles/car.dir/C_/Users/quan_/Desktop/School/CSC2003/pico-sdk/src/rp2_common/pico_stdio/stdio.c.obj
                0x1000560c                stdio_init_all
 .text.stdio_uart_out_chars
                0x10005618       0x74 CMakeFiles/car.dir/C_/Users/quan_/Desktop/School/CSC2003/pico-sdk/src/rp2_common/pico_stdio_uart/stdio_uart.c.obj
 .text.stdio_uart_in_chars
                0x1000568c       0x58 CMakeFiles/car.dir/C_/Users/quan_/Desktop/School/CSC2003/pico-sdk/src/rp2_common/pico_stdio_uart/stdio_uart.c.obj
                0x1000568c                stdio_uart_in_chars
 .text.stdio_uart_init_full
                0x100056e4       0x3c CMakeFiles/car.dir/C_/Users/quan_/Desktop/School/CSC2003/pico-sdk/src/rp2_common/pico_stdio_uart/stdio_uart.c.obj
                0x100056e4                stdio_uart_init_full
 .text.stdio_uart_init
                0x10005720       0x28 CMakeFiles/car.dir/C_/Users/quan_/Desktop/School/CSC2003/pico-sdk/src/rp2_common/pico_stdio_uart/stdio_uart.c.obj
                0x10005720                stdio_uart_init
 .text.resetd_init
                0x10005748        0x2 CMakeFiles/car.dir/C_/Users/quan_/Desktop/School/CSC2003/pico-sdk/src/rp2_common/pico_stdio_usb/reset_interface.c.obj
 *fill*         0x1000574a        0x2 
 .text.resetd_reset
                0x1000574c        0xc CMakeFiles/car.dir/C_/Users/quan_/Desktop/School/CSC2003/pico-sdk/src/rp2_common/pico_stdio_usb/reset_interface.c.obj
 .text.resetd_open
                0x10005758       0x34 CMakeFiles/car.dir/C_/Users/quan_/Desktop/School/CSC2003/pico-sdk/src/rp2_common/pico_stdio_usb/reset_interface.c.obj
 .text.resetd_xfer_cb
                0x1000578c        0x4 CMakeFiles/car.dir/C_/Users/quan_/Desktop/School/CSC2003/pico-sdk/src/rp2_common/pico_stdio_usb/reset_interface.c.obj
 .text.reset_usb_boot
                0x10005790       0x18 CMakeFiles/car.dir/C_/Users/quan_/Desktop/School/CSC2003/pico-sdk/src/rp2_common/pico_stdio_usb/reset_interface.c.obj
 .text.resetd_control_xfer_cb
                0x100057a8       0x5c CMakeFiles/car.dir/C_/Users/quan_/Desktop/School/CSC2003/pico-sdk/src/rp2_common/pico_stdio_usb/reset_interface.c.obj
 .text.usbd_app_driver_get_cb
                0x10005804        0xc CMakeFiles/car.dir/C_/Users/quan_/Desktop/School/CSC2003/pico-sdk/src/rp2_common/pico_stdio_usb/reset_interface.c.obj
                0x10005804                usbd_app_driver_get_cb
 .text.tud_cdc_line_coding_cb
                0x10005810       0x28 CMakeFiles/car.dir/C_/Users/quan_/Desktop/School/CSC2003/pico-sdk/src/rp2_common/pico_stdio_usb/reset_interface.c.obj
                0x10005810                tud_cdc_line_coding_cb
 .text.stdio_usb_in_chars
                0x10005838       0x70 CMakeFiles/car.dir/C_/Users/quan_/Desktop/School/CSC2003/pico-sdk/src/rp2_common/pico_stdio_usb/stdio_usb.c.obj
                0x10005838                stdio_usb_in_chars
 .text.low_priority_worker_irq
                0x100058a8       0x20 CMakeFiles/car.dir/C_/Users/quan_/Desktop/School/CSC2003/pico-sdk/src/rp2_common/pico_stdio_usb/stdio_usb.c.obj
 .text.stdio_usb_out_chars
                0x100058c8       0xd4 CMakeFiles/car.dir/C_/Users/quan_/Desktop/School/CSC2003/pico-sdk/src/rp2_common/pico_stdio_usb/stdio_usb.c.obj
 .text.timer_task
                0x1000599c       0x40 CMakeFiles/car.dir/C_/Users/quan_/Desktop/School/CSC2003/pico-sdk/src/rp2_common/pico_stdio_usb/stdio_usb.c.obj
 .text.usb_irq  0x100059dc       0x10 CMakeFiles/car.dir/C_/Users/quan_/Desktop/School/CSC2003/pico-sdk/src/rp2_common/pico_stdio_usb/stdio_usb.c.obj
 .text.stdio_usb_init
                0x100059ec       0xec CMakeFiles/car.dir/C_/Users/quan_/Desktop/School/CSC2003/pico-sdk/src/rp2_common/pico_stdio_usb/stdio_usb.c.obj
                0x100059ec                stdio_usb_init
 .text.tud_descriptor_device_cb
                0x10005ad8        0x8 CMakeFiles/car.dir/C_/Users/quan_/Desktop/School/CSC2003/pico-sdk/src/rp2_common/pico_stdio_usb/stdio_usb_descriptors.c.obj
                0x10005ad8                tud_descriptor_device_cb
 .text.tud_descriptor_configuration_cb
                0x10005ae0        0x8 CMakeFiles/car.dir/C_/Users/quan_/Desktop/School/CSC2003/pico-sdk/src/rp2_common/pico_stdio_usb/stdio_usb_descriptors.c.obj
                0x10005ae0                tud_descriptor_configuration_cb
 .text.tud_descriptor_string_cb
                0x10005ae8       0x6c CMakeFiles/car.dir/C_/Users/quan_/Desktop/School/CSC2003/pico-sdk/src/rp2_common/pico_stdio_usb/stdio_usb_descriptors.c.obj
                0x10005ae8                tud_descriptor_string_cb
 .text.hw_endpoint_get_by_addr
                0x10005b54       0x18 CMakeFiles/car.dir/C_/Users/quan_/Desktop/School/CSC2003/pico-sdk/lib/tinyusb/src/portable/raspberrypi/rp2040/dcd_rp2040.c.obj
 .text.reset_ep0_pid
                0x10005b6c       0x28 CMakeFiles/car.dir/C_/Users/quan_/Desktop/School/CSC2003/pico-sdk/lib/tinyusb/src/portable/raspberrypi/rp2040/dcd_rp2040.c.obj
 .text._hw_endpoint_alloc
                0x10005b94       0x70 CMakeFiles/car.dir/C_/Users/quan_/Desktop/School/CSC2003/pico-sdk/lib/tinyusb/src/portable/raspberrypi/rp2040/dcd_rp2040.c.obj
 .text.hw_endpoint_init
                0x10005c04       0x88 CMakeFiles/car.dir/C_/Users/quan_/Desktop/School/CSC2003/pico-sdk/lib/tinyusb/src/portable/raspberrypi/rp2040/dcd_rp2040.c.obj
 .text.reset_non_control_endpoints
                0x10005c8c       0x40 CMakeFiles/car.dir/C_/Users/quan_/Desktop/School/CSC2003/pico-sdk/lib/tinyusb/src/portable/raspberrypi/rp2040/dcd_rp2040.c.obj
 .text.hw_handle_buff_status
                0x10005ccc       0x8c CMakeFiles/car.dir/C_/Users/quan_/Desktop/School/CSC2003/pico-sdk/lib/tinyusb/src/portable/raspberrypi/rp2040/dcd_rp2040.c.obj
 .text.dcd_rp2040_irq
                0x10005d58       0xc0 CMakeFiles/car.dir/C_/Users/quan_/Desktop/School/CSC2003/pico-sdk/lib/tinyusb/src/portable/raspberrypi/rp2040/dcd_rp2040.c.obj
 .text.hw_endpoint_xfer
                0x10005e18       0x14 CMakeFiles/car.dir/C_/Users/quan_/Desktop/School/CSC2003/pico-sdk/lib/tinyusb/src/portable/raspberrypi/rp2040/dcd_rp2040.c.obj
 .text.dcd_int_enable
                0x10005e2c       0x2c CMakeFiles/car.dir/C_/Users/quan_/Desktop/School/CSC2003/pico-sdk/lib/tinyusb/src/portable/raspberrypi/rp2040/dcd_rp2040.c.obj
                0x10005e2c                dcd_int_enable
 .text.dcd_set_address
                0x10005e58       0x2c CMakeFiles/car.dir/C_/Users/quan_/Desktop/School/CSC2003/pico-sdk/lib/tinyusb/src/portable/raspberrypi/rp2040/dcd_rp2040.c.obj
                0x10005e58                dcd_set_address
 .text.dcd_connect
                0x10005e84       0x10 CMakeFiles/car.dir/C_/Users/quan_/Desktop/School/CSC2003/pico-sdk/lib/tinyusb/src/portable/raspberrypi/rp2040/dcd_rp2040.c.obj
                0x10005e84                dcd_connect
 .text.dcd_init
                0x10005e94       0x7c CMakeFiles/car.dir/C_/Users/quan_/Desktop/School/CSC2003/pico-sdk/lib/tinyusb/src/portable/raspberrypi/rp2040/dcd_rp2040.c.obj
                0x10005e94                dcd_init
 .text.dcd_edpt0_status_complete
                0x10005f10       0x1c CMakeFiles/car.dir/C_/Users/quan_/Desktop/School/CSC2003/pico-sdk/lib/tinyusb/src/portable/raspberrypi/rp2040/dcd_rp2040.c.obj
                0x10005f10                dcd_edpt0_status_complete
 .text.dcd_edpt_open
                0x10005f2c       0x40 CMakeFiles/car.dir/C_/Users/quan_/Desktop/School/CSC2003/pico-sdk/lib/tinyusb/src/portable/raspberrypi/rp2040/dcd_rp2040.c.obj
                0x10005f2c                dcd_edpt_open
 .text.dcd_edpt_close_all
                0x10005f6c        0x8 CMakeFiles/car.dir/C_/Users/quan_/Desktop/School/CSC2003/pico-sdk/lib/tinyusb/src/portable/raspberrypi/rp2040/dcd_rp2040.c.obj
                0x10005f6c                dcd_edpt_close_all
 .text.dcd_edpt_xfer
                0x10005f74       0x30 CMakeFiles/car.dir/C_/Users/quan_/Desktop/School/CSC2003/pico-sdk/lib/tinyusb/src/portable/raspberrypi/rp2040/dcd_rp2040.c.obj
                0x10005f74                dcd_edpt_xfer
 .text.dcd_edpt_stall
                0x10005fa4       0x2c CMakeFiles/car.dir/C_/Users/quan_/Desktop/School/CSC2003/pico-sdk/lib/tinyusb/src/portable/raspberrypi/rp2040/dcd_rp2040.c.obj
                0x10005fa4                dcd_edpt_stall
 .text.dcd_edpt_clear_stall
                0x10005fd0       0x20 CMakeFiles/car.dir/C_/Users/quan_/Desktop/School/CSC2003/pico-sdk/lib/tinyusb/src/portable/raspberrypi/rp2040/dcd_rp2040.c.obj
                0x10005fd0                dcd_edpt_clear_stall
 .text.prepare_ep_buffer
                0x10005ff0       0x70 CMakeFiles/car.dir/C_/Users/quan_/Desktop/School/CSC2003/pico-sdk/lib/tinyusb/src/portable/raspberrypi/rp2040/rp2040_usb.c.obj
 .text.sync_ep_buffer
                0x10006060       0x7c CMakeFiles/car.dir/C_/Users/quan_/Desktop/School/CSC2003/pico-sdk/lib/tinyusb/src/portable/raspberrypi/rp2040/rp2040_usb.c.obj
 .text._hw_endpoint_xfer_sync
                0x100060dc       0x28 CMakeFiles/car.dir/C_/Users/quan_/Desktop/School/CSC2003/pico-sdk/lib/tinyusb/src/portable/raspberrypi/rp2040/rp2040_usb.c.obj
 .text.rp2040_usb_init
                0x10006104       0x4c CMakeFiles/car.dir/C_/Users/quan_/Desktop/School/CSC2003/pico-sdk/lib/tinyusb/src/portable/raspberrypi/rp2040/rp2040_usb.c.obj
                0x10006104                rp2040_usb_init
 .text.hw_endpoint_reset_transfer
                0x10006150        0xc CMakeFiles/car.dir/C_/Users/quan_/Desktop/School/CSC2003/pico-sdk/lib/tinyusb/src/portable/raspberrypi/rp2040/rp2040_usb.c.obj
                0x10006150                hw_endpoint_reset_transfer
 .text._hw_endpoint_buffer_control_update32
                0x1000615c       0x58 CMakeFiles/car.dir/C_/Users/quan_/Desktop/School/CSC2003/pico-sdk/lib/tinyusb/src/portable/raspberrypi/rp2040/rp2040_usb.c.obj
                0x1000615c                _hw_endpoint_buffer_control_update32
 .text._hw_endpoint_start_next_buffer
                0x100061b4       0x74 CMakeFiles/car.dir/C_/Users/quan_/Desktop/School/CSC2003/pico-sdk/lib/tinyusb/src/portable/raspberrypi/rp2040/rp2040_usb.c.obj
 .text.hw_endpoint_xfer_start
                0x10006228       0x48 CMakeFiles/car.dir/C_/Users/quan_/Desktop/School/CSC2003/pico-sdk/lib/tinyusb/src/portable/raspberrypi/rp2040/rp2040_usb.c.obj
                0x10006228                hw_endpoint_xfer_start
 .text.hw_endpoint_xfer_continue
                0x10006270       0x38 CMakeFiles/car.dir/C_/Users/quan_/Desktop/School/CSC2003/pico-sdk/lib/tinyusb/src/portable/raspberrypi/rp2040/rp2040_usb.c.obj
                0x10006270                hw_endpoint_xfer_continue
 .text.configuration_reset
                0x100062a8       0x84 CMakeFiles/car.dir/C_/Users/quan_/Desktop/School/CSC2003/pico-sdk/lib/tinyusb/src/device/usbd.c.obj
 .text.usbd_reset
                0x1000632c        0xc CMakeFiles/car.dir/C_/Users/quan_/Desktop/School/CSC2003/pico-sdk/lib/tinyusb/src/device/usbd.c.obj
 .text.invoke_class_control
                0x10006338       0x1a CMakeFiles/car.dir/C_/Users/quan_/Desktop/School/CSC2003/pico-sdk/lib/tinyusb/src/device/usbd.c.obj
 *fill*         0x10006352        0x2 
 .text.process_set_config
                0x10006354      0x1b0 CMakeFiles/car.dir/C_/Users/quan_/Desktop/School/CSC2003/pico-sdk/lib/tinyusb/src/device/usbd.c.obj
 .text.process_get_descriptor
                0x10006504       0xec CMakeFiles/car.dir/C_/Users/quan_/Desktop/School/CSC2003/pico-sdk/lib/tinyusb/src/device/usbd.c.obj
 .text.tud_mounted
                0x100065f0       0x10 CMakeFiles/car.dir/C_/Users/quan_/Desktop/School/CSC2003/pico-sdk/lib/tinyusb/src/device/usbd.c.obj
                0x100065f0                tud_mounted
 .text.tud_suspended
                0x10006600       0x10 CMakeFiles/car.dir/C_/Users/quan_/Desktop/School/CSC2003/pico-sdk/lib/tinyusb/src/device/usbd.c.obj
                0x10006600                tud_suspended
 .text.tud_inited
                0x10006610        0xc CMakeFiles/car.dir/C_/Users/quan_/Desktop/School/CSC2003/pico-sdk/lib/tinyusb/src/device/usbd.c.obj
                0x10006610                tud_inited
 .text.tud_init
                0x1000661c       0xcc CMakeFiles/car.dir/C_/Users/quan_/Desktop/School/CSC2003/pico-sdk/lib/tinyusb/src/device/usbd.c.obj
                0x1000661c                tud_init
 .text.dcd_event_handler
                0x100066e8      0x1e0 CMakeFiles/car.dir/C_/Users/quan_/Desktop/School/CSC2003/pico-sdk/lib/tinyusb/src/device/usbd.c.obj
                0x100066e8                dcd_event_handler
 .text.dcd_event_bus_signal
                0x100068c8       0x26 CMakeFiles/car.dir/C_/Users/quan_/Desktop/School/CSC2003/pico-sdk/lib/tinyusb/src/device/usbd.c.obj
                0x100068c8                dcd_event_bus_signal
 .text.dcd_event_bus_reset
                0x100068ee       0x2a CMakeFiles/car.dir/C_/Users/quan_/Desktop/School/CSC2003/pico-sdk/lib/tinyusb/src/device/usbd.c.obj
                0x100068ee                dcd_event_bus_reset
 .text.dcd_event_setup_received
                0x10006918       0x34 CMakeFiles/car.dir/C_/Users/quan_/Desktop/School/CSC2003/pico-sdk/lib/tinyusb/src/device/usbd.c.obj
                0x10006918                dcd_event_setup_received
 .text.dcd_event_xfer_complete
                0x1000694c       0x44 CMakeFiles/car.dir/C_/Users/quan_/Desktop/School/CSC2003/pico-sdk/lib/tinyusb/src/device/usbd.c.obj
                0x1000694c                dcd_event_xfer_complete
 .text.usbd_edpt_open
                0x10006990       0x58 CMakeFiles/car.dir/C_/Users/quan_/Desktop/School/CSC2003/pico-sdk/lib/tinyusb/src/device/usbd.c.obj
                0x10006990                usbd_edpt_open
 .text.usbd_open_edpt_pair
                0x100069e8       0x8c CMakeFiles/car.dir/C_/Users/quan_/Desktop/School/CSC2003/pico-sdk/lib/tinyusb/src/device/usbd.c.obj
                0x100069e8                usbd_open_edpt_pair
 .text.usbd_edpt_claim
                0x10006a74       0x8c CMakeFiles/car.dir/C_/Users/quan_/Desktop/School/CSC2003/pico-sdk/lib/tinyusb/src/device/usbd.c.obj
                0x10006a74                usbd_edpt_claim
 .text.usbd_edpt_release
                0x10006b00       0x68 CMakeFiles/car.dir/C_/Users/quan_/Desktop/School/CSC2003/pico-sdk/lib/tinyusb/src/device/usbd.c.obj
                0x10006b00                usbd_edpt_release
 .text.usbd_edpt_xfer
                0x10006b68       0x80 CMakeFiles/car.dir/C_/Users/quan_/Desktop/School/CSC2003/pico-sdk/lib/tinyusb/src/device/usbd.c.obj
                0x10006b68                usbd_edpt_xfer
 .text.usbd_edpt_stall
                0x10006be8       0x40 CMakeFiles/car.dir/C_/Users/quan_/Desktop/School/CSC2003/pico-sdk/lib/tinyusb/src/device/usbd.c.obj
                0x10006be8                usbd_edpt_stall
 .text.usbd_edpt_clear_stall
                0x10006c28       0x40 CMakeFiles/car.dir/C_/Users/quan_/Desktop/School/CSC2003/pico-sdk/lib/tinyusb/src/device/usbd.c.obj
                0x10006c28                usbd_edpt_clear_stall
 .text.usbd_edpt_stalled
                0x10006c68       0x1c CMakeFiles/car.dir/C_/Users/quan_/Desktop/School/CSC2003/pico-sdk/lib/tinyusb/src/device/usbd.c.obj
                0x10006c68                usbd_edpt_stalled
 .text.process_control_request
                0x10006c84      0x3b8 CMakeFiles/car.dir/C_/Users/quan_/Desktop/School/CSC2003/pico-sdk/lib/tinyusb/src/device/usbd.c.obj
 .text.tud_task
                0x1000703c      0x218 CMakeFiles/car.dir/C_/Users/quan_/Desktop/School/CSC2003/pico-sdk/lib/tinyusb/src/device/usbd.c.obj
                0x1000703c                tud_task
 .text._data_stage_xact
                0x10007254       0x58 CMakeFiles/car.dir/C_/Users/quan_/Desktop/School/CSC2003/pico-sdk/lib/tinyusb/src/device/usbd_control.c.obj
 .text.tud_control_status
                0x100072ac       0x38 CMakeFiles/car.dir/C_/Users/quan_/Desktop/School/CSC2003/pico-sdk/lib/tinyusb/src/device/usbd_control.c.obj
                0x100072ac                tud_control_status
 .text.tud_control_xfer
                0x100072e4       0xa8 CMakeFiles/car.dir/C_/Users/quan_/Desktop/School/CSC2003/pico-sdk/lib/tinyusb/src/device/usbd_control.c.obj
                0x100072e4                tud_control_xfer
 .text.usbd_control_reset
                0x1000738c       0x14 CMakeFiles/car.dir/C_/Users/quan_/Desktop/School/CSC2003/pico-sdk/lib/tinyusb/src/device/usbd_control.c.obj
                0x1000738c                usbd_control_reset
 .text.usbd_control_set_complete_callback
                0x100073a0        0xc CMakeFiles/car.dir/C_/Users/quan_/Desktop/School/CSC2003/pico-sdk/lib/tinyusb/src/device/usbd_control.c.obj
                0x100073a0                usbd_control_set_complete_callback
 .text.usbd_control_set_request
                0x100073ac       0x1c CMakeFiles/car.dir/C_/Users/quan_/Desktop/School/CSC2003/pico-sdk/lib/tinyusb/src/device/usbd_control.c.obj
                0x100073ac                usbd_control_set_request
 .text.usbd_control_xfer_cb
                0x100073c8       0xfc CMakeFiles/car.dir/C_/Users/quan_/Desktop/School/CSC2003/pico-sdk/lib/tinyusb/src/device/usbd_control.c.obj
                0x100073c8                usbd_control_xfer_cb
 .text._prep_out_transaction
                0x100074c4       0x46 CMakeFiles/car.dir/C_/Users/quan_/Desktop/School/CSC2003/pico-sdk/lib/tinyusb/src/class/cdc/cdc_device.c.obj
 *fill*         0x1000750a        0x2 
 .text.tud_cdc_n_connected
                0x1000750c       0x44 CMakeFiles/car.dir/C_/Users/quan_/Desktop/School/CSC2003/pico-sdk/lib/tinyusb/src/class/cdc/cdc_device.c.obj
                0x1000750c                tud_cdc_n_connected
 .text.tud_cdc_n_available
                0x10007550       0x18 CMakeFiles/car.dir/C_/Users/quan_/Desktop/School/CSC2003/pico-sdk/lib/tinyusb/src/class/cdc/cdc_device.c.obj
                0x10007550                tud_cdc_n_available
 .text.tud_cdc_n_read
                0x10007568       0x28 CMakeFiles/car.dir/C_/Users/quan_/Desktop/School/CSC2003/pico-sdk/lib/tinyusb/src/class/cdc/cdc_device.c.obj
                0x10007568                tud_cdc_n_read
 .text.tud_cdc_n_write_flush
                0x10007590       0xcc CMakeFiles/car.dir/C_/Users/quan_/Desktop/School/CSC2003/pico-sdk/lib/tinyusb/src/class/cdc/cdc_device.c.obj
                0x10007590                tud_cdc_n_write_flush
 .text.tud_cdc_n_write
                0x1000765c       0x38 CMakeFiles/car.dir/C_/Users/quan_/Desktop/School/CSC2003/pico-sdk/lib/tinyusb/src/class/cdc/cdc_device.c.obj
                0x1000765c                tud_cdc_n_write
 .text.tud_cdc_n_write_available
                0x10007694       0x1c CMakeFiles/car.dir/C_/Users/quan_/Desktop/School/CSC2003/pico-sdk/lib/tinyusb/src/class/cdc/cdc_device.c.obj
                0x10007694                tud_cdc_n_write_available
 .text.cdcd_init
                0x100076b0       0xbc CMakeFiles/car.dir/C_/Users/quan_/Desktop/School/CSC2003/pico-sdk/lib/tinyusb/src/class/cdc/cdc_device.c.obj
                0x100076b0                cdcd_init
 .text.cdcd_reset
                0x1000776c       0x44 CMakeFiles/car.dir/C_/Users/quan_/Desktop/School/CSC2003/pico-sdk/lib/tinyusb/src/class/cdc/cdc_device.c.obj
                0x1000776c                cdcd_reset
 .text.cdcd_open
                0x100077b0       0xf8 CMakeFiles/car.dir/C_/Users/quan_/Desktop/School/CSC2003/pico-sdk/lib/tinyusb/src/class/cdc/cdc_device.c.obj
                0x100077b0                cdcd_open
 .text.cdcd_control_xfer_cb
                0x100078a8      0x134 CMakeFiles/car.dir/C_/Users/quan_/Desktop/School/CSC2003/pico-sdk/lib/tinyusb/src/class/cdc/cdc_device.c.obj
                0x100078a8                cdcd_control_xfer_cb
 .text.cdcd_xfer_cb
                0x100079dc      0x144 CMakeFiles/car.dir/C_/Users/quan_/Desktop/School/CSC2003/pico-sdk/lib/tinyusb/src/class/cdc/cdc_device.c.obj
                0x100079dc                cdcd_xfer_cb
 .text.tusb_init
                0x10007b20       0x24 CMakeFiles/car.dir/C_/Users/quan_/Desktop/School/CSC2003/pico-sdk/lib/tinyusb/src/tusb.c.obj
                0x10007b20                tusb_init
 .text.tusb_inited
                0x10007b44        0xe CMakeFiles/car.dir/C_/Users/quan_/Desktop/School/CSC2003/pico-sdk/lib/tinyusb/src/tusb.c.obj
                0x10007b44                tusb_inited
 *fill*         0x10007b52        0x2 
 .text.tu_edpt_validate
                0x10007b54       0xa8 CMakeFiles/car.dir/C_/Users/quan_/Desktop/School/CSC2003/pico-sdk/lib/tinyusb/src/tusb.c.obj
                0x10007b54                tu_edpt_validate
 .text.tu_edpt_bind_driver
                0x10007bfc       0x2a CMakeFiles/car.dir/C_/Users/quan_/Desktop/School/CSC2003/pico-sdk/lib/tinyusb/src/tusb.c.obj
                0x10007bfc                tu_edpt_bind_driver
 .text.advance_pointer
                0x10007c26       0x18 CMakeFiles/car.dir/C_/Users/quan_/Desktop/School/CSC2003/pico-sdk/lib/tinyusb/src/common/tusb_fifo.c.obj
 .text.backward_pointer
                0x10007c3e       0x1e CMakeFiles/car.dir/C_/Users/quan_/Desktop/School/CSC2003/pico-sdk/lib/tinyusb/src/common/tusb_fifo.c.obj
 .text.get_relative_pointer
                0x10007c5c       0x10 CMakeFiles/car.dir/C_/Users/quan_/Desktop/School/CSC2003/pico-sdk/lib/tinyusb/src/common/tusb_fifo.c.obj
 .text._tu_fifo_peek
                0x10007c6c       0x50 CMakeFiles/car.dir/C_/Users/quan_/Desktop/School/CSC2003/pico-sdk/lib/tinyusb/src/common/tusb_fifo.c.obj
 .text._ff_pull_const_addr
                0x10007cbc       0x4c CMakeFiles/car.dir/C_/Users/quan_/Desktop/School/CSC2003/pico-sdk/lib/tinyusb/src/common/tusb_fifo.c.obj
 .text._ff_pull_n
                0x10007d08      0x10c CMakeFiles/car.dir/C_/Users/quan_/Desktop/School/CSC2003/pico-sdk/lib/tinyusb/src/common/tusb_fifo.c.obj
 .text._tu_fifo_peek_n
                0x10007e14       0x5e CMakeFiles/car.dir/C_/Users/quan_/Desktop/School/CSC2003/pico-sdk/lib/tinyusb/src/common/tusb_fifo.c.obj
 .text._tu_fifo_read_n
                0x10007e72       0x4e CMakeFiles/car.dir/C_/Users/quan_/Desktop/School/CSC2003/pico-sdk/lib/tinyusb/src/common/tusb_fifo.c.obj
 .text._ff_push_const_addr
                0x10007ec0       0x40 CMakeFiles/car.dir/C_/Users/quan_/Desktop/School/CSC2003/pico-sdk/lib/tinyusb/src/common/tusb_fifo.c.obj
 .text._ff_push_n
                0x10007f00      0x108 CMakeFiles/car.dir/C_/Users/quan_/Desktop/School/CSC2003/pico-sdk/lib/tinyusb/src/common/tusb_fifo.c.obj
 .text._tu_fifo_write_n
                0x10008008       0x9e CMakeFiles/car.dir/C_/Users/quan_/Desktop/School/CSC2003/pico-sdk/lib/tinyusb/src/common/tusb_fifo.c.obj
 .text.tu_fifo_config
                0x100080a6       0x72 CMakeFiles/car.dir/C_/Users/quan_/Desktop/School/CSC2003/pico-sdk/lib/tinyusb/src/common/tusb_fifo.c.obj
                0x100080a6                tu_fifo_config
 .text.tu_fifo_count
                0x10008118       0x26 CMakeFiles/car.dir/C_/Users/quan_/Desktop/School/CSC2003/pico-sdk/lib/tinyusb/src/common/tusb_fifo.c.obj
                0x10008118                tu_fifo_count
 .text.tu_fifo_empty
                0x1000813e       0x10 CMakeFiles/car.dir/C_/Users/quan_/Desktop/School/CSC2003/pico-sdk/lib/tinyusb/src/common/tusb_fifo.c.obj
                0x1000813e                tu_fifo_empty
 .text.tu_fifo_remaining
                0x1000814e       0x20 CMakeFiles/car.dir/C_/Users/quan_/Desktop/School/CSC2003/pico-sdk/lib/tinyusb/src/common/tusb_fifo.c.obj
                0x1000814e                tu_fifo_remaining
 .text.tu_fifo_read
                0x1000816e       0x42 CMakeFiles/car.dir/C_/Users/quan_/Desktop/School/CSC2003/pico-sdk/lib/tinyusb/src/common/tusb_fifo.c.obj
                0x1000816e                tu_fifo_read
 .text.tu_fifo_read_n
                0x100081b0        0xa CMakeFiles/car.dir/C_/Users/quan_/Desktop/School/CSC2003/pico-sdk/lib/tinyusb/src/common/tusb_fifo.c.obj
                0x100081b0                tu_fifo_read_n
 .text.tu_fifo_write
                0x100081ba       0x6c CMakeFiles/car.dir/C_/Users/quan_/Desktop/School/CSC2003/pico-sdk/lib/tinyusb/src/common/tusb_fifo.c.obj
                0x100081ba                tu_fifo_write
 .text.tu_fifo_write_n
                0x10008226        0xa CMakeFiles/car.dir/C_/Users/quan_/Desktop/School/CSC2003/pico-sdk/lib/tinyusb/src/common/tusb_fifo.c.obj
                0x10008226                tu_fifo_write_n
 .text.tu_fifo_clear
                0x10008230       0x4c CMakeFiles/car.dir/C_/Users/quan_/Desktop/School/CSC2003/pico-sdk/lib/tinyusb/src/common/tusb_fifo.c.obj
                0x10008230                tu_fifo_clear
 .text.tu_fifo_set_overwritable
                0x1000827c       0x3c CMakeFiles/car.dir/C_/Users/quan_/Desktop/School/CSC2003/pico-sdk/lib/tinyusb/src/common/tusb_fifo.c.obj
                0x1000827c                tu_fifo_set_overwritable
 .text._retrieve_unique_id_on_boot
                0x100082b8       0x10 CMakeFiles/car.dir/C_/Users/quan_/Desktop/School/CSC2003/pico-sdk/src/rp2_common/pico_unique_id/unique_id.c.obj
 .text.pico_get_unique_board_id_string
                0x100082c8       0x60 CMakeFiles/car.dir/C_/Users/quan_/Desktop/School/CSC2003/pico-sdk/src/rp2_common/pico_unique_id/unique_id.c.obj
                0x100082c8                pico_get_unique_board_id_string
 .text.flash_get_unique_id
                0x10008328       0x46 CMakeFiles/car.dir/C_/Users/quan_/Desktop/School/CSC2003/pico-sdk/src/rp2_common/hardware_flash/flash.c.obj
                0x10008328                flash_get_unique_id
 *fill*         0x1000836e        0x2 
 .text.strlen   0x10008370       0x5c c:/progra~2/gnuarm~1/102020~1/bin/../lib/gcc/arm-none-eabi/10.2.1/../../../../arm-none-eabi/lib/thumb/v6-m/nofp\libg.a(lib_a-strlen-stub.o)
                0x10008370                strlen
 *(.fini)
 .fini          0x100083cc        0x4 c:/progra~2/gnuarm~1/102020~1/bin/../lib/gcc/arm-none-eabi/10.2.1/thumb/v6-m/nofp/crti.o
                0x100083cc                _fini
 .fini.__stub   0x100083d0       0x70 linker stubs
 *crtbegin.o(.ctors)
 *crtbegin?.o(.ctors)
 *(EXCLUDE_FILE(*crtend.o *crtend?.o) .ctors)
 *(SORT_BY_NAME(.ctors.*))
 *(.ctors)
 *crtbegin.o(.dtors)
 *crtbegin?.o(.dtors)
 *(EXCLUDE_FILE(*crtend.o *crtend?.o) .dtors)
 *(SORT_BY_NAME(.dtors.*))
 *(.dtors)
 *(.eh_frame*)
 .eh_frame      0x10008440        0x0 c:/progra~2/gnuarm~1/102020~1/bin/../lib/gcc/arm-none-eabi/10.2.1/thumb/v6-m/nofp/crtbegin.o
                0x10008440                . = ALIGN (0x4)

.glue_7         0x10008440        0x0
 .glue_7        0x10008440        0x0 linker stubs

.glue_7t        0x10008440        0x0
 .glue_7t       0x10008440        0x0 linker stubs

.vfp11_veneer   0x10008440        0x0
 .vfp11_veneer  0x10008440        0x0 linker stubs

.v4_bx          0x10008440        0x0
 .v4_bx         0x10008440        0x0 linker stubs

.iplt           0x10008440        0x0
 .iplt          0x10008440        0x0 c:/progra~2/gnuarm~1/102020~1/bin/../lib/gcc/arm-none-eabi/10.2.1/thumb/v6-m/nofp/crtbegin.o

.rodata         0x10008440     0x1a9c
 *(EXCLUDE_FILE(*libm.a: *libc.a:*lib_a-mem*.o *libgcc.a:) .rodata*)
 .rodata.main.str1.4
                0x10008440       0x24 CMakeFiles/car.dir/car.c.obj
 .rodata.calcSpeed.str1.4
                0x10008464       0x47 CMakeFiles/car.dir/__/motor_control/zoomies.c.obj
 .rodata.initEncoders.str1.4
                0x100084ab       0x14 CMakeFiles/car.dir/__/motor_control/zoomies.c.obj
 *fill*         0x100084ab        0x1 
 .rodata.computeErrorA.str1.4
                0x100084ac       0xce CMakeFiles/car.dir/__/motor_control/zoomies.c.obj
 *fill*         0x1000857a        0x2 
 .rodata.computeErrorB.str1.4
                0x1000857c       0x56 CMakeFiles/car.dir/__/motor_control/zoomies.c.obj
 *fill*         0x100085d2        0x2 
 .rodata.__func__.0
                0x100085d4       0x15 CMakeFiles/car.dir/__/motor_control/zoomies.c.obj
 *fill*         0x100085e9        0x3 
 .rodata.Smoothing.str1.4
                0x100085ec       0x28 CMakeFiles/car.dir/__/ultrasonic_accelerometer/ultrasonic/ultrasonic.c.obj
 .rodata.echoUltraSonic_callback_center.str1.4
                0x10008614       0x75 CMakeFiles/car.dir/__/ultrasonic_accelerometer/ultrasonic/ultrasonic.c.obj
 .rodata.__func__.0
                0x10008614       0x15 CMakeFiles/car.dir/__/ultrasonic_accelerometer/ultrasonic/ultrasonic.c.obj
 *fill*         0x10008629        0x3 
 .rodata.gpio_add_raw_irq_handler_with_order_priority_masked.str1.4
                0x1000862c       0x7f CMakeFiles/car.dir/C_/Users/quan_/Desktop/School/CSC2003/pico-sdk/src/rp2_common/hardware_gpio/gpio.c.obj
 *fill*         0x100086ab        0x1 
 .rodata.__func__.1
                0x100086ac       0x34 CMakeFiles/car.dir/C_/Users/quan_/Desktop/School/CSC2003/pico-sdk/src/rp2_common/hardware_gpio/gpio.c.obj
 .rodata.spin_lock_claim_unused.str1.4
                0x100086e0       0x1b CMakeFiles/car.dir/C_/Users/quan_/Desktop/School/CSC2003/pico-sdk/src/rp2_common/hardware_sync/sync.c.obj
 *fill*         0x100086fb        0x1 
 .rodata.make_branch.str1.4
                0x100086fc       0x81 CMakeFiles/car.dir/C_/Users/quan_/Desktop/School/CSC2003/pico-sdk/src/rp2_common/hardware_irq/irq.c.obj
 *fill*         0x1000877d        0x3 
 .rodata.insert_branch_and_link.str1.4
                0x10008780       0x10 CMakeFiles/car.dir/C_/Users/quan_/Desktop/School/CSC2003/pico-sdk/src/rp2_common/hardware_irq/irq.c.obj
 .rodata.irq_set_exclusive_handler.str1.4
                0x10008790       0x36 CMakeFiles/car.dir/C_/Users/quan_/Desktop/School/CSC2003/pico-sdk/src/rp2_common/hardware_irq/irq.c.obj
 *fill*         0x100087c6        0x2 
 .rodata.irq_add_shared_handler.str1.4
                0x100087c8       0xd9 CMakeFiles/car.dir/C_/Users/quan_/Desktop/School/CSC2003/pico-sdk/src/rp2_common/hardware_irq/irq.c.obj
 *fill*         0x100088a1        0x3 
 .rodata.irq_remove_handler.str1.4
                0x100088a4       0x2a CMakeFiles/car.dir/C_/Users/quan_/Desktop/School/CSC2003/pico-sdk/src/rp2_common/hardware_irq/irq.c.obj
 *fill*         0x100088ce        0x2 
 .rodata.irq_add_tail_to_free_list.str1.4
                0x100088d0       0x3a CMakeFiles/car.dir/C_/Users/quan_/Desktop/School/CSC2003/pico-sdk/src/rp2_common/hardware_irq/irq.c.obj
 *fill*         0x1000890a        0x2 
 .rodata.user_irq_claim_unused.str1.4
                0x1000890c       0x1b CMakeFiles/car.dir/C_/Users/quan_/Desktop/School/CSC2003/pico-sdk/src/rp2_common/hardware_irq/irq.c.obj
 *fill*         0x10008927        0x1 
 .rodata.__func__.0
                0x10008928       0x1a CMakeFiles/car.dir/C_/Users/quan_/Desktop/School/CSC2003/pico-sdk/src/rp2_common/hardware_irq/irq.c.obj
 *fill*         0x10008942        0x2 
 .rodata.__func__.1
                0x10008944       0x17 CMakeFiles/car.dir/C_/Users/quan_/Desktop/School/CSC2003/pico-sdk/src/rp2_common/hardware_irq/irq.c.obj
 *fill*         0x1000895b        0x1 
 .rodata.__func__.2
                0x1000895c       0x13 CMakeFiles/car.dir/C_/Users/quan_/Desktop/School/CSC2003/pico-sdk/src/rp2_common/hardware_irq/irq.c.obj
 *fill*         0x1000896f        0x1 
 .rodata.__func__.3
                0x10008970        0xc CMakeFiles/car.dir/C_/Users/quan_/Desktop/School/CSC2003/pico-sdk/src/rp2_common/hardware_irq/irq.c.obj
 .rodata.__func__.4
                0x1000897c        0xf CMakeFiles/car.dir/C_/Users/quan_/Desktop/School/CSC2003/pico-sdk/src/rp2_common/hardware_irq/irq.c.obj
 *fill*         0x1000898b        0x1 
 .rodata.__func__.5
                0x1000898c       0x17 CMakeFiles/car.dir/C_/Users/quan_/Desktop/School/CSC2003/pico-sdk/src/rp2_common/hardware_irq/irq.c.obj
 *fill*         0x100089a3        0x1 
 .rodata.__func__.6
                0x100089a4       0x1a CMakeFiles/car.dir/C_/Users/quan_/Desktop/School/CSC2003/pico-sdk/src/rp2_common/hardware_irq/irq.c.obj
 *fill*         0x100089be        0x2 
 .rodata.repeating_timer_callback.str1.4
                0x100089c0       0x5f CMakeFiles/car.dir/C_/Users/quan_/Desktop/School/CSC2003/pico-sdk/src/common/pico_time/time.c.obj
 *fill*         0x10008a1f        0x1 
 .rodata.alarm_pool_dump_key.str1.4
                0x10008a20       0x33 CMakeFiles/car.dir/C_/Users/quan_/Desktop/School/CSC2003/pico-sdk/src/common/pico_time/time.c.obj
 *fill*         0x10008a53        0x1 
 .rodata.ph_add_child_node.str1.4
                0x10008a54       0xaa CMakeFiles/car.dir/C_/Users/quan_/Desktop/School/CSC2003/pico-sdk/src/common/pico_time/time.c.obj
 *fill*         0x10008afe        0x2 
 .rodata.add_alarm_under_lock.str1.4
                0x10008b00       0x28 CMakeFiles/car.dir/C_/Users/quan_/Desktop/School/CSC2003/pico-sdk/src/common/pico_time/time.c.obj
                                 0x2b (size before relaxing)
 .rodata.alarm_pool_alarm_callback.str1.4
                0x10008b28       0x82 CMakeFiles/car.dir/C_/Users/quan_/Desktop/School/CSC2003/pico-sdk/src/common/pico_time/time.c.obj
                                 0xfa (size before relaxing)
 *fill*         0x10008baa        0x2 
 .rodata.alarm_pool_get_default.str1.4
                0x10008bac       0x21 CMakeFiles/car.dir/C_/Users/quan_/Desktop/School/CSC2003/pico-sdk/src/common/pico_time/time.c.obj
 *fill*         0x10008bcd        0x3 
 .rodata.alarm_pool_cancel_alarm.str1.4
                0x10008bd0       0x27 CMakeFiles/car.dir/C_/Users/quan_/Desktop/School/CSC2003/pico-sdk/src/common/pico_time/time.c.obj
 *fill*         0x10008bf7        0x1 
 .rodata.sleep_until.str1.4
                0x10008bf8       0x4d CMakeFiles/car.dir/C_/Users/quan_/Desktop/School/CSC2003/pico-sdk/src/common/pico_time/time.c.obj
 *fill*         0x10008c45        0x3 
 .rodata.__func__.0
                0x10008c48       0x19 CMakeFiles/car.dir/C_/Users/quan_/Desktop/School/CSC2003/pico-sdk/src/common/pico_time/time.c.obj
 *fill*         0x10008c61        0x3 
 .rodata.__func__.1
                0x10008c64       0x18 CMakeFiles/car.dir/C_/Users/quan_/Desktop/School/CSC2003/pico-sdk/src/common/pico_time/time.c.obj
 .rodata.__func__.10
                0x10008c7c       0x15 CMakeFiles/car.dir/C_/Users/quan_/Desktop/School/CSC2003/pico-sdk/src/common/pico_time/time.c.obj
 *fill*         0x10008c91        0x3 
 .rodata.__func__.11
                0x10008c94       0x1a CMakeFiles/car.dir/C_/Users/quan_/Desktop/School/CSC2003/pico-sdk/src/common/pico_time/time.c.obj
 *fill*         0x10008cae        0x2 
 .rodata.__func__.12
                0x10008cb0        0xa CMakeFiles/car.dir/C_/Users/quan_/Desktop/School/CSC2003/pico-sdk/src/common/pico_time/time.c.obj
 *fill*         0x10008cba        0x2 
 .rodata.__func__.3
                0x10008cbc       0x17 CMakeFiles/car.dir/C_/Users/quan_/Desktop/School/CSC2003/pico-sdk/src/common/pico_time/time.c.obj
 *fill*         0x10008cd3        0x1 
 .rodata.__func__.4
                0x10008cd4       0x12 CMakeFiles/car.dir/C_/Users/quan_/Desktop/School/CSC2003/pico-sdk/src/common/pico_time/time.c.obj
 *fill*         0x10008ce6        0x2 
 .rodata.__func__.5
                0x10008ce8        0xd CMakeFiles/car.dir/C_/Users/quan_/Desktop/School/CSC2003/pico-sdk/src/common/pico_time/time.c.obj
 *fill*         0x10008cf5        0x3 
 .rodata.__func__.6
                0x10008cf8       0x12 CMakeFiles/car.dir/C_/Users/quan_/Desktop/School/CSC2003/pico-sdk/src/common/pico_time/time.c.obj
 *fill*         0x10008d0a        0x2 
 .rodata.__func__.7
                0x10008d0c        0xf CMakeFiles/car.dir/C_/Users/quan_/Desktop/School/CSC2003/pico-sdk/src/common/pico_time/time.c.obj
 *fill*         0x10008d1b        0x1 
 .rodata.__func__.8
                0x10008d1c        0xc CMakeFiles/car.dir/C_/Users/quan_/Desktop/School/CSC2003/pico-sdk/src/common/pico_time/time.c.obj
 .rodata.__func__.9
                0x10008d28       0x15 CMakeFiles/car.dir/C_/Users/quan_/Desktop/School/CSC2003/pico-sdk/src/common/pico_time/time.c.obj
 *fill*         0x10008d3d        0x3 
 .rodata.hardware_alarm_claim.str1.4
                0x10008d40       0x22 CMakeFiles/car.dir/C_/Users/quan_/Desktop/School/CSC2003/pico-sdk/src/rp2_common/hardware_timer/timer.c.obj
 *fill*         0x10008d62        0x2 
 .rodata.hardware_alarm_set_target.str1.4
                0x10008d64       0x79 CMakeFiles/car.dir/C_/Users/quan_/Desktop/School/CSC2003/pico-sdk/src/rp2_common/hardware_timer/timer.c.obj
 *fill*         0x10008ddd        0x3 
 .rodata.__func__.0
                0x10008de0       0x1a CMakeFiles/car.dir/C_/Users/quan_/Desktop/School/CSC2003/pico-sdk/src/rp2_common/hardware_timer/timer.c.obj
 .rodata.ph_add_child_node.str1.4
                0x10008dfa       0xaa CMakeFiles/car.dir/C_/Users/quan_/Desktop/School/CSC2003/pico-sdk/src/common/pico_util/pheap.c.obj
 *fill*         0x10008dfa        0x2 
 .rodata.ph_remove_any_head.str1.4
                0x10008dfc       0xa0 CMakeFiles/car.dir/C_/Users/quan_/Desktop/School/CSC2003/pico-sdk/src/common/pico_util/pheap.c.obj
 .rodata.ph_remove_and_free_node.str1.4
                0x10008e9c       0x1e CMakeFiles/car.dir/C_/Users/quan_/Desktop/School/CSC2003/pico-sdk/src/common/pico_util/pheap.c.obj
                                 0x26 (size before relaxing)
 *fill*         0x10008eba        0x2 
 .rodata.__func__.0
                0x10008ebc       0x18 CMakeFiles/car.dir/C_/Users/quan_/Desktop/School/CSC2003/pico-sdk/src/common/pico_util/pheap.c.obj
 .rodata.__func__.1
                0x10008ed4       0x13 CMakeFiles/car.dir/C_/Users/quan_/Desktop/School/CSC2003/pico-sdk/src/common/pico_util/pheap.c.obj
 *fill*         0x10008ee7        0x1 
 .rodata.__func__.2
                0x10008ee8       0x12 CMakeFiles/car.dir/C_/Users/quan_/Desktop/School/CSC2003/pico-sdk/src/common/pico_util/pheap.c.obj
 *fill*         0x10008efa        0x2 
 .rodata.__func__.3
                0x10008efc        0xc CMakeFiles/car.dir/C_/Users/quan_/Desktop/School/CSC2003/pico-sdk/src/common/pico_util/pheap.c.obj
 .rodata.str1.4
                0x10008f08       0x9d CMakeFiles/car.dir/C_/Users/quan_/Desktop/School/CSC2003/pico-sdk/src/common/pico_sync/mutex.c.obj
                                0x115 (size before relaxing)
 *fill*         0x10008fa5        0x3 
 .rodata.__func__.1
                0x10008fa8        0xb CMakeFiles/car.dir/C_/Users/quan_/Desktop/School/CSC2003/pico-sdk/src/common/pico_sync/mutex.c.obj
 *fill*         0x10008fb3        0x1 
 .rodata.__func__.3
                0x10008fb4       0x18 CMakeFiles/car.dir/C_/Users/quan_/Desktop/School/CSC2003/pico-sdk/src/common/pico_sync/mutex.c.obj
 .rodata.__func__.4
                0x10008fcc       0x15 CMakeFiles/car.dir/C_/Users/quan_/Desktop/School/CSC2003/pico-sdk/src/common/pico_sync/mutex.c.obj
 *fill*         0x10008fe1        0x3 
 .rodata.__assert_func.str1.4
                0x10008fe4       0x3f CMakeFiles/car.dir/C_/Users/quan_/Desktop/School/CSC2003/pico-sdk/src/rp2_common/pico_runtime/runtime.c.obj
                                 0x43 (size before relaxing)
 *fill*         0x10009023        0x1 
 .rodata.runtime_init.str1.4
                0x10009024       0x75 CMakeFiles/car.dir/C_/Users/quan_/Desktop/School/CSC2003/pico-sdk/src/rp2_common/pico_runtime/runtime.c.obj
 *fill*         0x10009099        0x3 
 .rodata.panic.str1.4
                0x1000909c       0x10 CMakeFiles/car.dir/C_/Users/quan_/Desktop/School/CSC2003/pico-sdk/src/rp2_common/pico_runtime/runtime.c.obj
                                 0x12 (size before relaxing)
 .rodata.__func__.1
                0x100090ac        0xd CMakeFiles/car.dir/C_/Users/quan_/Desktop/School/CSC2003/pico-sdk/src/rp2_common/pico_runtime/runtime.c.obj
 *fill*         0x100090b9        0x3 
 .rodata.clock_configure.str1.4
                0x100090bc       0x6b CMakeFiles/car.dir/C_/Users/quan_/Desktop/School/CSC2003/pico-sdk/src/rp2_common/hardware_clocks/clocks.c.obj
 *fill*         0x10009127        0x1 
 .rodata.__func__.1
                0x10009128       0x10 CMakeFiles/car.dir/C_/Users/quan_/Desktop/School/CSC2003/pico-sdk/src/rp2_common/hardware_clocks/clocks.c.obj
 .rodata.pll_init.str1.4
                0x10009138      0x14f CMakeFiles/car.dir/C_/Users/quan_/Desktop/School/CSC2003/pico-sdk/src/rp2_common/hardware_pll/pll.c.obj
 *fill*         0x10009287        0x1 
 .rodata.__func__.0
                0x10009288        0x9 CMakeFiles/car.dir/C_/Users/quan_/Desktop/School/CSC2003/pico-sdk/src/rp2_common/hardware_pll/pll.c.obj
 *fill*         0x10009291        0x3 
 .rodata._ftoa.str1.4
                0x10009294       0x15 CMakeFiles/car.dir/C_/Users/quan_/Desktop/School/CSC2003/pico-sdk/src/rp2_common/pico_printf/printf.c.obj
 *fill*         0x100092a9        0x3 
 .rodata._vsnprintf
                0x100092ac      0x1e0 CMakeFiles/car.dir/C_/Users/quan_/Desktop/School/CSC2003/pico-sdk/src/rp2_common/pico_printf/printf.c.obj
 *fill*         0x1000948c        0x4 
 .rodata.pow10.0
                0x10009490       0x50 CMakeFiles/car.dir/C_/Users/quan_/Desktop/School/CSC2003/pico-sdk/src/rp2_common/pico_printf/printf.c.obj
 .rodata.__aeabi_double_init.str1.4
                0x100094e0       0xbc CMakeFiles/car.dir/C_/Users/quan_/Desktop/School/CSC2003/pico-sdk/src/rp2_common/pico_double/double_init_rom.c.obj
 .rodata.__func__.0
                0x1000959c       0x14 CMakeFiles/car.dir/C_/Users/quan_/Desktop/School/CSC2003/pico-sdk/src/rp2_common/pico_double/double_init_rom.c.obj
 .rodata.__aeabi_float_init.str1.4
                0x100095b0       0x8e CMakeFiles/car.dir/C_/Users/quan_/Desktop/School/CSC2003/pico-sdk/src/rp2_common/pico_float/float_init_rom.c.obj
                                 0x92 (size before relaxing)
 *fill*         0x1000963e        0x2 
 .rodata.__func__.0
                0x10009640       0x13 CMakeFiles/car.dir/C_/Users/quan_/Desktop/School/CSC2003/pico-sdk/src/rp2_common/pico_float/float_init_rom.c.obj
 *fill*         0x10009653        0x1 
 .rodata.str1.4
                0x10009654       0x38 CMakeFiles/car.dir/C_/Users/quan_/Desktop/School/CSC2003/pico-sdk/src/rp2_common/pico_standard_link/binary_info.c.obj
 .rodata.__bi_44
                0x1000968c        0xc CMakeFiles/car.dir/C_/Users/quan_/Desktop/School/CSC2003/pico-sdk/src/rp2_common/pico_standard_link/binary_info.c.obj
 .rodata.__bi_75
                0x10009698        0xc CMakeFiles/car.dir/C_/Users/quan_/Desktop/School/CSC2003/pico-sdk/src/rp2_common/pico_standard_link/binary_info.c.obj
 .rodata.__bi_81
                0x100096a4        0xc CMakeFiles/car.dir/C_/Users/quan_/Desktop/School/CSC2003/pico-sdk/src/rp2_common/pico_standard_link/binary_info.c.obj
 .rodata.crlf_str.3
                0x100096b0        0x2 CMakeFiles/car.dir/C_/Users/quan_/Desktop/School/CSC2003/pico-sdk/src/rp2_common/pico_stdio/stdio.c.obj
 *fill*         0x100096b2        0x2 
 .rodata.str1.4
                0x100096b4       0x2c CMakeFiles/car.dir/C_/Users/quan_/Desktop/School/CSC2003/pico-sdk/src/rp2_common/pico_stdio_uart/stdio_uart.c.obj
 .rodata.__bi_28.4
                0x100096e0        0xc CMakeFiles/car.dir/C_/Users/quan_/Desktop/School/CSC2003/pico-sdk/src/rp2_common/pico_stdio_uart/stdio_uart.c.obj
 .rodata.__bi_29.5
                0x100096ec        0x8 CMakeFiles/car.dir/C_/Users/quan_/Desktop/School/CSC2003/pico-sdk/src/rp2_common/pico_stdio_uart/stdio_uart.c.obj
 .rodata._resetd_driver
                0x100096f4       0x18 CMakeFiles/car.dir/C_/Users/quan_/Desktop/School/CSC2003/pico-sdk/src/rp2_common/pico_stdio_usb/reset_interface.c.obj
 .rodata.timer_task.str1.4
                0x1000970c       0x81 CMakeFiles/car.dir/C_/Users/quan_/Desktop/School/CSC2003/pico-sdk/src/rp2_common/pico_stdio_usb/stdio_usb.c.obj
 .rodata.stdio_usb_init.str1.4
                0x1000978d       0x75 CMakeFiles/car.dir/C_/Users/quan_/Desktop/School/CSC2003/pico-sdk/src/rp2_common/pico_stdio_usb/stdio_usb.c.obj
 *fill*         0x1000978d        0x3 
 .rodata.str1.4
                0x10009790       0x13 CMakeFiles/car.dir/C_/Users/quan_/Desktop/School/CSC2003/pico-sdk/src/rp2_common/pico_stdio_usb/stdio_usb.c.obj
 *fill*         0x100097a3        0x1 
 .rodata.__bi_118.2
                0x100097a4        0xc CMakeFiles/car.dir/C_/Users/quan_/Desktop/School/CSC2003/pico-sdk/src/rp2_common/pico_stdio_usb/stdio_usb.c.obj
 .rodata.__func__.0
                0x100097b0       0x15 CMakeFiles/car.dir/C_/Users/quan_/Desktop/School/CSC2003/pico-sdk/src/rp2_common/pico_stdio_usb/stdio_usb.c.obj
 *fill*         0x100097c5        0x3 
 .rodata.__func__.1
                0x100097c8        0xb CMakeFiles/car.dir/C_/Users/quan_/Desktop/School/CSC2003/pico-sdk/src/rp2_common/pico_stdio_usb/stdio_usb.c.obj
 *fill*         0x100097d3        0x1 
 .rodata.str1.4
                0x100097d4       0x2a CMakeFiles/car.dir/C_/Users/quan_/Desktop/School/CSC2003/pico-sdk/src/rp2_common/pico_stdio_usb/stdio_usb_descriptors.c.obj
 *fill*         0x100097fe        0x2 
 .rodata.usbd_desc_cfg
                0x10009800       0x54 CMakeFiles/car.dir/C_/Users/quan_/Desktop/School/CSC2003/pico-sdk/src/rp2_common/pico_stdio_usb/stdio_usb_descriptors.c.obj
 .rodata.usbd_desc_device
                0x10009854       0x12 CMakeFiles/car.dir/C_/Users/quan_/Desktop/School/CSC2003/pico-sdk/src/rp2_common/pico_stdio_usb/stdio_usb_descriptors.c.obj
 *fill*         0x10009866        0x2 
 .rodata.usbd_desc_str
                0x10009868       0x18 CMakeFiles/car.dir/C_/Users/quan_/Desktop/School/CSC2003/pico-sdk/src/rp2_common/pico_stdio_usb/stdio_usb_descriptors.c.obj
 .rodata._hw_endpoint_alloc.str1.4
                0x10009880       0xc9 CMakeFiles/car.dir/C_/Users/quan_/Desktop/School/CSC2003/pico-sdk/lib/tinyusb/src/portable/raspberrypi/rp2040/dcd_rp2040.c.obj
 *fill*         0x10009949        0x3 
 .rodata.dcd_rp2040_irq.str1.4
                0x1000994c       0x14 CMakeFiles/car.dir/C_/Users/quan_/Desktop/School/CSC2003/pico-sdk/lib/tinyusb/src/portable/raspberrypi/rp2040/dcd_rp2040.c.obj
 .rodata.dcd_int_enable.str1.4
                0x10009960        0xc CMakeFiles/car.dir/C_/Users/quan_/Desktop/School/CSC2003/pico-sdk/lib/tinyusb/src/portable/raspberrypi/rp2040/dcd_rp2040.c.obj
 .rodata.__func__.0
                0x1000996c        0xe CMakeFiles/car.dir/C_/Users/quan_/Desktop/School/CSC2003/pico-sdk/lib/tinyusb/src/portable/raspberrypi/rp2040/dcd_rp2040.c.obj
 *fill*         0x1000997a        0x2 
 .rodata.__func__.1
                0x1000997c        0xe CMakeFiles/car.dir/C_/Users/quan_/Desktop/School/CSC2003/pico-sdk/lib/tinyusb/src/portable/raspberrypi/rp2040/dcd_rp2040.c.obj
 *fill*         0x1000998a        0x2 
 .rodata.__func__.3
                0x1000998c       0x10 CMakeFiles/car.dir/C_/Users/quan_/Desktop/School/CSC2003/pico-sdk/lib/tinyusb/src/portable/raspberrypi/rp2040/dcd_rp2040.c.obj
 .rodata.__func__.5
                0x1000999c        0xf CMakeFiles/car.dir/C_/Users/quan_/Desktop/School/CSC2003/pico-sdk/lib/tinyusb/src/portable/raspberrypi/rp2040/dcd_rp2040.c.obj
 *fill*         0x100099ab        0x1 
 .rodata.__func__.6
                0x100099ac       0x13 CMakeFiles/car.dir/C_/Users/quan_/Desktop/School/CSC2003/pico-sdk/lib/tinyusb/src/portable/raspberrypi/rp2040/dcd_rp2040.c.obj
 *fill*         0x100099bf        0x1 
 .rodata.__func__.7
                0x100099c0        0x9 CMakeFiles/car.dir/C_/Users/quan_/Desktop/School/CSC2003/pico-sdk/lib/tinyusb/src/portable/raspberrypi/rp2040/dcd_rp2040.c.obj
 *fill*         0x100099c9        0x3 
 .rodata.sync_ep_buffer.str1.4
                0x100099cc       0xa5 CMakeFiles/car.dir/C_/Users/quan_/Desktop/School/CSC2003/pico-sdk/lib/tinyusb/src/portable/raspberrypi/rp2040/rp2040_usb.c.obj
 *fill*         0x10009a71        0x3 
 .rodata._hw_endpoint_buffer_control_update32.str1.4
                0x10009a74       0x1f CMakeFiles/car.dir/C_/Users/quan_/Desktop/School/CSC2003/pico-sdk/lib/tinyusb/src/portable/raspberrypi/rp2040/rp2040_usb.c.obj
 *fill*         0x10009a93        0x1 
 .rodata.hw_endpoint_xfer_start.str1.4
                0x10009a94       0x38 CMakeFiles/car.dir/C_/Users/quan_/Desktop/School/CSC2003/pico-sdk/lib/tinyusb/src/portable/raspberrypi/rp2040/rp2040_usb.c.obj
 .rodata.hw_endpoint_xfer_continue.str1.4
                0x10009acc       0x29 CMakeFiles/car.dir/C_/Users/quan_/Desktop/School/CSC2003/pico-sdk/lib/tinyusb/src/portable/raspberrypi/rp2040/rp2040_usb.c.obj
 .rodata.str1.4
                0x10009af5       0x29 CMakeFiles/car.dir/C_/Users/quan_/Desktop/School/CSC2003/pico-sdk/lib/tinyusb/src/portable/raspberrypi/rp2040/rp2040_usb.c.obj
                                  0x7 (size before relaxing)
 *fill*         0x10009af5        0x3 
 .rodata.__func__.0
                0x10009af8        0xf CMakeFiles/car.dir/C_/Users/quan_/Desktop/School/CSC2003/pico-sdk/lib/tinyusb/src/portable/raspberrypi/rp2040/rp2040_usb.c.obj
 *fill*         0x10009b07        0x1 
 .rodata.process_set_config.str1.4
                0x10009b08       0x17 CMakeFiles/car.dir/C_/Users/quan_/Desktop/School/CSC2003/pico-sdk/lib/tinyusb/src/device/usbd.c.obj
 *fill*         0x10009b1f        0x1 
 .rodata.process_get_descriptor
                0x10009b20       0x40 CMakeFiles/car.dir/C_/Users/quan_/Desktop/School/CSC2003/pico-sdk/lib/tinyusb/src/device/usbd.c.obj
 .rodata.process_control_request
                0x10009b60       0x28 CMakeFiles/car.dir/C_/Users/quan_/Desktop/School/CSC2003/pico-sdk/lib/tinyusb/src/device/usbd.c.obj
 .rodata.tud_task
                0x10009b88       0x24 CMakeFiles/car.dir/C_/Users/quan_/Desktop/School/CSC2003/pico-sdk/lib/tinyusb/src/device/usbd.c.obj
 .rodata.__func__.2
                0x10009bac        0xf CMakeFiles/car.dir/C_/Users/quan_/Desktop/School/CSC2003/pico-sdk/lib/tinyusb/src/device/usbd.c.obj
 *fill*         0x10009bbb        0x1 
 .rodata.__func__.3
                0x10009bbc        0xf CMakeFiles/car.dir/C_/Users/quan_/Desktop/School/CSC2003/pico-sdk/lib/tinyusb/src/device/usbd.c.obj
 *fill*         0x10009bcb        0x1 
 .rodata.__func__.4
                0x10009bcc       0x14 CMakeFiles/car.dir/C_/Users/quan_/Desktop/School/CSC2003/pico-sdk/lib/tinyusb/src/device/usbd.c.obj
 .rodata.__func__.5