Archive member included to satisfy reference by file (symbol)

c:/progra~2/gnuarm~1/102020~1/bin/../lib/gcc/arm-none-eabi/10.2.1/thumb/v6-m/nofp\libgcc.a(_dvmd_tls.o)
                              CMakeFiles/ultrasonic.dir/C_/Users/quan_/Desktop/School/CSC2003/pico-sdk/src/rp2_common/pico_divider/divider.S.obj (__aeabi_idiv0)
c:/progra~2/gnuarm~1/102020~1/bin/../lib/gcc/arm-none-eabi/10.2.1/../../../../arm-none-eabi/lib/thumb/v6-m/nofp\libg.a(lib_a-calloc.o)
                              CMakeFiles/ultrasonic.dir/C_/Users/quan_/Desktop/School/CSC2003/pico-sdk/src/rp2_common/pico_malloc/pico_malloc.c.obj (calloc)
c:/progra~2/gnuarm~1/102020~1/bin/../lib/gcc/arm-none-eabi/10.2.1/../../../../arm-none-eabi/lib/thumb/v6-m/nofp\libg.a(lib_a-callocr.o)
                              c:/progra~2/gnuarm~1/102020~1/bin/../lib/gcc/arm-none-eabi/10.2.1/../../../../arm-none-eabi/lib/thumb/v6-m/nofp\libg.a(lib_a-calloc.o) (_calloc_r)
c:/progra~2/gnuarm~1/102020~1/bin/../lib/gcc/arm-none-eabi/10.2.1/../../../../arm-none-eabi/lib/thumb/v6-m/nofp\libg.a(lib_a-ctype_.o)
                              CMakeFiles/ultrasonic.dir/C_/Users/quan_/Desktop/School/CSC2003/pico-sdk/lib/tinyusb/src/tusb.c.obj (_ctype_)
c:/progra~2/gnuarm~1/102020~1/bin/../lib/gcc/arm-none-eabi/10.2.1/../../../../arm-none-eabi/lib/thumb/v6-m/nofp\libg.a(lib_a-impure.o)
                              c:/progra~2/gnuarm~1/102020~1/bin/../lib/gcc/arm-none-eabi/10.2.1/../../../../arm-none-eabi/lib/thumb/v6-m/nofp\libg.a(lib_a-calloc.o) (_impure_ptr)
c:/progra~2/gnuarm~1/102020~1/bin/../lib/gcc/arm-none-eabi/10.2.1/../../../../arm-none-eabi/lib/thumb/v6-m/nofp\libg.a(lib_a-init.o)
                              c:/progra~2/gnuarm~1/102020~1/bin/../lib/gcc/arm-none-eabi/10.2.1/../../../../arm-none-eabi/lib/thumb/v6-m/nofp/crt0.o (__libc_init_array)
c:/progra~2/gnuarm~1/102020~1/bin/../lib/gcc/arm-none-eabi/10.2.1/../../../../arm-none-eabi/lib/thumb/v6-m/nofp\libg.a(lib_a-malloc.o)
                              CMakeFiles/ultrasonic.dir/C_/Users/quan_/Desktop/School/CSC2003/pico-sdk/src/rp2_common/pico_malloc/pico_malloc.c.obj (malloc)
c:/progra~2/gnuarm~1/102020~1/bin/../lib/gcc/arm-none-eabi/10.2.1/../../../../arm-none-eabi/lib/thumb/v6-m/nofp\libg.a(lib_a-mallocr.o)
                              c:/progra~2/gnuarm~1/102020~1/bin/../lib/gcc/arm-none-eabi/10.2.1/../../../../arm-none-eabi/lib/thumb/v6-m/nofp\libg.a(lib_a-callocr.o) (_malloc_r)
c:/progra~2/gnuarm~1/102020~1/bin/../lib/gcc/arm-none-eabi/10.2.1/../../../../arm-none-eabi/lib/thumb/v6-m/nofp\libg.a(lib_a-mlock.o)
                              c:/progra~2/gnuarm~1/102020~1/bin/../lib/gcc/arm-none-eabi/10.2.1/../../../../arm-none-eabi/lib/thumb/v6-m/nofp\libg.a(lib_a-mallocr.o) (__malloc_lock)
c:/progra~2/gnuarm~1/102020~1/bin/../lib/gcc/arm-none-eabi/10.2.1/../../../../arm-none-eabi/lib/thumb/v6-m/nofp\libg.a(lib_a-realloc.o)
                              CMakeFiles/ultrasonic.dir/C_/Users/quan_/Desktop/School/CSC2003/pico-sdk/src/rp2_common/pico_malloc/pico_malloc.c.obj (realloc)
c:/progra~2/gnuarm~1/102020~1/bin/../lib/gcc/arm-none-eabi/10.2.1/../../../../arm-none-eabi/lib/thumb/v6-m/nofp\libg.a(lib_a-reallocr.o)
                              c:/progra~2/gnuarm~1/102020~1/bin/../lib/gcc/arm-none-eabi/10.2.1/../../../../arm-none-eabi/lib/thumb/v6-m/nofp\libg.a(lib_a-realloc.o) (_realloc_r)
c:/progra~2/gnuarm~1/102020~1/bin/../lib/gcc/arm-none-eabi/10.2.1/../../../../arm-none-eabi/lib/thumb/v6-m/nofp\libg.a(lib_a-sbrkr.o)
                              c:/progra~2/gnuarm~1/102020~1/bin/../lib/gcc/arm-none-eabi/10.2.1/../../../../arm-none-eabi/lib/thumb/v6-m/nofp\libg.a(lib_a-mallocr.o) (_sbrk_r)
c:/progra~2/gnuarm~1/102020~1/bin/../lib/gcc/arm-none-eabi/10.2.1/../../../../arm-none-eabi/lib/thumb/v6-m/nofp\libg.a(lib_a-strlen-stub.o)
                              CMakeFiles/ultrasonic.dir/C_/Users/quan_/Desktop/School/CSC2003/pico-sdk/src/rp2_common/pico_stdio/stdio.c.obj (strlen)
c:/progra~2/gnuarm~1/102020~1/bin/../lib/gcc/arm-none-eabi/10.2.1/../../../../arm-none-eabi/lib/thumb/v6-m/nofp\libg.a(lib_a-freer.o)
                              c:/progra~2/gnuarm~1/102020~1/bin/../lib/gcc/arm-none-eabi/10.2.1/../../../../arm-none-eabi/lib/thumb/v6-m/nofp\libg.a(lib_a-malloc.o) (_free_r)
c:/progra~2/gnuarm~1/102020~1/bin/../lib/gcc/arm-none-eabi/10.2.1/../../../../arm-none-eabi/lib/thumb/v6-m/nofp\libg.a(lib_a-lock.o)
                              c:/progra~2/gnuarm~1/102020~1/bin/../lib/gcc/arm-none-eabi/10.2.1/../../../../arm-none-eabi/lib/thumb/v6-m/nofp\libg.a(lib_a-mlock.o) (__retarget_lock_acquire_recursive)
c:/progra~2/gnuarm~1/102020~1/bin/../lib/gcc/arm-none-eabi/10.2.1/../../../../arm-none-eabi/lib/thumb/v6-m/nofp\libg.a(lib_a-memmove.o)
                              c:/progra~2/gnuarm~1/102020~1/bin/../lib/gcc/arm-none-eabi/10.2.1/../../../../arm-none-eabi/lib/thumb/v6-m/nofp\libg.a(lib_a-reallocr.o) (memmove)
[...]
Memory Configuration

Name             Origin             Length             Attributes
FLASH            0x10000000         0x00200000         xr
RAM              0x20000000         0x00040000         xrw
SCRATCH_X        0x20040000         0x00001000         xrw
SCRATCH_Y        0x20041000         0x00001000         xrw
*default*        0x00000000         0xffffffff

Linker script and memory map

LOAD c:/progra~2/gnuarm~1/102020~1/bin/../lib/gcc/arm-none-eabi/10.2.1/thumb/v6-m/nofp/crti.o
LOAD c:/progra~2/gnuarm~1/102020~1/bin/../lib/gcc/arm-none-eabi/10.2.1/thumb/v6-m/nofp/crtbegin.o
LOAD c:/progra~2/gnuarm~1/102020~1/bin/../lib/gcc/arm-none-eabi/10.2.1/../../../../arm-none-eabi/lib/thumb/v6-m/nofp/crt0.o

.flash_begin    0x10000000        0x0
                0x10000000                __flash_binary_start = .

.boot2          0x10000000      0x100
                0x10000000                __boot2_start__ = .
 *(.boot2)
 .boot2         0x10000000      0x100 C:\Users\quan_\AppData\Local\Temp\ccUPSo9X.o
                0x10000100                __boot2_end__ = .
                0x00000001                ASSERT (((__boot2_end__ - __boot2_start__) == 0x100), ERROR: Pico second stage bootloader must be 256 bytes in size)

.text           0x10000100     0x7920
                0x10000100                __logical_binary_start = .
 *(.vectors)
 .vectors       0x10000100       0xd4 CMakeFiles/ultrasonic.dir/C_/Users/quan_/Desktop/School/CSC2003/pico-sdk/src/rp2_common/pico_standard_link/crt0.S.obj
                0x10000100                __VECTOR_TABLE
                0x10000100                __vectors
                0x100001c0                isr_invalid
                0x100001c0                __default_isrs_start
                0x100001c2                isr_nmi
                0x100001c4                isr_hardfault
                0x100001c6                isr_svcall
                0x100001c8                isr_pendsv
                0x100001ca                isr_systick
                0x100001cc                isr_irq23
                0x100001cc                isr_irq18
                0x100001cc                isr_irq11
                0x100001cc                isr_irq28
                0x100001cc                isr_irq19
                0x100001cc                isr_irq0
                0x100001cc                isr_irq6
                0x100001cc                isr_irq5
                0x100001cc                isr_irq12
                0x100001cc                isr_irq22
                0x100001cc                isr_irq31
                0x100001cc                isr_irq17
                0x100001cc                isr_irq27
                0x100001cc                isr_irq30
                0x100001cc                isr_irq2
                0x100001cc                isr_irq10
                0x100001cc                isr_irq8
                0x100001cc                isr_irq24
                0x100001cc                isr_irq1
                0x100001cc                isr_irq7
                0x100001cc                isr_irq21
                0x100001cc                isr_irq20
                0x100001cc                isr_irq15
                0x100001cc                isr_irq25
                0x100001cc                isr_irq13
                0x100001cc                __unhandled_user_irq
                0x100001cc                isr_irq4
                0x100001cc                isr_irq16
                0x100001cc                isr_irq29
                0x100001cc                isr_irq26
                0x100001cc                __default_isrs_end
                0x100001cc                isr_irq3
                0x100001cc                isr_irq14
                0x100001cc                isr_irq9
                0x100001d2                unhandled_user_irq_num_in_r0
 *(.binary_info_header)
 .binary_info_header
                0x100001d4       0x14 CMakeFiles/ultrasonic.dir/C_/Users/quan_/Desktop/School/CSC2003/pico-sdk/src/rp2_common/pico_standard_link/crt0.S.obj
                0x100001e8                __binary_info_header_end = .
 *(.reset)
 .reset         0x100001e8       0xa8 CMakeFiles/ultrasonic.dir/C_/Users/quan_/Desktop/School/CSC2003/pico-sdk/src/rp2_common/pico_standard_link/crt0.S.obj
                0x100001e8                _entry_point
                0x10000266                __get_current_exception
 .reset         0x10000290       0x30 CMakeFiles/ultrasonic.dir/C_/Users/quan_/Desktop/School/CSC2003/pico-sdk/src/rp2_common/pico_standard_link/binary_info.c.obj
 *(.init)
 .init          0x100002c0        0x4 c:/progra~2/gnuarm~1/102020~1/bin/../lib/gcc/arm-none-eabi/10.2.1/thumb/v6-m/nofp/crti.o
                0x100002c0                _init
 *(EXCLUDE_FILE(*libm.a: *libc.a:*lib_a-mem*.o *libgcc.a:) .text*)
 .text          0x100002c4       0x48 c:/progra~2/gnuarm~1/102020~1/bin/../lib/gcc/arm-none-eabi/10.2.1/thumb/v6-m/nofp/crtbegin.o
 .text.initializeSensorValues
                0x1000030c       0x58 CMakeFiles/ultrasonic.dir/ultrasonic.c.obj
                0x1000030c                initializeSensorValues
 .text.setupUltrasonicPins
                0x10000364       0x5c CMakeFiles/ultrasonic.dir/ultrasonic.c.obj
                0x10000364                setupUltrasonicPins
 .text.Smoothing
                0x100003c0       0x64 CMakeFiles/ultrasonic.dir/ultrasonic.c.obj
                0x100003c0                Smoothing
 .text.setTriggerPinHigh
                0x10000424        0xc CMakeFiles/ultrasonic.dir/ultrasonic.c.obj
                0x10000424                setTriggerPinHigh
 .text.triggerUltraSonic_callback
                0x10000430       0x94 CMakeFiles/ultrasonic.dir/ultrasonic.c.obj
                0x10000430                triggerUltraSonic_callback
 .text.setTriggerPinLow
                0x100004c4        0xc CMakeFiles/ultrasonic.dir/ultrasonic.c.obj
                0x100004c4                setTriggerPinLow
 .text.triggerAlarm_callback
                0x100004d0       0x38 CMakeFiles/ultrasonic.dir/ultrasonic.c.obj
                0x100004d0                triggerAlarm_callback
 .text.setEchoPinLow
                0x10000508        0xc CMakeFiles/ultrasonic.dir/ultrasonic.c.obj
                0x10000508                setEchoPinLow
 .text.EchoMaxAlarm_callback_center
                0x10000514       0x40 CMakeFiles/ultrasonic.dir/ultrasonic.c.obj
                0x10000514                EchoMaxAlarm_callback_center
 .text.EchoMaxAlarm_callback_left
                0x10000554       0x40 CMakeFiles/ultrasonic.dir/ultrasonic.c.obj
                0x10000554                EchoMaxAlarm_callback_left
 .text.EchoMaxAlarm_callback_right
                0x10000594       0x40 CMakeFiles/ultrasonic.dir/ultrasonic.c.obj
                0x10000594                EchoMaxAlarm_callback_right
 .text.getDistance
                0x100005d4       0x14 CMakeFiles/ultrasonic.dir/ultrasonic.c.obj
                0x100005d4                getDistance
 .text.echoUltraSonic_callback_center
                0x100005e8      0x13c CMakeFiles/ultrasonic.dir/ultrasonic.c.obj
                0x100005e8                echoUltraSonic_callback_center
 .text.echoUltraSonic_callback_left
                0x10000724      0x13c CMakeFiles/ultrasonic.dir/ultrasonic.c.obj
                0x10000724                echoUltraSonic_callback_left
 .text.echoUltraSonic_callback_right
                0x10000860      0x13c CMakeFiles/ultrasonic.dir/ultrasonic.c.obj
                0x10000860                echoUltraSonic_callback_right
 .text.main     0x1000099c       0xcc CMakeFiles/ultrasonic.dir/ultrasonic.c.obj
                0x1000099c                main
 .text.gpio_set_function
                0x10000a68       0x30 CMakeFiles/ultrasonic.dir/C_/Users/quan_/Desktop/School/CSC2003/pico-sdk/src/rp2_common/hardware_gpio/gpio.c.obj
                0x10000a68                gpio_set_function
 .text.gpio_add_raw_irq_handler_with_order_priority_masked
                0x10000a98       0x40 CMakeFiles/ultrasonic.dir/C_/Users/quan_/Desktop/School/CSC2003/pico-sdk/src/rp2_common/hardware_gpio/gpio.c.obj
                0x10000a98                gpio_add_raw_irq_handler_with_order_priority_masked
 .text.gpio_add_raw_irq_handler_masked
                0x10000ad8        0xa CMakeFiles/ultrasonic.dir/C_/Users/quan_/Desktop/School/CSC2003/pico-sdk/src/rp2_common/hardware_gpio/gpio.c.obj
                0x10000ad8                gpio_add_raw_irq_handler_masked
 *fill*         0x10000ae2        0x2 
 .text.gpio_acknowledge_irq
                0x10000ae4       0x18 CMakeFiles/ultrasonic.dir/C_/Users/quan_/Desktop/School/CSC2003/pico-sdk/src/rp2_common/hardware_gpio/gpio.c.obj
                0x10000ae4                gpio_acknowledge_irq
 .text._gpio_set_irq_enabled
                0x10000afc       0x34 CMakeFiles/ultrasonic.dir/C_/Users/quan_/Desktop/School/CSC2003/pico-sdk/src/rp2_common/hardware_gpio/gpio.c.obj
 .text.gpio_set_irq_enabled
                0x10000b30       0x20 CMakeFiles/ultrasonic.dir/C_/Users/quan_/Desktop/School/CSC2003/pico-sdk/src/rp2_common/hardware_gpio/gpio.c.obj
                0x10000b30                gpio_set_irq_enabled
 .text.gpio_init
                0x10000b50       0x16 CMakeFiles/ultrasonic.dir/C_/Users/quan_/Desktop/School/CSC2003/pico-sdk/src/rp2_common/hardware_gpio/gpio.c.obj
                0x10000b50                gpio_init
 *fill*         0x10000b66        0x2 
 .text.hw_claim_lock
                0x10000b68       0x18 CMakeFiles/ultrasonic.dir/C_/Users/quan_/Desktop/School/CSC2003/pico-sdk/src/rp2_common/hardware_claim/claim.c.obj
                0x10000b68                hw_claim_lock
 .text.hw_claim_unlock
                0x10000b80       0x14 CMakeFiles/ultrasonic.dir/C_/Users/quan_/Desktop/School/CSC2003/pico-sdk/src/rp2_common/hardware_claim/claim.c.obj
                0x10000b80                hw_claim_unlock
 .text.hw_claim_or_assert
                0x10000b94       0x32 CMakeFiles/ultrasonic.dir/C_/Users/quan_/Desktop/School/CSC2003/pico-sdk/src/rp2_common/hardware_claim/claim.c.obj
                0x10000b94                hw_claim_or_assert
 .text.hw_claim_unused_from_range
                0x10000bc6       0x50 CMakeFiles/ultrasonic.dir/C_/Users/quan_/Desktop/School/CSC2003/pico-sdk/src/rp2_common/hardware_claim/claim.c.obj
                0x10000bc6                hw_claim_unused_from_range
 *fill*         0x10000c16        0x2 
 .text.running_on_fpga
                0x10000c18       0x14 CMakeFiles/ultrasonic.dir/C_/Users/quan_/Desktop/School/CSC2003/pico-sdk/src/rp2_common/pico_platform/platform.c.obj
                0x10000c18                running_on_fpga
 .text.spin_locks_reset
                0x10000c2c       0x20 CMakeFiles/ultrasonic.dir/C_/Users/quan_/Desktop/School/CSC2003/pico-sdk/src/rp2_common/hardware_sync/sync.c.obj
                0x10000c2c                spin_locks_reset
 .text.next_striped_spin_lock_num
                0x10000c4c       0x1c CMakeFiles/ultrasonic.dir/C_/Users/quan_/Desktop/School/CSC2003/pico-sdk/src/rp2_common/hardware_sync/sync.c.obj
                0x10000c4c                next_striped_spin_lock_num
 .text.spin_lock_claim_unused
                0x10000c68       0x20 CMakeFiles/ultrasonic.dir/C_/Users/quan_/Desktop/School/CSC2003/pico-sdk/src/rp2_common/hardware_sync/sync.c.obj
                0x10000c68                spin_lock_claim_unused
 .text.set_raw_irq_handler_and_unlock
                0x10000c88       0x28 CMakeFiles/ultrasonic.dir/C_/Users/quan_/Desktop/School/CSC2003/pico-sdk/src/rp2_common/hardware_irq/irq.c.obj
 .text.make_branch
                0x10000cb0       0x48 CMakeFiles/ultrasonic.dir/C_/Users/quan_/Desktop/School/CSC2003/pico-sdk/src/rp2_common/hardware_irq/irq.c.obj
 .text.insert_branch_and_link
                0x10000cf8       0x40 CMakeFiles/ultrasonic.dir/C_/Users/quan_/Desktop/School/CSC2003/pico-sdk/src/rp2_common/hardware_irq/irq.c.obj
 .text.irq_is_enabled
                0x10000d38       0x18 CMakeFiles/ultrasonic.dir/C_/Users/quan_/Desktop/School/CSC2003/pico-sdk/src/rp2_common/hardware_irq/irq.c.obj
                0x10000d38                irq_is_enabled
 .text.irq_set_mask_enabled
                0x10000d50       0x20 CMakeFiles/ultrasonic.dir/C_/Users/quan_/Desktop/School/CSC2003/pico-sdk/src/rp2_common/hardware_irq/irq.c.obj
                0x10000d50                irq_set_mask_enabled
 .text.irq_set_enabled
                0x10000d70        0xe CMakeFiles/ultrasonic.dir/C_/Users/quan_/Desktop/School/CSC2003/pico-sdk/src/rp2_common/hardware_irq/irq.c.obj
                0x10000d70                irq_set_enabled
 *fill*         0x10000d7e        0x2 
 .text.irq_set_pending
                0x10000d80       0x10 CMakeFiles/ultrasonic.dir/C_/Users/quan_/Desktop/School/CSC2003/pico-sdk/src/rp2_common/hardware_irq/irq.c.obj
                0x10000d80                irq_set_pending
 .text.irq_get_vtable_handler
                0x10000d90       0x10 CMakeFiles/ultrasonic.dir/C_/Users/quan_/Desktop/School/CSC2003/pico-sdk/src/rp2_common/hardware_irq/irq.c.obj
                0x10000d90                irq_get_vtable_handler
 .text.irq_has_shared_handler
                0x10000da0       0x24 CMakeFiles/ultrasonic.dir/C_/Users/quan_/Desktop/School/CSC2003/pico-sdk/src/rp2_common/hardware_irq/irq.c.obj
                0x10000da0                irq_has_shared_handler
 .text.irq_set_exclusive_handler
                0x10000dc4       0x54 CMakeFiles/ultrasonic.dir/C_/Users/quan_/Desktop/School/CSC2003/pico-sdk/src/rp2_common/hardware_irq/irq.c.obj
                0x10000dc4                irq_set_exclusive_handler
 .text.irq_add_shared_handler
                0x10000e18      0x230 CMakeFiles/ultrasonic.dir/C_/Users/quan_/Desktop/School/CSC2003/pico-sdk/src/rp2_common/hardware_irq/irq.c.obj
                0x10000e18                irq_add_shared_handler
 .text.irq_remove_handler
                0x10001048      0x1a8 CMakeFiles/ultrasonic.dir/C_/Users/quan_/Desktop/School/CSC2003/pico-sdk/src/rp2_common/hardware_irq/irq.c.obj
                0x10001048                irq_remove_handler
 .text.irq_add_tail_to_free_list
                0x100011f0       0xf0 CMakeFiles/ultrasonic.dir/C_/Users/quan_/Desktop/School/CSC2003/pico-sdk/src/rp2_common/hardware_irq/irq.c.obj
                0x100011f0                irq_add_tail_to_free_list
 .text.irq_init_priorities
                0x100012e0       0x1c CMakeFiles/ultrasonic.dir/C_/Users/quan_/Desktop/School/CSC2003/pico-sdk/src/rp2_common/hardware_irq/irq.c.obj
                0x100012e0                irq_init_priorities
 .text.user_irq_claim_unused
                0x100012fc       0x30 CMakeFiles/ultrasonic.dir/C_/Users/quan_/Desktop/School/CSC2003/pico-sdk/src/rp2_common/hardware_irq/irq.c.obj
                0x100012fc                user_irq_claim_unused
 .text.lock_init
                0x1000132c       0x10 CMakeFiles/ultrasonic.dir/C_/Users/quan_/Desktop/School/CSC2003/pico-sdk/src/common/pico_sync/lock_core.c.obj
                0x1000132c                lock_init
 .text.repeating_timer_callback
                0x1000133c       0x40 CMakeFiles/ultrasonic.dir/C_/Users/quan_/Desktop/School/CSC2003/pico-sdk/src/common/pico_time/time.c.obj
 .text.alarm_pool_post_alloc_init
                0x1000137c       0x40 CMakeFiles/ultrasonic.dir/C_/Users/quan_/Desktop/School/CSC2003/pico-sdk/src/common/pico_time/time.c.obj
 .text.sleep_until_callback
                0x100013bc       0x30 CMakeFiles/ultrasonic.dir/C_/Users/quan_/Desktop/School/CSC2003/pico-sdk/src/common/pico_time/time.c.obj
 .text.timer_pool_entry_comparator
                0x100013ec       0x7c CMakeFiles/ultrasonic.dir/C_/Users/quan_/Desktop/School/CSC2003/pico-sdk/src/common/pico_time/time.c.obj
                0x100013ec                timer_pool_entry_comparator
 .text.ph_add_child_node
                0x10001468       0xa4 CMakeFiles/ultrasonic.dir/C_/Users/quan_/Desktop/School/CSC2003/pico-sdk/src/common/pico_time/time.c.obj
 .text.ph_merge_nodes
                0x1000150c       0x3e CMakeFiles/ultrasonic.dir/C_/Users/quan_/Desktop/School/CSC2003/pico-sdk/src/common/pico_time/time.c.obj
 *fill*         0x1000154a        0x2 
 .text.add_alarm_under_lock
                0x1000154c      0x174 CMakeFiles/ultrasonic.dir/C_/Users/quan_/Desktop/School/CSC2003/pico-sdk/src/common/pico_time/time.c.obj
 .text.alarm_pool_alarm_callback
                0x100016c0      0x328 CMakeFiles/ultrasonic.dir/C_/Users/quan_/Desktop/School/CSC2003/pico-sdk/src/common/pico_time/time.c.obj
 .text.alarm_pool_init_default
                0x100019e8       0x38 CMakeFiles/ultrasonic.dir/C_/Users/quan_/Desktop/School/CSC2003/pico-sdk/src/common/pico_time/time.c.obj
                0x100019e8                alarm_pool_init_default
 .text.alarm_pool_get_default
                0x10001a20       0x2c CMakeFiles/ultrasonic.dir/C_/Users/quan_/Desktop/School/CSC2003/pico-sdk/src/common/pico_time/time.c.obj
                0x10001a20                alarm_pool_get_default
 .text.alarm_pool_add_alarm_at
                0x10001a4c      0x170 CMakeFiles/ultrasonic.dir/C_/Users/quan_/Desktop/School/CSC2003/pico-sdk/src/common/pico_time/time.c.obj
                0x10001a4c                alarm_pool_add_alarm_at
 .text.alarm_pool_cancel_alarm
                0x10001bbc       0xf0 CMakeFiles/ultrasonic.dir/C_/Users/quan_/Desktop/School/CSC2003/pico-sdk/src/common/pico_time/time.c.obj
                0x10001bbc                alarm_pool_cancel_alarm
 .text.alarm_pool_add_repeating_timer_us
                0x10001cac       0x9c CMakeFiles/ultrasonic.dir/C_/Users/quan_/Desktop/School/CSC2003/pico-sdk/src/common/pico_time/time.c.obj
                0x10001cac                alarm_pool_add_repeating_timer_us
 .text.best_effort_wfe_or_timeout
                0x10001d48       0x80 CMakeFiles/ultrasonic.dir/C_/Users/quan_/Desktop/School/CSC2003/pico-sdk/src/common/pico_time/time.c.obj
                0x10001d48                best_effort_wfe_or_timeout
 .text.hardware_alarm_irq_handler
                0x10001dc8       0x8c CMakeFiles/ultrasonic.dir/C_/Users/quan_/Desktop/School/CSC2003/pico-sdk/src/rp2_common/hardware_timer/timer.c.obj
 .text.hardware_alarm_claim
                0x10001e54       0x18 CMakeFiles/ultrasonic.dir/C_/Users/quan_/Desktop/School/CSC2003/pico-sdk/src/rp2_common/hardware_timer/timer.c.obj
                0x10001e54                hardware_alarm_claim
 .text.time_us_64
                0x10001e6c       0x18 CMakeFiles/ultrasonic.dir/C_/Users/quan_/Desktop/School/CSC2003/pico-sdk/src/rp2_common/hardware_timer/timer.c.obj
                0x10001e6c                time_us_64
 .text.hardware_alarm_set_callback
                0x10001e84       0x90 CMakeFiles/ultrasonic.dir/C_/Users/quan_/Desktop/School/CSC2003/pico-sdk/src/rp2_common/hardware_timer/timer.c.obj
                0x10001e84                hardware_alarm_set_callback
 .text.hardware_alarm_set_target
                0x10001f14       0xe8 CMakeFiles/ultrasonic.dir/C_/Users/quan_/Desktop/School/CSC2003/pico-sdk/src/rp2_common/hardware_timer/timer.c.obj
                0x10001f14                hardware_alarm_set_target
 .text.hardware_alarm_cancel
                0x10001ffc       0x40 CMakeFiles/ultrasonic.dir/C_/Users/quan_/Desktop/School/CSC2003/pico-sdk/src/rp2_common/hardware_timer/timer.c.obj
                0x10001ffc                hardware_alarm_cancel
 .text.ph_add_child_node
                0x1000203c       0xa4 CMakeFiles/ultrasonic.dir/C_/Users/quan_/Desktop/School/CSC2003/pico-sdk/src/common/pico_util/pheap.c.obj
 .text.ph_merge_nodes
                0x100020e0       0x3e CMakeFiles/ultrasonic.dir/C_/Users/quan_/Desktop/School/CSC2003/pico-sdk/src/common/pico_util/pheap.c.obj
 *fill*         0x1000211e        0x2 
 .text.ph_clear
                0x10002120       0x70 CMakeFiles/ultrasonic.dir/C_/Users/quan_/Desktop/School/CSC2003/pico-sdk/src/common/pico_util/pheap.c.obj
                0x10002120                ph_clear
 .text.ph_post_alloc_init
                0x10002190        0xe CMakeFiles/ultrasonic.dir/C_/Users/quan_/Desktop/School/CSC2003/pico-sdk/src/common/pico_util/pheap.c.obj
                0x10002190                ph_post_alloc_init
 *fill*         0x1000219e        0x2 
 .text.ph_merge_two_pass
                0x100021a0       0xa8 CMakeFiles/ultrasonic.dir/C_/Users/quan_/Desktop/School/CSC2003/pico-sdk/src/common/pico_util/pheap.c.obj
                0x100021a0                ph_merge_two_pass
 .text.ph_remove_any_head
                0x10002248      0x108 CMakeFiles/ultrasonic.dir/C_/Users/quan_/Desktop/School/CSC2003/pico-sdk/src/common/pico_util/pheap.c.obj
 .text.ph_remove_head
                0x10002350       0x14 CMakeFiles/ultrasonic.dir/C_/Users/quan_/Desktop/School/CSC2003/pico-sdk/src/common/pico_util/pheap.c.obj
                0x10002350                ph_remove_head
 .text.ph_remove_and_free_node
                0x10002364       0xf8 CMakeFiles/ultrasonic.dir/C_/Users/quan_/Desktop/School/CSC2003/pico-sdk/src/common/pico_util/pheap.c.obj
                0x10002364                ph_remove_and_free_node
 .text.mutex_init
                0x1000245c       0x1a CMakeFiles/ultrasonic.dir/C_/Users/quan_/Desktop/School/CSC2003/pico-sdk/src/common/pico_sync/mutex.c.obj
                0x1000245c                mutex_init
 .text.recursive_mutex_init
                0x10002476       0x1e CMakeFiles/ultrasonic.dir/C_/Users/quan_/Desktop/School/CSC2003/pico-sdk/src/common/pico_sync/mutex.c.obj
                0x10002476                recursive_mutex_init
 .text.critical_section_init_with_lock_num
                0x10002494       0x14 CMakeFiles/ultrasonic.dir/C_/Users/quan_/Desktop/School/CSC2003/pico-sdk/src/common/pico_sync/critical_section.c.obj
                0x10002494                critical_section_init_with_lock_num
 .text.critical_section_init
                0x100024a8       0x14 CMakeFiles/ultrasonic.dir/C_/Users/quan_/Desktop/School/CSC2003/pico-sdk/src/common/pico_sync/critical_section.c.obj
                0x100024a8                critical_section_init
 .text._exit    0x100024bc        0x4 CMakeFiles/ultrasonic.dir/C_/Users/quan_/Desktop/School/CSC2003/pico-sdk/src/rp2_common/pico_runtime/runtime.c.obj
                0x100024bc                _exit
 .text.exit     0x100024c0        0x6 CMakeFiles/ultrasonic.dir/C_/Users/quan_/Desktop/School/CSC2003/pico-sdk/src/rp2_common/pico_runtime/runtime.c.obj
                0x100024c0                exit
 *fill*         0x100024c6        0x2 
 .text.__assert_func
                0x100024c8       0x3c CMakeFiles/ultrasonic.dir/C_/Users/quan_/Desktop/School/CSC2003/pico-sdk/src/rp2_common/pico_runtime/runtime.c.obj
                0x100024c8                __assert_func
 .text.runtime_init
                0x10002504       0xf8 CMakeFiles/ultrasonic.dir/C_/Users/quan_/Desktop/School/CSC2003/pico-sdk/src/rp2_common/pico_runtime/runtime.c.obj
                0x10002504                runtime_init
 .text.panic    0x100025fc       0x30 CMakeFiles/ultrasonic.dir/C_/Users/quan_/Desktop/School/CSC2003/pico-sdk/src/rp2_common/pico_runtime/runtime.c.obj
                0x100025fc                panic
 .text.clock_configure
                0x1000262c      0x104 CMakeFiles/ultrasonic.dir/C_/Users/quan_/Desktop/School/CSC2003/pico-sdk/src/rp2_common/hardware_clocks/clocks.c.obj
                0x1000262c                clock_configure
 .text.clocks_init
                0x10002730      0x100 CMakeFiles/ultrasonic.dir/C_/Users/quan_/Desktop/School/CSC2003/pico-sdk/src/rp2_common/hardware_clocks/clocks.c.obj
                0x10002730                clocks_init
 .text.pll_init
                0x10002830      0x140 CMakeFiles/ultrasonic.dir/C_/Users/quan_/Desktop/School/CSC2003/pico-sdk/src/rp2_common/hardware_pll/pll.c.obj
                0x10002830                pll_init
 .text.watchdog_start_tick
                0x10002970       0x10 CMakeFiles/ultrasonic.dir/C_/Users/quan_/Desktop/School/CSC2003/pico-sdk/src/rp2_common/hardware_watchdog/watchdog.c.obj
                0x10002970                watchdog_start_tick
 .text.watchdog_update
                0x10002980       0x14 CMakeFiles/ultrasonic.dir/C_/Users/quan_/Desktop/School/CSC2003/pico-sdk/src/rp2_common/hardware_watchdog/watchdog.c.obj
                0x10002980                watchdog_update
 .text._watchdog_enable
                0x10002994       0x78 CMakeFiles/ultrasonic.dir/C_/Users/quan_/Desktop/School/CSC2003/pico-sdk/src/rp2_common/hardware_watchdog/watchdog.c.obj
                0x10002994                _watchdog_enable
 .text.watchdog_reboot
                0x10002a0c       0x48 CMakeFiles/ultrasonic.dir/C_/Users/quan_/Desktop/School/CSC2003/pico-sdk/src/rp2_common/hardware_watchdog/watchdog.c.obj
                0x10002a0c                watchdog_reboot
 .text.xosc_init
                0x10002a54       0x28 CMakeFiles/ultrasonic.dir/C_/Users/quan_/Desktop/School/CSC2003/pico-sdk/src/rp2_common/hardware_xosc/xosc.c.obj
                0x10002a54                xosc_init
 .text._out_null
                0x10002a7c        0x2 CMakeFiles/ultrasonic.dir/C_/Users/quan_/Desktop/School/CSC2003/pico-sdk/src/rp2_common/pico_printf/printf.c.obj
 .text._out_fct
                0x10002a7e        0xe CMakeFiles/ultrasonic.dir/C_/Users/quan_/Desktop/School/CSC2003/pico-sdk/src/rp2_common/pico_printf/printf.c.obj
 .text._atoi    0x10002a8c       0x24 CMakeFiles/ultrasonic.dir/C_/Users/quan_/Desktop/School/CSC2003/pico-sdk/src/rp2_common/pico_printf/printf.c.obj
 .text._out_rev
                0x10002ab0       0xae CMakeFiles/ultrasonic.dir/C_/Users/quan_/Desktop/School/CSC2003/pico-sdk/src/rp2_common/pico_printf/printf.c.obj
 .text._ntoa_format
                0x10002b5e      0x112 CMakeFiles/ultrasonic.dir/C_/Users/quan_/Desktop/School/CSC2003/pico-sdk/src/rp2_common/pico_printf/printf.c.obj
 .text._ntoa_long
                0x10002c70       0xbc CMakeFiles/ultrasonic.dir/C_/Users/quan_/Desktop/School/CSC2003/pico-sdk/src/rp2_common/pico_printf/printf.c.obj
 .text._ntoa_long_long
                0x10002d2c       0xe2 CMakeFiles/ultrasonic.dir/C_/Users/quan_/Desktop/School/CSC2003/pico-sdk/src/rp2_common/pico_printf/printf.c.obj
 *fill*         0x10002e0e        0x2 
 .text._etoa    0x10002e10      0x414 CMakeFiles/ultrasonic.dir/C_/Users/quan_/Desktop/School/CSC2003/pico-sdk/src/rp2_common/pico_printf/printf.c.obj
 .text._ftoa    0x10003224      0x354 CMakeFiles/ultrasonic.dir/C_/Users/quan_/Desktop/School/CSC2003/pico-sdk/src/rp2_common/pico_printf/printf.c.obj
 .text._vsnprintf
                0x10003578      0x624 CMakeFiles/ultrasonic.dir/C_/Users/quan_/Desktop/School/CSC2003/pico-sdk/src/rp2_common/pico_printf/printf.c.obj
 .text.vfctprintf
                0x10003b9c       0x20 CMakeFiles/ultrasonic.dir/C_/Users/quan_/Desktop/School/CSC2003/pico-sdk/src/rp2_common/pico_printf/printf.c.obj
                0x10003b9c                vfctprintf
 .text          0x10003bbc       0x10 CMakeFiles/ultrasonic.dir/C_/Users/quan_/Desktop/School/CSC2003/pico-sdk/src/rp2_common/pico_bit_ops/bit_ops_aeabi.S.obj
 .text.rom_func_lookup
                0x10003bcc       0x10 CMakeFiles/ultrasonic.dir/C_/Users/quan_/Desktop/School/CSC2003/pico-sdk/src/rp2_common/pico_bootrom/bootrom.c.obj
                0x10003bcc                rom_func_lookup
 .text.rom_data_lookup
                0x10003bdc       0x10 CMakeFiles/ultrasonic.dir/C_/Users/quan_/Desktop/School/CSC2003/pico-sdk/src/rp2_common/pico_bootrom/bootrom.c.obj
                0x10003bdc                rom_data_lookup
 .text.rom_funcs_lookup
                0x10003bec       0x36 CMakeFiles/ultrasonic.dir/C_/Users/quan_/Desktop/School/CSC2003/pico-sdk/src/rp2_common/pico_bootrom/bootrom.c.obj
                0x10003bec                rom_funcs_lookup
 *fill*         0x10003c22        0x2 
 .text.__wrap___aeabi_idiv
                0x10003c24       0x50 CMakeFiles/ultrasonic.dir/C_/Users/quan_/Desktop/School/CSC2003/pico-sdk/src/rp2_common/pico_divider/divider.S.obj
                0x10003c24                __wrap___aeabi_idivmod
                0x10003c24                divmod_s32s32
                0x10003c24                div_s32s32
                0x10003c24                __wrap___aeabi_idiv
                0x10003c2c                divmod_s32s32_unsafe
                0x10003c58                divmod_s32s32_savestate
 .text.__wrap___aeabi_uidiv
                0x10003c74       0x4c CMakeFiles/ultrasonic.dir/C_/Users/quan_/Desktop/School/CSC2003/pico-sdk/src/rp2_common/pico_divider/divider.S.obj
                0x10003c74                __wrap___aeabi_uidiv
                0x10003c74                __wrap___aeabi_uidivmod
                0x10003c74                div_u32u32
                0x10003c74                divmod_u32u32
                0x10003c7c                divmod_u32u32_unsafe
                0x10003ca4                divmod_u32u32_savestate
 .text.__wrap___aeabi_ldiv
                0x10003cc0      0x434 CMakeFiles/ultrasonic.dir/C_/Users/quan_/Desktop/School/CSC2003/pico-sdk/src/rp2_common/pico_divider/divider.S.obj
                0x10003cc0                div_s64s64
                0x10003cc0                divmod_s64s64
                0x10003cc0                __wrap___aeabi_ldivmod
                0x10003cf8                divmod_u64u64
                0x10003cf8                div_u64u64
                0x10003cf8                __wrap___aeabi_uldivmod
                0x10003d08                divmod_u64u64_savestate
                0x10003d30                divmod_s64s64_unsafe
                0x10003db8                divmod_u64u64_unsafe
 .text.__wrap___aeabi_darithmetic
                0x100040f4       0x80 CMakeFiles/ultrasonic.dir/C_/Users/quan_/Desktop/School/CSC2003/pico-sdk/src/rp2_common/pico_double/double_aeabi.S.obj
                0x100040f4                __wrap___aeabi_drsub
                0x100040fa                __wrap___aeabi_dsub
                0x1000410c                __wrap___aeabi_dadd
                0x1000411e                __wrap___aeabi_ddiv
                0x1000415a                __wrap___aeabi_dmul
 .text.__wrap___aeabi_cdcmple
                0x10004174       0x6c CMakeFiles/ultrasonic.dir/C_/Users/quan_/Desktop/School/CSC2003/pico-sdk/src/rp2_common/pico_double/double_aeabi.S.obj
                0x10004174                __wrap___aeabi_cdrcmple
                0x10004184                __wrap___aeabi_cdcmpeq
                0x10004184                __wrap___aeabi_cdcmple
 .text.__wrap___aeabi_dcmplt
                0x100041e0        0xc CMakeFiles/ultrasonic.dir/C_/Users/quan_/Desktop/School/CSC2003/pico-sdk/src/rp2_common/pico_double/double_aeabi.S.obj
                0x100041e0                __wrap___aeabi_dcmplt
 .text.__wrap___aeabi_dcmple
                0x100041ec       0x10 CMakeFiles/ultrasonic.dir/C_/Users/quan_/Desktop/School/CSC2003/pico-sdk/src/rp2_common/pico_double/double_aeabi.S.obj
                0x100041ec                __wrap___aeabi_dcmple
 .text.__wrap___aeabi_dcmpge
                0x100041fc       0x10 CMakeFiles/ultrasonic.dir/C_/Users/quan_/Desktop/School/CSC2003/pico-sdk/src/rp2_common/pico_double/double_aeabi.S.obj
                0x100041fc                __wrap___aeabi_dcmpge
 .text.__wrap___aeabi_dcmpgt
                0x1000420c        0xa CMakeFiles/ultrasonic.dir/C_/Users/quan_/Desktop/School/CSC2003/pico-sdk/src/rp2_common/pico_double/double_aeabi.S.obj
                0x1000420c                __wrap___aeabi_dcmpgt
 .text.__wrap___aeabi_dcmpun
                0x10004216       0x1c CMakeFiles/ultrasonic.dir/C_/Users/quan_/Desktop/School/CSC2003/pico-sdk/src/rp2_common/pico_double/double_aeabi.S.obj
                0x10004216                __wrap___aeabi_dcmpun
 *fill*         0x10004232        0x2 
 .text.__wrap___aeabi_i2d
                0x10004234       0x38 CMakeFiles/ultrasonic.dir/C_/Users/quan_/Desktop/School/CSC2003/pico-sdk/src/rp2_common/pico_double/double_aeabi.S.obj
                0x10004234                __wrap___aeabi_ui2d
                0x1000423c                __wrap___aeabi_i2d
 .text.__wrap___aeabi_d2iz
                0x1000426c       0x48 CMakeFiles/ultrasonic.dir/C_/Users/quan_/Desktop/School/CSC2003/pico-sdk/src/rp2_common/pico_double/double_aeabi.S.obj
                0x1000426c                double2int_z
                0x1000426c                __wrap___aeabi_d2iz
 .text.__wrap___aeabi_d2uiz
                0x100042b4       0x18 CMakeFiles/ultrasonic.dir/C_/Users/quan_/Desktop/School/CSC2003/pico-sdk/src/rp2_common/pico_double/double_aeabi.S.obj
                0x100042b4                __wrap___aeabi_d2uiz
                0x100042b4                double2uint
 .text.__aeabi_double_init
                0x100042cc       0xc8 CMakeFiles/ultrasonic.dir/C_/Users/quan_/Desktop/School/CSC2003/pico-sdk/src/rp2_common/pico_double/double_init_rom.c.obj
                0x100042cc                __aeabi_double_init
 .text.double_table_shim_on_use_helper
                0x10004394       0x34 CMakeFiles/ultrasonic.dir/C_/Users/quan_/Desktop/School/CSC2003/pico-sdk/src/rp2_common/pico_double/double_v1_rom_shim.S.obj
                0x10004394                double_table_shim_on_use_helper
 .text.__wrap___aeabi_dsub
                0x100043c8       0x10 CMakeFiles/ultrasonic.dir/C_/Users/quan_/Desktop/School/CSC2003/pico-sdk/src/rp2_common/pico_double/double_v1_rom_shim.S.obj
                0x100043c8                drsub_shim
                0x100043ce                dsub_shim
 .text.dadd_shim
                0x100043d8      0x15c CMakeFiles/ultrasonic.dir/C_/Users/quan_/Desktop/School/CSC2003/pico-sdk/src/rp2_common/pico_double/double_v1_rom_shim.S.obj
                0x100043d8                dadd_shim
 .text.dmul_shim
                0x10004534      0x15c CMakeFiles/ultrasonic.dir/C_/Users/quan_/Desktop/School/CSC2003/pico-sdk/src/rp2_common/pico_double/double_v1_rom_shim.S.obj
                0x10004534                dmul_shim
 .text.ddiv_shim
                0x10004690      0x1b0 CMakeFiles/ultrasonic.dir/C_/Users/quan_/Desktop/School/CSC2003/pico-sdk/src/rp2_common/pico_double/double_v1_rom_shim.S.obj
                0x10004690                ddiv_shim
 .text.double2uint_shim
                0x10004840        0xe CMakeFiles/ultrasonic.dir/C_/Users/quan_/Desktop/School/CSC2003/pico-sdk/src/rp2_common/pico_double/double_v1_rom_shim.S.obj
                0x10004840                double2uint_shim
                0x10004842                double2ufix_shim
 *fill*         0x1000484e        0x2 
 .text.double2uint64_shim
                0x10004850       0x70 CMakeFiles/ultrasonic.dir/C_/Users/quan_/Desktop/School/CSC2003/pico-sdk/src/rp2_common/pico_double/double_v1_rom_shim.S.obj
                0x10004850                double2uint64_shim
                0x10004852                double2ufix64_shim
                0x10004872                d2fix_a
 .text.dunpacks
                0x100048c0       0x3c CMakeFiles/ultrasonic.dir/C_/Users/quan_/Desktop/School/CSC2003/pico-sdk/src/rp2_common/pico_double/double_v1_rom_shim.S.obj
                0x100048c0                dunpacks
 .text.__aeabi_lmul
                0x100048fc       0x32 CMakeFiles/ultrasonic.dir/C_/Users/quan_/Desktop/School/CSC2003/pico-sdk/src/rp2_common/pico_int64_ops/pico_int64_ops_aeabi.S.obj
                0x100048fc                __wrap___aeabi_lmul
 *fill*         0x1000492e        0x2 
 .text.__aeabi_float_init
                0x10004930       0xfc CMakeFiles/ultrasonic.dir/C_/Users/quan_/Desktop/School/CSC2003/pico-sdk/src/rp2_common/pico_float/float_init_rom.c.obj
                0x10004930                __aeabi_float_init
 .text.float_table_shim_on_use_helper
                0x10004a2c       0x34 CMakeFiles/ultrasonic.dir/C_/Users/quan_/Desktop/School/CSC2003/pico-sdk/src/rp2_common/pico_float/float_v1_rom_shim.S.obj
                0x10004a2c                float_table_shim_on_use_helper
 .text          0x10004a60       0x10 CMakeFiles/ultrasonic.dir/C_/Users/quan_/Desktop/School/CSC2003/pico-sdk/src/rp2_common/pico_mem_ops/mem_ops_aeabi.S.obj
                0x10004a60                __aeabi_mem_init
 .text.memset   0x10004a70        0xc CMakeFiles/ultrasonic.dir/C_/Users/quan_/Desktop/School/CSC2003/pico-sdk/src/rp2_common/pico_mem_ops/mem_ops_aeabi.S.obj
                0x10004a70                __wrap_memset
 .text.memcpy   0x10004a7c        0xc CMakeFiles/ultrasonic.dir/C_/Users/quan_/Desktop/School/CSC2003/pico-sdk/src/rp2_common/pico_mem_ops/mem_ops_aeabi.S.obj
                0x10004a7c                __wrap_memcpy
                0x10004a7c                __wrap___aeabi_memcpy
 .text.stdio_out_chars_no_crlf
                0x10004a88        0xe CMakeFiles/ultrasonic.dir/C_/Users/quan_/Desktop/School/CSC2003/pico-sdk/src/rp2_common/pico_stdio/stdio.c.obj
 *fill*         0x10004a96        0x2 
 .text.stdio_out_chars_crlf
                0x10004a98       0x80 CMakeFiles/ultrasonic.dir/C_/Users/quan_/Desktop/School/CSC2003/pico-sdk/src/rp2_common/pico_stdio/stdio.c.obj
 .text.stdio_stack_buffer_flush
                0x10004b18       0x44 CMakeFiles/ultrasonic.dir/C_/Users/quan_/Desktop/School/CSC2003/pico-sdk/src/rp2_common/pico_stdio/stdio.c.obj
 .text.stdio_buffered_printer
                0x10004b5c       0x20 CMakeFiles/ultrasonic.dir/C_/Users/quan_/Desktop/School/CSC2003/pico-sdk/src/rp2_common/pico_stdio/stdio.c.obj
 .text.stdout_serialize_begin
                0x10004b7c       0x30 CMakeFiles/ultrasonic.dir/C_/Users/quan_/Desktop/School/CSC2003/pico-sdk/src/rp2_common/pico_stdio/stdio.c.obj
                0x10004b7c                stdout_serialize_begin
 .text.stdout_serialize_end
                0x10004bac       0x10 CMakeFiles/ultrasonic.dir/C_/Users/quan_/Desktop/School/CSC2003/pico-sdk/src/rp2_common/pico_stdio/stdio.c.obj
                0x10004bac                stdout_serialize_end
 .text.stdio_put_string
                0x10004bbc       0x98 CMakeFiles/ultrasonic.dir/C_/Users/quan_/Desktop/School/CSC2003/pico-sdk/src/rp2_common/pico_stdio/stdio.c.obj
 .text.stdio_set_driver_enabled
                0x10004c54       0x2c CMakeFiles/ultrasonic.dir/C_/Users/quan_/Desktop/School/CSC2003/pico-sdk/src/rp2_common/pico_stdio/stdio.c.obj
                0x10004c54                stdio_set_driver_enabled
 .text.stdio_flush
                0x10004c80       0x20 CMakeFiles/ultrasonic.dir/C_/Users/quan_/Desktop/School/CSC2003/pico-sdk/src/rp2_common/pico_stdio/stdio.c.obj
                0x10004c80                stdio_flush
 .text.__wrap_puts
                0x10004ca0       0x1e CMakeFiles/ultrasonic.dir/C_/Users/quan_/Desktop/School/CSC2003/pico-sdk/src/rp2_common/pico_stdio/stdio.c.obj
                0x10004ca0                __wrap_puts
 *fill*         0x10004cbe        0x2 
 .text.__wrap_vprintf
                0x10004cc0       0x44 CMakeFiles/ultrasonic.dir/C_/Users/quan_/Desktop/School/CSC2003/pico-sdk/src/rp2_common/pico_stdio/stdio.c.obj
                0x10004cc0                __wrap_vprintf
 .text.__wrap_printf
                0x10004d04       0x18 CMakeFiles/ultrasonic.dir/C_/Users/quan_/Desktop/School/CSC2003/pico-sdk/src/rp2_common/pico_stdio/stdio.c.obj
                0x10004d04                __wrap_printf
 .text.stdio_init_all
                0x10004d1c        0x8 CMakeFiles/ultrasonic.dir/C_/Users/quan_/Desktop/School/CSC2003/pico-sdk/src/rp2_common/pico_stdio/stdio.c.obj
                0x10004d1c                stdio_init_all
 .text.resetd_init
                0x10004d24        0x2 CMakeFiles/ultrasonic.dir/C_/Users/quan_/Desktop/School/CSC2003/pico-sdk/src/rp2_common/pico_stdio_usb/reset_interface.c.obj
 *fill*         0x10004d26        0x2 
 .text.resetd_reset
                0x10004d28        0xc CMakeFiles/ultrasonic.dir/C_/Users/quan_/Desktop/School/CSC2003/pico-sdk/src/rp2_common/pico_stdio_usb/reset_interface.c.obj
 .text.resetd_open
                0x10004d34       0x34 CMakeFiles/ultrasonic.dir/C_/Users/quan_/Desktop/School/CSC2003/pico-sdk/src/rp2_common/pico_stdio_usb/reset_interface.c.obj
 .text.resetd_xfer_cb
                0x10004d68        0x4 CMakeFiles/ultrasonic.dir/C_/Users/quan_/Desktop/School/CSC2003/pico-sdk/src/rp2_common/pico_stdio_usb/reset_interface.c.obj
 .text.reset_usb_boot
                0x10004d6c       0x18 CMakeFiles/ultrasonic.dir/C_/Users/quan_/Desktop/School/CSC2003/pico-sdk/src/rp2_common/pico_stdio_usb/reset_interface.c.obj
 .text.resetd_control_xfer_cb
                0x10004d84       0x5c CMakeFiles/ultrasonic.dir/C_/Users/quan_/Desktop/School/CSC2003/pico-sdk/src/rp2_common/pico_stdio_usb/reset_interface.c.obj
 .text.usbd_app_driver_get_cb
                0x10004de0        0xc CMakeFiles/ultrasonic.dir/C_/Users/quan_/Desktop/School/CSC2003/pico-sdk/src/rp2_common/pico_stdio_usb/reset_interface.c.obj
                0x10004de0                usbd_app_driver_get_cb
 .text.tud_cdc_line_coding_cb
                0x10004dec       0x28 CMakeFiles/ultrasonic.dir/C_/Users/quan_/Desktop/School/CSC2003/pico-sdk/src/rp2_common/pico_stdio_usb/reset_interface.c.obj
                0x10004dec                tud_cdc_line_coding_cb
 .text.stdio_usb_in_chars
                0x10004e14       0x70 CMakeFiles/ultrasonic.dir/C_/Users/quan_/Desktop/School/CSC2003/pico-sdk/src/rp2_common/pico_stdio_usb/stdio_usb.c.obj
                0x10004e14                stdio_usb_in_chars
 .text.low_priority_worker_irq
                0x10004e84       0x20 CMakeFiles/ultrasonic.dir/C_/Users/quan_/Desktop/School/CSC2003/pico-sdk/src/rp2_common/pico_stdio_usb/stdio_usb.c.obj
 .text.stdio_usb_out_chars
                0x10004ea4       0xd4 CMakeFiles/ultrasonic.dir/C_/Users/quan_/Desktop/School/CSC2003/pico-sdk/src/rp2_common/pico_stdio_usb/stdio_usb.c.obj
 .text.timer_task
                0x10004f78       0x40 CMakeFiles/ultrasonic.dir/C_/Users/quan_/Desktop/School/CSC2003/pico-sdk/src/rp2_common/pico_stdio_usb/stdio_usb.c.obj
 .text.usb_irq  0x10004fb8       0x10 CMakeFiles/ultrasonic.dir/C_/Users/quan_/Desktop/School/CSC2003/pico-sdk/src/rp2_common/pico_stdio_usb/stdio_usb.c.obj
 .text.stdio_usb_init
                0x10004fc8       0xec CMakeFiles/ultrasonic.dir/C_/Users/quan_/Desktop/School/CSC2003/pico-sdk/src/rp2_common/pico_stdio_usb/stdio_usb.c.obj
                0x10004fc8                stdio_usb_init
 .text.tud_descriptor_device_cb
                0x100050b4        0x8 CMakeFiles/ultrasonic.dir/C_/Users/quan_/Desktop/School/CSC2003/pico-sdk/src/rp2_common/pico_stdio_usb/stdio_usb_descriptors.c.obj
                0x100050b4                tud_descriptor_device_cb
 .text.tud_descriptor_configuration_cb
                0x100050bc        0x8 CMakeFiles/ultrasonic.dir/C_/Users/quan_/Desktop/School/CSC2003/pico-sdk/src/rp2_common/pico_stdio_usb/stdio_usb_descriptors.c.obj
                0x100050bc                tud_descriptor_configuration_cb
 .text.tud_descriptor_string_cb
                0x100050c4       0x6c CMakeFiles/ultrasonic.dir/C_/Users/quan_/Desktop/School/CSC2003/pico-sdk/src/rp2_common/pico_stdio_usb/stdio_usb_descriptors.c.obj
                0x100050c4                tud_descriptor_string_cb
 .text.hw_endpoint_get_by_addr
                0x10005130       0x18 CMakeFiles/ultrasonic.dir/C_/Users/quan_/Desktop/School/CSC2003/pico-sdk/lib/tinyusb/src/portable/raspberrypi/rp2040/dcd_rp2040.c.obj
 .text.reset_ep0_pid
                0x10005148       0x28 CMakeFiles/ultrasonic.dir/C_/Users/quan_/Desktop/School/CSC2003/pico-sdk/lib/tinyusb/src/portable/raspberrypi/rp2040/dcd_rp2040.c.obj
 .text._hw_endpoint_alloc
                0x10005170       0x70 CMakeFiles/ultrasonic.dir/C_/Users/quan_/Desktop/School/CSC2003/pico-sdk/lib/tinyusb/src/portable/raspberrypi/rp2040/dcd_rp2040.c.obj
 .text.hw_endpoint_init
                0x100051e0       0x88 CMakeFiles/ultrasonic.dir/C_/Users/quan_/Desktop/School/CSC2003/pico-sdk/lib/tinyusb/src/portable/raspberrypi/rp2040/dcd_rp2040.c.obj
 .text.reset_non_control_endpoints
                0x10005268       0x40 CMakeFiles/ultrasonic.dir/C_/Users/quan_/Desktop/School/CSC2003/pico-sdk/lib/tinyusb/src/portable/raspberrypi/rp2040/dcd_rp2040.c.obj
 .text.hw_handle_buff_status
                0x100052a8       0x8c CMakeFiles/ultrasonic.dir/C_/Users/quan_/Desktop/School/CSC2003/pico-sdk/lib/tinyusb/src/portable/raspberrypi/rp2040/dcd_rp2040.c.obj
 .text.dcd_rp2040_irq
                0x10005334       0xc0 CMakeFiles/ultrasonic.dir/C_/Users/quan_/Desktop/School/CSC2003/pico-sdk/lib/tinyusb/src/portable/raspberrypi/rp2040/dcd_rp2040.c.obj
 .text.hw_endpoint_xfer
                0x100053f4       0x14 CMakeFiles/ultrasonic.dir/C_/Users/quan_/Desktop/School/CSC2003/pico-sdk/lib/tinyusb/src/portable/raspberrypi/rp2040/dcd_rp2040.c.obj
 .text.dcd_int_enable
                0x10005408       0x2c CMakeFiles/ultrasonic.dir/C_/Users/quan_/Desktop/School/CSC2003/pico-sdk/lib/tinyusb/src/portable/raspberrypi/rp2040/dcd_rp2040.c.obj
                0x10005408                dcd_int_enable
 .text.dcd_set_address
                0x10005434       0x2c CMakeFiles/ultrasonic.dir/C_/Users/quan_/Desktop/School/CSC2003/pico-sdk/lib/tinyusb/src/portable/raspberrypi/rp2040/dcd_rp2040.c.obj
                0x10005434                dcd_set_address
 .text.dcd_connect
                0x10005460       0x10 CMakeFiles/ultrasonic.dir/C_/Users/quan_/Desktop/School/CSC2003/pico-sdk/lib/tinyusb/src/portable/raspberrypi/rp2040/dcd_rp2040.c.obj
                0x10005460                dcd_connect
 .text.dcd_init
                0x10005470       0x7c CMakeFiles/ultrasonic.dir/C_/Users/quan_/Desktop/School/CSC2003/pico-sdk/lib/tinyusb/src/portable/raspberrypi/rp2040/dcd_rp2040.c.obj
                0x10005470                dcd_init
 .text.dcd_edpt0_status_complete
                0x100054ec       0x1c CMakeFiles/ultrasonic.dir/C_/Users/quan_/Desktop/School/CSC2003/pico-sdk/lib/tinyusb/src/portable/raspberrypi/rp2040/dcd_rp2040.c.obj
                0x100054ec                dcd_edpt0_status_complete
 .text.dcd_edpt_open
                0x10005508       0x40 CMakeFiles/ultrasonic.dir/C_/Users/quan_/Desktop/School/CSC2003/pico-sdk/lib/tinyusb/src/portable/raspberrypi/rp2040/dcd_rp2040.c.obj
                0x10005508                dcd_edpt_open
 .text.dcd_edpt_close_all
                0x10005548        0x8 CMakeFiles/ultrasonic.dir/C_/Users/quan_/Desktop/School/CSC2003/pico-sdk/lib/tinyusb/src/portable/raspberrypi/rp2040/dcd_rp2040.c.obj
                0x10005548                dcd_edpt_close_all
 .text.dcd_edpt_xfer
                0x10005550       0x30 CMakeFiles/ultrasonic.dir/C_/Users/quan_/Desktop/School/CSC2003/pico-sdk/lib/tinyusb/src/portable/raspberrypi/rp2040/dcd_rp2040.c.obj
                0x10005550                dcd_edpt_xfer
 .text.dcd_edpt_stall
                0x10005580       0x2c CMakeFiles/ultrasonic.dir/C_/Users/quan_/Desktop/School/CSC2003/pico-sdk/lib/tinyusb/src/portable/raspberrypi/rp2040/dcd_rp2040.c.obj
                0x10005580                dcd_edpt_stall
 .text.dcd_edpt_clear_stall
                0x100055ac       0x20 CMakeFiles/ultrasonic.dir/C_/Users/quan_/Desktop/School/CSC2003/pico-sdk/lib/tinyusb/src/portable/raspberrypi/rp2040/dcd_rp2040.c.obj
                0x100055ac                dcd_edpt_clear_stall
 .text.prepare_ep_buffer
                0x100055cc       0x70 CMakeFiles/ultrasonic.dir/C_/Users/quan_/Desktop/School/CSC2003/pico-sdk/lib/tinyusb/src/portable/raspberrypi/rp2040/rp2040_usb.c.obj
 .text.sync_ep_buffer
                0x1000563c       0x7c CMakeFiles/ultrasonic.dir/C_/Users/quan_/Desktop/School/CSC2003/pico-sdk/lib/tinyusb/src/portable/raspberrypi/rp2040/rp2040_usb.c.obj
 .text._hw_endpoint_xfer_sync
                0x100056b8       0x28 CMakeFiles/ultrasonic.dir/C_/Users/quan_/Desktop/School/CSC2003/pico-sdk/lib/tinyusb/src/portable/raspberrypi/rp2040/rp2040_usb.c.obj
 .text.rp2040_usb_init
                0x100056e0       0x4c CMakeFiles/ultrasonic.dir/C_/Users/quan_/Desktop/School/CSC2003/pico-sdk/lib/tinyusb/src/portable/raspberrypi/rp2040/rp2040_usb.c.obj
                0x100056e0                rp2040_usb_init
 .text.hw_endpoint_reset_transfer
                0x1000572c        0xc CMakeFiles/ultrasonic.dir/C_/Users/quan_/Desktop/School/CSC2003/pico-sdk/lib/tinyusb/src/portable/raspberrypi/rp2040/rp2040_usb.c.obj
                0x1000572c                hw_endpoint_reset_transfer
 .text._hw_endpoint_buffer_control_update32
                0x10005738       0x58 CMakeFiles/ultrasonic.dir/C_/Users/quan_/Desktop/School/CSC2003/pico-sdk/lib/tinyusb/src/portable/raspberrypi/rp2040/rp2040_usb.c.obj
                0x10005738                _hw_endpoint_buffer_control_update32
 .text._hw_endpoint_start_next_buffer
                0x10005790       0x74 CMakeFiles/ultrasonic.dir/C_/Users/quan_/Desktop/School/CSC2003/pico-sdk/lib/tinyusb/src/portable/raspberrypi/rp2040/rp2040_usb.c.obj
 .text.hw_endpoint_xfer_start
                0x10005804       0x48 CMakeFiles/ultrasonic.dir/C_/Users/quan_/Desktop/School/CSC2003/pico-sdk/lib/tinyusb/src/portable/raspberrypi/rp2040/rp2040_usb.c.obj
                0x10005804                hw_endpoint_xfer_start
 .text.hw_endpoint_xfer_continue
                0x1000584c       0x38 CMakeFiles/ultrasonic.dir/C_/Users/quan_/Desktop/School/CSC2003/pico-sdk/lib/tinyusb/src/portable/raspberrypi/rp2040/rp2040_usb.c.obj
                0x1000584c                hw_endpoint_xfer_continue
 .text.configuration_reset
                0x10005884       0x84 CMakeFiles/ultrasonic.dir/C_/Users/quan_/Desktop/School/CSC2003/pico-sdk/lib/tinyusb/src/device/usbd.c.obj
 .text.usbd_reset
                0x10005908        0xc CMakeFiles/ultrasonic.dir/C_/Users/quan_/Desktop/School/CSC2003/pico-sdk/lib/tinyusb/src/device/usbd.c.obj
 .text.invoke_class_control
                0x10005914       0x1a CMakeFiles/ultrasonic.dir/C_/Users/quan_/Desktop/School/CSC2003/pico-sdk/lib/tinyusb/src/device/usbd.c.obj
 *fill*         0x1000592e        0x2 
 .text.process_set_config
                0x10005930      0x1b0 CMakeFiles/ultrasonic.dir/C_/Users/quan_/Desktop/School/CSC2003/pico-sdk/lib/tinyusb/src/device/usbd.c.obj
 .text.process_get_descriptor
                0x10005ae0       0xec CMakeFiles/ultrasonic.dir/C_/Users/quan_/Desktop/School/CSC2003/pico-sdk/lib/tinyusb/src/device/usbd.c.obj
 .text.tud_mounted
                0x10005bcc       0x10 CMakeFiles/ultrasonic.dir/C_/Users/quan_/Desktop/School/CSC2003/pico-sdk/lib/tinyusb/src/device/usbd.c.obj
                0x10005bcc                tud_mounted
 .text.tud_suspended
                0x10005bdc       0x10 CMakeFiles/ultrasonic.dir/C_/Users/quan_/Desktop/School/CSC2003/pico-sdk/lib/tinyusb/src/device/usbd.c.obj
                0x10005bdc                tud_suspended
 .text.tud_inited
                0x10005bec        0xc CMakeFiles/ultrasonic.dir/C_/Users/quan_/Desktop/School/CSC2003/pico-sdk/lib/tinyusb/src/device/usbd.c.obj
                0x10005bec                tud_inited
 .text.tud_init
                0x10005bf8       0xcc CMakeFiles/ultrasonic.dir/C_/Users/quan_/Desktop/School/CSC2003/pico-sdk/lib/tinyusb/src/device/usbd.c.obj
                0x10005bf8                tud_init
 .text.dcd_event_handler
                0x10005cc4      0x1e0 CMakeFiles/ultrasonic.dir/C_/Users/quan_/Desktop/School/CSC2003/pico-sdk/lib/tinyusb/src/device/usbd.c.obj
                0x10005cc4                dcd_event_handler
 .text.dcd_event_bus_signal
                0x10005ea4       0x26 CMakeFiles/ultrasonic.dir/C_/Users/quan_/Desktop/School/CSC2003/pico-sdk/lib/tinyusb/src/device/usbd.c.obj
                0x10005ea4                dcd_event_bus_signal
 .text.dcd_event_bus_reset
                0x10005eca       0x2a CMakeFiles/ultrasonic.dir/C_/Users/quan_/Desktop/School/CSC2003/pico-sdk/lib/tinyusb/src/device/usbd.c.obj
                0x10005eca                dcd_event_bus_reset
 .text.dcd_event_setup_received
                0x10005ef4       0x34 CMakeFiles/ultrasonic.dir/C_/Users/quan_/Desktop/School/CSC2003/pico-sdk/lib/tinyusb/src/device/usbd.c.obj
                0x10005ef4                dcd_event_setup_received
 .text.dcd_event_xfer_complete
                0x10005f28       0x44 CMakeFiles/ultrasonic.dir/C_/Users/quan_/Desktop/School/CSC2003/pico-sdk/lib/tinyusb/src/device/usbd.c.obj
                0x10005f28                dcd_event_xfer_complete
 .text.usbd_edpt_open
                0x10005f6c       0x58 CMakeFiles/ultrasonic.dir/C_/Users/quan_/Desktop/School/CSC2003/pico-sdk/lib/tinyusb/src/device/usbd.c.obj
                0x10005f6c                usbd_edpt_open
 .text.usbd_open_edpt_pair
                0x10005fc4       0x8c CMakeFiles/ultrasonic.dir/C_/Users/quan_/Desktop/School/CSC2003/pico-sdk/lib/tinyusb/src/device/usbd.c.obj
                0x10005fc4                usbd_open_edpt_pair
 .text.usbd_edpt_claim
                0x10006050       0x8c CMakeFiles/ultrasonic.dir/C_/Users/quan_/Desktop/School/CSC2003/pico-sdk/lib/tinyusb/src/device/usbd.c.obj
                0x10006050                usbd_edpt_claim
 .text.usbd_edpt_release
                0x100060dc       0x68 CMakeFiles/ultrasonic.dir/C_/Users/quan_/Desktop/School/CSC2003/pico-sdk/lib/tinyusb/src/device/usbd.c.obj
                0x100060dc                usbd_edpt_release
 .text.usbd_edpt_xfer
                0x10006144       0x80 CMakeFiles/ultrasonic.dir/C_/Users/quan_/Desktop/School/CSC2003/pico-sdk/lib/tinyusb/src/device/usbd.c.obj
                0x10006144                usbd_edpt_xfer
 .text.usbd_edpt_stall
                0x100061c4       0x40 CMakeFiles/ultrasonic.dir/C_/Users/quan_/Desktop/School/CSC2003/pico-sdk/lib/tinyusb/src/device/usbd.c.obj
                0x100061c4                usbd_edpt_stall
 .text.usbd_edpt_clear_stall
                0x10006204       0x40 CMakeFiles/ultrasonic.dir/C_/Users/quan_/Desktop/School/CSC2003/pico-sdk/lib/tinyusb/src/device/usbd.c.obj
                0x10006204                usbd_edpt_clear_stall
 .text.usbd_edpt_stalled
                0x10006244       0x1c CMakeFiles/ultrasonic.dir/C_/Users/quan_/Desktop/School/CSC2003/pico-sdk/lib/tinyusb/src/device/usbd.c.obj
                0x10006244                usbd_edpt_stalled
 .text.process_control_request
                0x10006260      0x3b8 CMakeFiles/ultrasonic.dir/C_/Users/quan_/Desktop/School/CSC2003/pico-sdk/lib/tinyusb/src/device/usbd.c.obj
 .text.tud_task
                0x10006618      0x218 CMakeFiles/ultrasonic.dir/C_/Users/quan_/Desktop/School/CSC2003/pico-sdk/lib/tinyusb/src/device/usbd.c.obj
                0x10006618                tud_task
 .text._data_stage_xact
                0x10006830       0x58 CMakeFiles/ultrasonic.dir/C_/Users/quan_/Desktop/School/CSC2003/pico-sdk/lib/tinyusb/src/device/usbd_control.c.obj
 .text.tud_control_status
                0x10006888       0x38 CMakeFiles/ultrasonic.dir/C_/Users/quan_/Desktop/School/CSC2003/pico-sdk/lib/tinyusb/src/device/usbd_control.c.obj
                0x10006888                tud_control_status
 .text.tud_control_xfer
                0x100068c0       0xa8 CMakeFiles/ultrasonic.dir/C_/Users/quan_/Desktop/School/CSC2003/pico-sdk/lib/tinyusb/src/device/usbd_control.c.obj
                0x100068c0                tud_control_xfer
 .text.usbd_control_reset
                0x10006968       0x14 CMakeFiles/ultrasonic.dir/C_/Users/quan_/Desktop/School/CSC2003/pico-sdk/lib/tinyusb/src/device/usbd_control.c.obj
                0x10006968                usbd_control_reset
 .text.usbd_control_set_complete_callback
                0x1000697c        0xc CMakeFiles/ultrasonic.dir/C_/Users/quan_/Desktop/School/CSC2003/pico-sdk/lib/tinyusb/src/device/usbd_control.c.obj
                0x1000697c                usbd_control_set_complete_callback
 .text.usbd_control_set_request
                0x10006988       0x1c CMakeFiles/ultrasonic.dir/C_/Users/quan_/Desktop/School/CSC2003/pico-sdk/lib/tinyusb/src/device/usbd_control.c.obj
                0x10006988                usbd_control_set_request
 .text.usbd_control_xfer_cb
                0x100069a4       0xfc CMakeFiles/ultrasonic.dir/C_/Users/quan_/Desktop/School/CSC2003/pico-sdk/lib/tinyusb/src/device/usbd_control.c.obj
                0x100069a4                usbd_control_xfer_cb
 .text._prep_out_transaction
                0x10006aa0       0x46 CMakeFiles/ultrasonic.dir/C_/Users/quan_/Desktop/School/CSC2003/pico-sdk/lib/tinyusb/src/class/cdc/cdc_device.c.obj
 *fill*         0x10006ae6        0x2 
 .text.tud_cdc_n_connected
                0x10006ae8       0x44 CMakeFiles/ultrasonic.dir/C_/Users/quan_/Desktop/School/CSC2003/pico-sdk/lib/tinyusb/src/class/cdc/cdc_device.c.obj
                0x10006ae8                tud_cdc_n_connected
 .text.tud_cdc_n_available
                0x10006b2c       0x18 CMakeFiles/ultrasonic.dir/C_/Users/quan_/Desktop/School/CSC2003/pico-sdk/lib/tinyusb/src/class/cdc/cdc_device.c.obj
                0x10006b2c                tud_cdc_n_available
 .text.tud_cdc_n_read
                0x10006b44       0x28 CMakeFiles/ultrasonic.dir/C_/Users/quan_/Desktop/School/CSC2003/pico-sdk/lib/tinyusb/src/class/cdc/cdc_device.c.obj
                0x10006b44                tud_cdc_n_read
 .text.tud_cdc_n_write_flush
                0x10006b6c       0xcc CMakeFiles/ultrasonic.dir/C_/Users/quan_/Desktop/School/CSC2003/pico-sdk/lib/tinyusb/src/class/cdc/cdc_device.c.obj
                0x10006b6c                tud_cdc_n_write_flush
 .text.tud_cdc_n_write
                0x10006c38       0x38 CMakeFiles/ultrasonic.dir/C_/Users/quan_/Desktop/School/CSC2003/pico-sdk/lib/tinyusb/src/class/cdc/cdc_device.c.obj
                0x10006c38                tud_cdc_n_write
 .text.tud_cdc_n_write_available
                0x10006c70       0x1c CMakeFiles/ultrasonic.dir/C_/Users/quan_/Desktop/School/CSC2003/pico-sdk/lib/tinyusb/src/class/cdc/cdc_device.c.obj
                0x10006c70                tud_cdc_n_write_available
 .text.cdcd_init
                0x10006c8c       0xbc CMakeFiles/ultrasonic.dir/C_/Users/quan_/Desktop/School/CSC2003/pico-sdk/lib/tinyusb/src/class/cdc/cdc_device.c.obj
                0x10006c8c                cdcd_init
 .text.cdcd_reset
                0x10006d48       0x44 CMakeFiles/ultrasonic.dir/C_/Users/quan_/Desktop/School/CSC2003/pico-sdk/lib/tinyusb/src/class/cdc/cdc_device.c.obj
                0x10006d48                cdcd_reset
 .text.cdcd_open
                0x10006d8c       0xf8 CMakeFiles/ultrasonic.dir/C_/Users/quan_/Desktop/School/CSC2003/pico-sdk/lib/tinyusb/src/class/cdc/cdc_device.c.obj
                0x10006d8c                cdcd_open
 .text.cdcd_control_xfer_cb
                0x10006e84      0x134 CMakeFiles/ultrasonic.dir/C_/Users/quan_/Desktop/School/CSC2003/pico-sdk/lib/tinyusb/src/class/cdc/cdc_device.c.obj
                0x10006e84                cdcd_control_xfer_cb
 .text.cdcd_xfer_cb
                0x10006fb8      0x144 CMakeFiles/ultrasonic.dir/C_/Users/quan_/Desktop/School/CSC2003/pico-sdk/lib/tinyusb/src/class/cdc/cdc_device.c.obj
                0x10006fb8                cdcd_xfer_cb
 .text.tusb_init
                0x100070fc       0x24 CMakeFiles/ultrasonic.dir/C_/Users/quan_/Desktop/School/CSC2003/pico-sdk/lib/tinyusb/src/tusb.c.obj
                0x100070fc                tusb_init
 .text.tusb_inited
                0x10007120        0xe CMakeFiles/ultrasonic.dir/C_/Users/quan_/Desktop/School/CSC2003/pico-sdk/lib/tinyusb/src/tusb.c.obj
                0x10007120                tusb_inited
 *fill*         0x1000712e        0x2 
 .text.tu_edpt_validate
                0x10007130       0xa8 CMakeFiles/ultrasonic.dir/C_/Users/quan_/Desktop/School/CSC2003/pico-sdk/lib/tinyusb/src/tusb.c.obj
                0x10007130                tu_edpt_validate
 .text.tu_edpt_bind_driver
                0x100071d8       0x2a CMakeFiles/ultrasonic.dir/C_/Users/quan_/Desktop/School/CSC2003/pico-sdk/lib/tinyusb/src/tusb.c.obj
                0x100071d8                tu_edpt_bind_driver
 .text.advance_pointer
                0x10007202       0x18 CMakeFiles/ultrasonic.dir/C_/Users/quan_/Desktop/School/CSC2003/pico-sdk/lib/tinyusb/src/common/tusb_fifo.c.obj
 .text.backward_pointer
                0x1000721a       0x1e CMakeFiles/ultrasonic.dir/C_/Users/quan_/Desktop/School/CSC2003/pico-sdk/lib/tinyusb/src/common/tusb_fifo.c.obj
 .text.get_relative_pointer
                0x10007238       0x10 CMakeFiles/ultrasonic.dir/C_/Users/quan_/Desktop/School/CSC2003/pico-sdk/lib/tinyusb/src/common/tusb_fifo.c.obj
 .text._tu_fifo_peek
                0x10007248       0x50 CMakeFiles/ultrasonic.dir/C_/Users/quan_/Desktop/School/CSC2003/pico-sdk/lib/tinyusb/src/common/tusb_fifo.c.obj
 .text._ff_pull_const_addr
                0x10007298       0x4c CMakeFiles/ultrasonic.dir/C_/Users/quan_/Desktop/School/CSC2003/pico-sdk/lib/tinyusb/src/common/tusb_fifo.c.obj
 .text._ff_pull_n
                0x100072e4      0x10c CMakeFiles/ultrasonic.dir/C_/Users/quan_/Desktop/School/CSC2003/pico-sdk/lib/tinyusb/src/common/tusb_fifo.c.obj
 .text._tu_fifo_peek_n
                0x100073f0       0x5e CMakeFiles/ultrasonic.dir/C_/Users/quan_/Desktop/School/CSC2003/pico-sdk/lib/tinyusb/src/common/tusb_fifo.c.obj
 .text._tu_fifo_read_n
                0x1000744e       0x4e CMakeFiles/ultrasonic.dir/C_/Users/quan_/Desktop/School/CSC2003/pico-sdk/lib/tinyusb/src/common/tusb_fifo.c.obj
 .text._ff_push_const_addr
                0x1000749c       0x40 CMakeFiles/ultrasonic.dir/C_/Users/quan_/Desktop/School/CSC2003/pico-sdk/lib/tinyusb/src/common/tusb_fifo.c.obj
 .text._ff_push_n
                0x100074dc      0x108 CMakeFiles/ultrasonic.dir/C_/Users/quan_/Desktop/School/CSC2003/pico-sdk/lib/tinyusb/src/common/tusb_fifo.c.obj
 .text._tu_fifo_write_n
                0x100075e4       0x9e CMakeFiles/ultrasonic.dir/C_/Users/quan_/Desktop/School/CSC2003/pico-sdk/lib/tinyusb/src/common/tusb_fifo.c.obj
 .text.tu_fifo_config
                0x10007682       0x72 CMakeFiles/ultrasonic.dir/C_/Users/quan_/Desktop/School/CSC2003/pico-sdk/lib/tinyusb/src/common/tusb_fifo.c.obj
                0x10007682                tu_fifo_config
 .text.tu_fifo_count
                0x100076f4       0x26 CMakeFiles/ultrasonic.dir/C_/Users/quan_/Desktop/School/CSC2003/pico-sdk/lib/tinyusb/src/common/tusb_fifo.c.obj
                0x100076f4                tu_fifo_count
 .text.tu_fifo_empty
                0x1000771a       0x10 CMakeFiles/ultrasonic.dir/C_/Users/quan_/Desktop/School/CSC2003/pico-sdk/lib/tinyusb/src/common/tusb_fifo.c.obj
                0x1000771a                tu_fifo_empty
 .text.tu_fifo_remaining
                0x1000772a       0x20 CMakeFiles/ultrasonic.dir/C_/Users/quan_/Desktop/School/CSC2003/pico-sdk/lib/tinyusb/src/common/tusb_fifo.c.obj
                0x1000772a                tu_fifo_remaining
 .text.tu_fifo_read
                0x1000774a       0x42 CMakeFiles/ultrasonic.dir/C_/Users/quan_/Desktop/School/CSC2003/pico-sdk/lib/tinyusb/src/common/tusb_fifo.c.obj
                0x1000774a                tu_fifo_read
 .text.tu_fifo_read_n
                0x1000778c        0xa CMakeFiles/ultrasonic.dir/C_/Users/quan_/Desktop/School/CSC2003/pico-sdk/lib/tinyusb/src/common/tusb_fifo.c.obj
                0x1000778c                tu_fifo_read_n
 .text.tu_fifo_write
                0x10007796       0x6c CMakeFiles/ultrasonic.dir/C_/Users/quan_/Desktop/School/CSC2003/pico-sdk/lib/tinyusb/src/common/tusb_fifo.c.obj
                0x10007796                tu_fifo_write
 .text.tu_fifo_write_n
                0x10007802        0xa CMakeFiles/ultrasonic.dir/C_/Users/quan_/Desktop/School/CSC2003/pico-sdk/lib/tinyusb/src/common/tusb_fifo.c.obj
                0x10007802                tu_fifo_write_n
 .text.tu_fifo_clear
                0x1000780c       0x4c CMakeFiles/ultrasonic.dir/C_/Users/quan_/Desktop/School/CSC2003/pico-sdk/lib/tinyusb/src/common/tusb_fifo.c.obj
                0x1000780c                tu_fifo_clear
 .text.tu_fifo_set_overwritable
                0x10007858       0x3c CMakeFiles/ultrasonic.dir/C_/Users/quan_/Desktop/School/CSC2003/pico-sdk/lib/tinyusb/src/common/tusb_fifo.c.obj
                0x10007858                tu_fifo_set_overwritable
 .text._retrieve_unique_id_on_boot
                0x10007894       0x10 CMakeFiles/ultrasonic.dir/C_/Users/quan_/Desktop/School/CSC2003/pico-sdk/src/rp2_common/pico_unique_id/unique_id.c.obj
 .text.pico_get_unique_board_id_string
                0x100078a4       0x60 CMakeFiles/ultrasonic.dir/C_/Users/quan_/Desktop/School/CSC2003/pico-sdk/src/rp2_common/pico_unique_id/unique_id.c.obj
                0x100078a4                pico_get_unique_board_id_string
 .text.flash_get_unique_id
                0x10007904       0x46 CMakeFiles/ultrasonic.dir/C_/Users/quan_/Desktop/School/CSC2003/pico-sdk/src/rp2_common/hardware_flash/flash.c.obj
                0x10007904                flash_get_unique_id
 *fill*         0x1000794a        0x2 
 .text.strlen   0x1000794c       0x5c c:/progra~2/gnuarm~1/102020~1/bin/../lib/gcc/arm-none-eabi/10.2.1/../../../../arm-none-eabi/lib/thumb/v6-m/nofp\libg.a(lib_a-strlen-stub.o)
                0x1000794c                strlen
 *(.fini)
 .fini          0x100079a8        0x4 c:/progra~2/gnuarm~1/102020~1/bin/../lib/gcc/arm-none-eabi/10.2.1/thumb/v6-m/nofp/crti.o
                0x100079a8                _fini
 *fill*         0x100079ac        0x4 
 .fini.__stub   0x100079b0       0x70 linker stubs
 *crtbegin.o(.ctors)
 *crtbegin?.o(.ctors)
 *(EXCLUDE_FILE(*crtend.o *crtend?.o) .ctors)
 *(SORT_BY_NAME(.ctors.*))
 *(.ctors)
 *crtbegin.o(.dtors)
 *crtbegin?.o(.dtors)
 *(EXCLUDE_FILE(*crtend.o *crtend?.o) .dtors)
 *(SORT_BY_NAME(.dtors.*))
 *(.dtors)
 *(.eh_frame*)
 .eh_frame      0x10007a20        0x0 c:/progra~2/gnuarm~1/102020~1/bin/../lib/gcc/arm-none-eabi/10.2.1/thumb/v6-m/nofp/crtbegin.o
                0x10007a20                . = ALIGN (0x4)

.glue_7         0x10007a20        0x0
 .glue_7        0x10007a20        0x0 linker stubs

.glue_7t        0x10007a20        0x0
 .glue_7t       0x10007a20        0x0 linker stubs

.vfp11_veneer   0x10007a20        0x0
 .vfp11_veneer  0x10007a20        0x0 linker stubs

.v4_bx          0x10007a20        0x0
 .v4_bx         0x10007a20        0x0 linker stubs

.iplt           0x10007a20        0x0
 .iplt          0x10007a20        0x0 c:/progra~2/gnuarm~1/102020~1/bin/../lib/gcc/arm-none-eabi/10.2.1/thumb/v6-m/nofp/crtbegin.o

.rodata         0x10007a20     0x18ec
 *(EXCLUDE_FILE(*libm.a: *libc.a:*lib_a-mem*.o *libgcc.a:) .rodata*)
 .rodata.Smoothing.str1.4
                0x10007a20       0x28 CMakeFiles/ultrasonic.dir/ultrasonic.c.obj
 .rodata.triggerUltraSonic_callback.str1.4
                0x10007a48       0x75 CMakeFiles/ultrasonic.dir/ultrasonic.c.obj
 *fill*         0x10007abd        0x3 
 .rodata.__func__.0
                0x10007ac0       0x15 CMakeFiles/ultrasonic.dir/ultrasonic.c.obj
 *fill*         0x10007ad5        0x3 
 .rodata.gpio_add_raw_irq_handler_with_order_priority_masked.str1.4
                0x10007ad8       0x7f CMakeFiles/ultrasonic.dir/C_/Users/quan_/Desktop/School/CSC2003/pico-sdk/src/rp2_common/hardware_gpio/gpio.c.obj
 *fill*         0x10007b57        0x1 
 .rodata.__func__.1
                0x10007b58       0x34 CMakeFiles/ultrasonic.dir/C_/Users/quan_/Desktop/School/CSC2003/pico-sdk/src/rp2_common/hardware_gpio/gpio.c.obj
 .rodata.spin_lock_claim_unused.str1.4
                0x10007b8c       0x1b CMakeFiles/ultrasonic.dir/C_/Users/quan_/Desktop/School/CSC2003/pico-sdk/src/rp2_common/hardware_sync/sync.c.obj
 *fill*         0x10007ba7        0x1 
 .rodata.make_branch.str1.4
                0x10007ba8       0x81 CMakeFiles/ultrasonic.dir/C_/Users/quan_/Desktop/School/CSC2003/pico-sdk/src/rp2_common/hardware_irq/irq.c.obj
 *fill*         0x10007c29        0x3 
 .rodata.insert_branch_and_link.str1.4
                0x10007c2c       0x10 CMakeFiles/ultrasonic.dir/C_/Users/quan_/Desktop/School/CSC2003/pico-sdk/src/rp2_common/hardware_irq/irq.c.obj
 .rodata.irq_set_exclusive_handler.str1.4
                0x10007c3c       0x36 CMakeFiles/ultrasonic.dir/C_/Users/quan_/Desktop/School/CSC2003/pico-sdk/src/rp2_common/hardware_irq/irq.c.obj
 *fill*         0x10007c72        0x2 
 .rodata.irq_add_shared_handler.str1.4
                0x10007c74       0xd9 CMakeFiles/ultrasonic.dir/C_/Users/quan_/Desktop/School/CSC2003/pico-sdk/src/rp2_common/hardware_irq/irq.c.obj
 *fill*         0x10007d4d        0x3 
 .rodata.irq_remove_handler.str1.4
                0x10007d50       0x2a CMakeFiles/ultrasonic.dir/C_/Users/quan_/Desktop/School/CSC2003/pico-sdk/src/rp2_common/hardware_irq/irq.c.obj
 *fill*         0x10007d7a        0x2 
 .rodata.irq_add_tail_to_free_list.str1.4
                0x10007d7c       0x3a CMakeFiles/ultrasonic.dir/C_/Users/quan_/Desktop/School/CSC2003/pico-sdk/src/rp2_common/hardware_irq/irq.c.obj
 *fill*         0x10007db6        0x2 
 .rodata.user_irq_claim_unused.str1.4
                0x10007db8       0x1b CMakeFiles/ultrasonic.dir/C_/Users/quan_/Desktop/School/CSC2003/pico-sdk/src/rp2_common/hardware_irq/irq.c.obj
 *fill*         0x10007dd3        0x1 
 .rodata.__func__.0
                0x10007dd4       0x1a CMakeFiles/ultrasonic.dir/C_/Users/quan_/Desktop/School/CSC2003/pico-sdk/src/rp2_common/hardware_irq/irq.c.obj
 *fill*         0x10007dee        0x2 
 .rodata.__func__.1
                0x10007df0       0x17 CMakeFiles/ultrasonic.dir/C_/Users/quan_/Desktop/School/CSC2003/pico-sdk/src/rp2_common/hardware_irq/irq.c.obj
 *fill*         0x10007e07        0x1 
 .rodata.__func__.2
                0x10007e08       0x13 CMakeFiles/ultrasonic.dir/C_/Users/quan_/Desktop/School/CSC2003/pico-sdk/src/rp2_common/hardware_irq/irq.c.obj
 *fill*         0x10007e1b        0x1 
 .rodata.__func__.3
                0x10007e1c        0xc CMakeFiles/ultrasonic.dir/C_/Users/quan_/Desktop/School/CSC2003/pico-sdk/src/rp2_common/hardware_irq/irq.c.obj
 .rodata.__func__.4
                0x10007e28        0xf CMakeFiles/ultrasonic.dir/C_/Users/quan_/Desktop/School/CSC2003/pico-sdk/src/rp2_common/hardware_irq/irq.c.obj
 *fill*         0x10007e37        0x1 
 .rodata.__func__.5
                0x10007e38       0x17 CMakeFiles/ultrasonic.dir/C_/Users/quan_/Desktop/School/CSC2003/pico-sdk/src/rp2_common/hardware_irq/irq.c.obj
 *fill*         0x10007e4f        0x1 
 .rodata.__func__.6
                0x10007e50       0x1a CMakeFiles/ultrasonic.dir/C_/Users/quan_/Desktop/School/CSC2003/pico-sdk/src/rp2_common/hardware_irq/irq.c.obj
 *fill*         0x10007e6a        0x2 
 .rodata.repeating_timer_callback.str1.4
                0x10007e6c       0x5f CMakeFiles/ultrasonic.dir/C_/Users/quan_/Desktop/School/CSC2003/pico-sdk/src/common/pico_time/time.c.obj
 *fill*         0x10007ecb        0x1 
 .rodata.alarm_pool_dump_key.str1.4
                0x10007ecc       0x33 CMakeFiles/ultrasonic.dir/C_/Users/quan_/Desktop/School/CSC2003/pico-sdk/src/common/pico_time/time.c.obj
 *fill*         0x10007eff        0x1 
 .rodata.ph_add_child_node.str1.4
                0x10007f00       0xaa CMakeFiles/ultrasonic.dir/C_/Users/quan_/Desktop/School/CSC2003/pico-sdk/src/common/pico_time/time.c.obj
 *fill*         0x10007faa        0x2 
 .rodata.add_alarm_under_lock.str1.4
                0x10007fac       0x28 CMakeFiles/ultrasonic.dir/C_/Users/quan_/Desktop/School/CSC2003/pico-sdk/src/common/pico_time/time.c.obj
                                 0x2b (size before relaxing)
 .rodata.alarm_pool_alarm_callback.str1.4
                0x10007fd4       0x82 CMakeFiles/ultrasonic.dir/C_/Users/quan_/Desktop/School/CSC2003/pico-sdk/src/common/pico_time/time.c.obj
                                 0xfa (size before relaxing)
 *fill*         0x10008056        0x2 
 .rodata.alarm_pool_get_default.str1.4
                0x10008058       0x21 CMakeFiles/ultrasonic.dir/C_/Users/quan_/Desktop/School/CSC2003/pico-sdk/src/common/pico_time/time.c.obj
 *fill*         0x10008079        0x3 
 .rodata.alarm_pool_cancel_alarm.str1.4
                0x1000807c       0x27 CMakeFiles/ultrasonic.dir/C_/Users/quan_/Desktop/School/CSC2003/pico-sdk/src/common/pico_time/time.c.obj
 *fill*         0x100080a3        0x1 
 .rodata.__func__.0
                0x100080a4       0x19 CMakeFiles/ultrasonic.dir/C_/Users/quan_/Desktop/School/CSC2003/pico-sdk/src/common/pico_time/time.c.obj
 *fill*         0x100080bd        0x3 
 .rodata.__func__.1
                0x100080c0       0x18 CMakeFiles/ultrasonic.dir/C_/Users/quan_/Desktop/School/CSC2003/pico-sdk/src/common/pico_time/time.c.obj
 .rodata.__func__.10
                0x100080d8       0x15 CMakeFiles/ultrasonic.dir/C_/Users/quan_/Desktop/School/CSC2003/pico-sdk/src/common/pico_time/time.c.obj
 *fill*         0x100080ed        0x3 
 .rodata.__func__.11
                0x100080f0       0x1a CMakeFiles/ultrasonic.dir/C_/Users/quan_/Desktop/School/CSC2003/pico-sdk/src/common/pico_time/time.c.obj
 *fill*         0x1000810a        0x2 
 .rodata.__func__.12
                0x1000810c        0xa CMakeFiles/ultrasonic.dir/C_/Users/quan_/Desktop/School/CSC2003/pico-sdk/src/common/pico_time/time.c.obj
 *fill*         0x10008116        0x2 
 .rodata.__func__.3
                0x10008118       0x17 CMakeFiles/ultrasonic.dir/C_/Users/quan_/Desktop/School/CSC2003/pico-sdk/src/common/pico_time/time.c.obj
 *fill*         0x1000812f        0x1 
 .rodata.__func__.4
                0x10008130       0x12 CMakeFiles/ultrasonic.dir/C_/Users/quan_/Desktop/School/CSC2003/pico-sdk/src/common/pico_time/time.c.obj
 *fill*         0x10008142        0x2 
 .rodata.__func__.5
                0x10008144        0xd CMakeFiles/ultrasonic.dir/C_/Users/quan_/Desktop/School/CSC2003/pico-sdk/src/common/pico_time/time.c.obj
 *fill*         0x10008151        0x3 
 .rodata.__func__.6
                0x10008154       0x12 CMakeFiles/ultrasonic.dir/C_/Users/quan_/Desktop/School/CSC2003/pico-sdk/src/common/pico_time/time.c.obj
 *fill*         0x10008166        0x2 
 .rodata.__func__.7
                0x10008168        0xf CMakeFiles/ultrasonic.dir/C_/Users/quan_/Desktop/School/CSC2003/pico-sdk/src/common/pico_time/time.c.obj
 *fill*         0x10008177        0x1 
 .rodata.__func__.8
                0x10008178        0xc CMakeFiles/ultrasonic.dir/C_/Users/quan_/Desktop/School/CSC2003/pico-sdk/src/common/pico_time/time.c.obj
 .rodata.__func__.9
                0x10008184       0x15 CMakeFiles/ultrasonic.dir/C_/Users/quan_/Desktop/School/CSC2003/pico-sdk/src/common/pico_time/time.c.obj
 *fill*         0x10008199        0x3 
 .rodata.hardware_alarm_claim.str1.4
                0x1000819c       0x22 CMakeFiles/ultrasonic.dir/C_/Users/quan_/Desktop/School/CSC2003/pico-sdk/src/rp2_common/hardware_timer/timer.c.obj
 *fill*         0x100081be        0x2 
 .rodata.hardware_alarm_set_target.str1.4
                0x100081c0       0x79 CMakeFiles/ultrasonic.dir/C_/Users/quan_/Desktop/School/CSC2003/pico-sdk/src/rp2_common/hardware_timer/timer.c.obj
 *fill*         0x10008239        0x3 
 .rodata.__func__.0
                0x1000823c       0x1a CMakeFiles/ultrasonic.dir/C_/Users/quan_/Desktop/School/CSC2003/pico-sdk/src/rp2_common/hardware_timer/timer.c.obj
 .rodata.ph_add_child_node.str1.4
                0x10008256       0xaa CMakeFiles/ultrasonic.dir/C_/Users/quan_/Desktop/School/CSC2003/pico-sdk/src/common/pico_util/pheap.c.obj
 *fill*         0x10008256        0x2 
 .rodata.ph_remove_any_head.str1.4
                0x10008258       0xa0 CMakeFiles/ultrasonic.dir/C_/Users/quan_/Desktop/School/CSC2003/pico-sdk/src/common/pico_util/pheap.c.obj
 .rodata.ph_remove_and_free_node.str1.4
                0x100082f8       0x1e CMakeFiles/ultrasonic.dir/C_/Users/quan_/Desktop/School/CSC2003/pico-sdk/src/common/pico_util/pheap.c.obj
                                 0x26 (size before relaxing)
 *fill*         0x10008316        0x2 
 .rodata.__func__.0
                0x10008318       0x18 CMakeFiles/ultrasonic.dir/C_/Users/quan_/Desktop/School/CSC2003/pico-sdk/src/common/pico_util/pheap.c.obj
 .rodata.__func__.1
                0x10008330       0x13 CMakeFiles/ultrasonic.dir/C_/Users/quan_/Desktop/School/CSC2003/pico-sdk/src/common/pico_util/pheap.c.obj
 *fill*         0x10008343        0x1 
 .rodata.__func__.2
                0x10008344       0x12 CMakeFiles/ultrasonic.dir/C_/Users/quan_/Desktop/School/CSC2003/pico-sdk/src/common/pico_util/pheap.c.obj
 *fill*         0x10008356        0x2 
 .rodata.__func__.3
                0x10008358        0xc CMakeFiles/ultrasonic.dir/C_/Users/quan_/Desktop/School/CSC2003/pico-sdk/src/common/pico_util/pheap.c.obj
 .rodata.str1.4
                0x10008364       0x9d CMakeFiles/ultrasonic.dir/C_/Users/quan_/Desktop/School/CSC2003/pico-sdk/src/common/pico_sync/mutex.c.obj
                                0x115 (size before relaxing)
 *fill*         0x10008401        0x3 
 .rodata.__func__.1
                0x10008404        0xb CMakeFiles/ultrasonic.dir/C_/Users/quan_/Desktop/School/CSC2003/pico-sdk/src/common/pico_sync/mutex.c.obj
 *fill*         0x1000840f        0x1 
 .rodata.__func__.3
                0x10008410       0x18 CMakeFiles/ultrasonic.dir/C_/Users/quan_/Desktop/School/CSC2003/pico-sdk/src/common/pico_sync/mutex.c.obj
 .rodata.__func__.4
                0x10008428       0x15 CMakeFiles/ultrasonic.dir/C_/Users/quan_/Desktop/School/CSC2003/pico-sdk/src/common/pico_sync/mutex.c.obj
 *fill*         0x1000843d        0x3 
 .rodata.__assert_func.str1.4
                0x10008440       0x3f CMakeFiles/ultrasonic.dir/C_/Users/quan_/Desktop/School/CSC2003/pico-sdk/src/rp2_common/pico_runtime/runtime.c.obj
                                 0x43 (size before relaxing)
 *fill*         0x1000847f        0x1 
 .rodata.runtime_init.str1.4
                0x10008480       0x75 CMakeFiles/ultrasonic.dir/C_/Users/quan_/Desktop/School/CSC2003/pico-sdk/src/rp2_common/pico_runtime/runtime.c.obj
 *fill*         0x100084f5        0x3 
 .rodata.panic.str1.4
                0x100084f8       0x12 CMakeFiles/ultrasonic.dir/C_/Users/quan_/Desktop/School/CSC2003/pico-sdk/src/rp2_common/pico_runtime/runtime.c.obj
 *fill*         0x1000850a        0x2 
 .rodata.__func__.1
                0x1000850c        0xd CMakeFiles/ultrasonic.dir/C_/Users/quan_/Desktop/School/CSC2003/pico-sdk/src/rp2_common/pico_runtime/runtime.c.obj
 *fill*         0x10008519        0x3 
 .rodata.clock_configure.str1.4
                0x1000851c       0x6b CMakeFiles/ultrasonic.dir/C_/Users/quan_/Desktop/School/CSC2003/pico-sdk/src/rp2_common/hardware_clocks/clocks.c.obj
 *fill*         0x10008587        0x1 
 .rodata.__func__.1
                0x10008588       0x10 CMakeFiles/ultrasonic.dir/C_/Users/quan_/Desktop/School/CSC2003/pico-sdk/src/rp2_common/hardware_clocks/clocks.c.obj
 .rodata.pll_init.str1.4
                0x10008598      0x14f CMakeFiles/ultrasonic.dir/C_/Users/quan_/Desktop/School/CSC2003/pico-sdk/src/rp2_common/hardware_pll/pll.c.obj
 *fill*         0x100086e7        0x1 
 .rodata.__func__.0
                0x100086e8        0x9 CMakeFiles/ultrasonic.dir/C_/Users/quan_/Desktop/School/CSC2003/pico-sdk/src/rp2_common/hardware_pll/pll.c.obj
 *fill*         0x100086f1        0x3 
 .rodata._ftoa.str1.4
                0x100086f4       0x15 CMakeFiles/ultrasonic.dir/C_/Users/quan_/Desktop/School/CSC2003/pico-sdk/src/rp2_common/pico_printf/printf.c.obj
 *fill*         0x10008709        0x3 
 .rodata._vsnprintf
                0x1000870c      0x1e0 CMakeFiles/ultrasonic.dir/C_/Users/quan_/Desktop/School/CSC2003/pico-sdk/src/rp2_common/pico_printf/printf.c.obj
 *fill*         0x100088ec        0x4 
 .rodata.pow10.0
                0x100088f0       0x50 CMakeFiles/ultrasonic.dir/C_/Users/quan_/Desktop/School/CSC2003/pico-sdk/src/rp2_common/pico_printf/printf.c.obj
 .rodata.__aeabi_double_init.str1.4
                0x10008940       0xbc CMakeFiles/ultrasonic.dir/C_/Users/quan_/Desktop/School/CSC2003/pico-sdk/src/rp2_common/pico_double/double_init_rom.c.obj
 .rodata.__func__.0
                0x100089fc       0x14 CMakeFiles/ultrasonic.dir/C_/Users/quan_/Desktop/School/CSC2003/pico-sdk/src/rp2_common/pico_double/double_init_rom.c.obj
 .rodata.__aeabi_float_init.str1.4
                0x10008a10       0x8e CMakeFiles/ultrasonic.dir/C_/Users/quan_/Desktop/School/CSC2003/pico-sdk/src/rp2_common/pico_float/float_init_rom.c.obj
                                 0x92 (size before relaxing)
 *fill*         0x10008a9e        0x2 
 .rodata.__func__.0
                0x10008aa0       0x13 CMakeFiles/ultrasonic.dir/C_/Users/quan_/Desktop/School/CSC2003/pico-sdk/src/rp2_common/pico_float/float_init_rom.c.obj
 *fill*         0x10008ab3        0x1 
 .rodata.str1.4
                0x10008ab4       0x40 CMakeFiles/ultrasonic.dir/C_/Users/quan_/Desktop/School/CSC2003/pico-sdk/src/rp2_common/pico_standard_link/binary_info.c.obj
 .rodata.__bi_44
                0x10008af4        0xc CMakeFiles/ultrasonic.dir/C_/Users/quan_/Desktop/School/CSC2003/pico-sdk/src/rp2_common/pico_standard_link/binary_info.c.obj
 .rodata.__bi_75
                0x10008b00        0xc CMakeFiles/ultrasonic.dir/C_/Users/quan_/Desktop/School/CSC2003/pico-sdk/src/rp2_common/pico_standard_link/binary_info.c.obj
 .rodata.__bi_81
                0x10008b0c        0xc CMakeFiles/ultrasonic.dir/C_/Users/quan_/Desktop/School/CSC2003/pico-sdk/src/rp2_common/pico_standard_link/binary_info.c.obj
 .rodata.crlf_str.3
                0x10008b18        0x2 CMakeFiles/ultrasonic.dir/C_/Users/quan_/Desktop/School/CSC2003/pico-sdk/src/rp2_common/pico_stdio/stdio.c.obj
 *fill*         0x10008b1a        0x2 
 .rodata._resetd_driver
                0x10008b1c       0x18 CMakeFiles/ultrasonic.dir/C_/Users/quan_/Desktop/School/CSC2003/pico-sdk/src/rp2_common/pico_stdio_usb/reset_interface.c.obj
 .rodata.timer_task.str1.4
                0x10008b34       0x81 CMakeFiles/ultrasonic.dir/C_/Users/quan_/Desktop/School/CSC2003/pico-sdk/src/rp2_common/pico_stdio_usb/stdio_usb.c.obj
 .rodata.stdio_usb_init.str1.4
                0x10008bb5       0x75 CMakeFiles/ultrasonic.dir/C_/Users/quan_/Desktop/School/CSC2003/pico-sdk/src/rp2_common/pico_stdio_usb/stdio_usb.c.obj
 *fill*         0x10008bb5        0x3 
 .rodata.str1.4
                0x10008bb8       0x13 CMakeFiles/ultrasonic.dir/C_/Users/quan_/Desktop/School/CSC2003/pico-sdk/src/rp2_common/pico_stdio_usb/stdio_usb.c.obj
 *fill*         0x10008bcb        0x1 
 .rodata.__bi_118.2
                0x10008bcc        0xc CMakeFiles/ultrasonic.dir/C_/Users/quan_/Desktop/School/CSC2003/pico-sdk/src/rp2_common/pico_stdio_usb/stdio_usb.c.obj
 .rodata.__func__.0
                0x10008bd8       0x15 CMakeFiles/ultrasonic.dir/C_/Users/quan_/Desktop/School/CSC2003/pico-sdk/src/rp2_common/pico_stdio_usb/stdio_usb.c.obj
 *fill*         0x10008bed        0x3 
 .rodata.__func__.1
                0x10008bf0        0xb CMakeFiles/ultrasonic.dir/C_/Users/quan_/Desktop/School/CSC2003/pico-sdk/src/rp2_common/pico_stdio_usb/stdio_usb.c.obj
 *fill*         0x10008bfb        0x1 
 .rodata.str1.4
                0x10008bfc       0x2a CMakeFiles/ultrasonic.dir/C_/Users/quan_/Desktop/School/CSC2003/pico-sdk/src/rp2_common/pico_stdio_usb/stdio_usb_descriptors.c.obj
 *fill*         0x10008c26        0x2 
 .rodata.usbd_desc_cfg
                0x10008c28       0x54 CMakeFiles/ultrasonic.dir/C_/Users/quan_/Desktop/School/CSC2003/pico-sdk/src/rp2_common/pico_stdio_usb/stdio_usb_descriptors.c.obj
 .rodata.usbd_desc_device
                0x10008c7c       0x12 CMakeFiles/ultrasonic.dir/C_/Users/quan_/Desktop/School/CSC2003/pico-sdk/src/rp2_common/pico_stdio_usb/stdio_usb_descriptors.c.obj
 *fill*         0x10008c8e        0x2 
 .rodata.usbd_desc_str
                0x10008c90       0x18 CMakeFiles/ultrasonic.dir/C_/Users/quan_/Desktop/School/CSC2003/pico-sdk/src/rp2_common/pico_stdio_usb/stdio_usb_descriptors.c.obj
 .rodata._hw_endpoint_alloc.str1.4
                0x10008ca8       0xc9 CMakeFiles/ultrasonic.dir/C_/Users/quan_/Desktop/School/CSC2003/pico-sdk/lib/tinyusb/src/portable/raspberrypi/rp2040/dcd_rp2040.c.obj
 *fill*         0x10008d71        0x3 
 .rodata.dcd_rp2040_irq.str1.4
                0x10008d74       0x14 CMakeFiles/ultrasonic.dir/C_/Users/quan_/Desktop/School/CSC2003/pico-sdk/lib/tinyusb/src/portable/raspberrypi/rp2040/dcd_rp2040.c.obj
 .rodata.dcd_int_enable.str1.4
                0x10008d88        0xc CMakeFiles/ultrasonic.dir/C_/Users/quan_/Desktop/School/CSC2003/pico-sdk/lib/tinyusb/src/portable/raspberrypi/rp2040/dcd_rp2040.c.obj
 .rodata.__func__.0
                0x10008d94        0xe CMakeFiles/ultrasonic.dir/C_/Users/quan_/Desktop/School/CSC2003/pico-sdk/lib/tinyusb/src/portable/raspberrypi/rp2040/dcd_rp2040.c.obj
 *fill*         0x10008da2        0x2 
 .rodata.__func__.1
                0x10008da4        0xe CMakeFiles/ultrasonic.dir/C_/Users/quan_/Desktop/School/CSC2003/pico-sdk/lib/tinyusb/src/portable/raspberrypi/rp2040/dcd_rp2040.c.obj
 *fill*         0x10008db2        0x2 
 .rodata.__func__.3
                0x10008db4       0x10 CMakeFiles/ultrasonic.dir/C_/Users/quan_/Desktop/School/CSC2003/pico-sdk/lib/tinyusb/src/portable/raspberrypi/rp2040/dcd_rp2040.c.obj
 .rodata.__func__.5
                0x10008dc4        0xf CMakeFiles/ultrasonic.dir/C_/Users/quan_/Desktop/School/CSC2003/pico-sdk/lib/tinyusb/src/portable/raspberrypi/rp2040/dcd_rp2040.c.obj
 *fill*         0x10008dd3        0x1 
 .rodata.__func__.6
                0x10008dd4       0x13 CMakeFiles/ultrasonic.dir/C_/Users/quan_/Desktop/School/CSC2003/pico-sdk/lib/tinyusb/src/portable/raspberrypi/rp2040/dcd_rp2040.c.obj
 *fill*         0x10008de7        0x1 
 .rodata.__func__.7
                0x10008de8        0x9 CMakeFiles/ultrasonic.dir/C_/Users/quan_/Desktop/School/CSC2003/pico-sdk/lib/tinyusb/src/portable/raspberrypi/rp2040/dcd_rp2040.c.obj
 *fill*         0x10008df1        0x3 
 .rodata.sync_ep_buffer.str1.4
                0x10008df4       0xa5 CMakeFiles/ultrasonic.dir/C_/Users/quan_/Desktop/School/CSC2003/pico-sdk/lib/tinyusb/src/portable/raspberrypi/rp2040/rp2040_usb.c.obj
 *fill*         0x10008e99        0x3 
 .rodata._hw_endpoint_buffer_control_update32.str1.4
                0x10008e9c       0x1f CMakeFiles/ultrasonic.dir/C_/Users/quan_/Desktop/School/CSC2003/pico-sdk/lib/tinyusb/src/portable/raspberrypi/rp2040/rp2040_usb.c.obj
 *fill*         0x10008ebb        0x1 
 .rodata.hw_endpoint_xfer_start.str1.4
                0x10008ebc       0x38 CMakeFiles/ultrasonic.dir/C_/Users/quan_/Desktop/School/CSC2003/pico-sdk/lib/tinyusb/src/portable/raspberrypi/rp2040/rp2040_usb.c.obj
 .rodata.hw_endpoint_xfer_continue.str1.4
                0x10008ef4       0x29 CMakeFiles/ultrasonic.dir/C_/Users/quan_/Desktop/School/CSC2003/pico-sdk/lib/tinyusb/src/portable/raspberrypi/rp2040/rp2040_usb.c.obj
 *fill*         0x10008f1d        0x3 
 .rodata.str1.4
                0x10008f20        0x7 CMakeFiles/ultrasonic.dir/C_/Users/quan_/Desktop/School/CSC2003/pico-sdk/lib/tinyusb/src/portable/raspberrypi/rp2040/rp2040_usb.c.obj
 *fill*         0x10008f27        0x1 
 .rodata.__func__.0
                0x10008f28        0xf CMakeFiles/ultrasonic.dir/C_/Users/quan_/Desktop/School/CSC2003/pico-sdk/lib/tinyusb/src/portable/raspberrypi/rp2040/rp2040_usb.c.obj
 *fill*         0x10008f37        0x1 
 .rodata.process_set_config.str1.4
                0x10008f38       0x17 CMakeFiles/ultrasonic.dir/C_/Users/quan_/Desktop/School/CSC2003/pico-sdk/lib/tinyusb/src/device/usbd.c.obj
 *fill*         0x10008f4f        0x1 
 .rodata.process_get_descriptor
                0x10008f50       0x40 CMakeFiles/ultrasonic.dir/C_/Users/quan_/Desktop/School/CSC2003/pico-sdk/lib/tinyusb/src/device/usbd.c.obj
 .rodata.process_control_request
                0x10008f90       0x28 CMakeFiles/ultrasonic.dir/C_/Users/quan_/Desktop/School/CSC2003/pico-sdk/lib/tinyusb/src/device/usbd.c.obj
 .rodata.tud_task
                0x10008fb8       0x24 CMakeFiles/ultrasonic.dir/C_/Users/quan_/Desktop/School/CSC2003/pico-sdk/lib/tinyusb/src/device/usbd.c.obj
 .rodata.__func__.2
                0x10008fdc        0xf CMakeFiles/ultrasonic.dir/C_/Users/quan_/Desktop/School/CSC2003/pico-sdk/lib/tinyusb/src/device/usbd.c.obj
 *fill*         0x10008feb        0x1 
 .rodata.__func__.3
                0x10008fec        0xf CMakeFiles/ultrasonic.dir/C_/Users/quan_/Desktop/School/CSC2003/pico-sdk/lib/tinyusb/src/device/usbd.c.obj
 *fill*         0x10008ffb        0x1 
 .rodata.__func__.4
                0x10008ffc       0x14 CMakeFiles/ultrasonic.dir/C_/Users/quan_/Desktop/School/CSC2003/pico-sdk/lib/tinyusb/src/device/usbd.c.obj
 .rodata.__func__.5
                0x10009010       0x10 CMakeFiles/ultrasonic.dir/C_/Users/quan_/Desktop/School/CSC2003/pico-sdk/lib/tinyusb/src/device/usbd.c.obj
 .rodata.__func__.6
                0x10009020       0x17 CMakeFiles/ultrasonic.dir/C_/Users/quan_/Desktop/School/CSC2003/pico-sdk/lib/tinyusb/src/device/usbd.c.obj
 *fill*         0x10009037        0x1 
 .rodata.__func__.7
                0x10009038       0x13 CMakeFiles/ultrasonic.dir/C_/Users/quan_/Desktop/School/CSC2003/pico-sdk/lib/tinyusb/src/device/usbd.c.obj
 *fill*         0x1000904b        0x1 
 .rodata.__func__.8
                0x1000904c       0x18 CMakeFiles/ultrasonic.dir/C_/Users/quan_/Desktop/School/CSC2003/pico-sdk/lib/tinyusb/src/device/usbd.c.obj
 .rodata.__func__.9
                0x10009064        0x9 CMakeFiles/ultrasonic.dir/C_/Users/quan_/Desktop/School/CSC2003/pico-sdk/lib/tinyusb/src/device/usbd.c.obj
 *fill*         0x1000906d        0x3 
 .rodata._usbd_driver
                0x10009070       0x18 CMakeFiles/ultrasonic.dir/C_/Users/quan_/Desktop/School/CSC2003/pico-sdk/lib/tinyusb/src/device/usbd.c.obj
 .rodata.tud_control_xfer.str1.4
                0x10009088       0x17 CMakeFiles/ultrasonic.dir/C_/Users/quan_/Desktop/School/CSC2003/pico-sdk/lib/tinyusb/src/device/usbd_control.c.obj
 .rodata.__func__.0
                0x10009088       0x15 CMakeFiles/ultrasonic.dir/C_/Users/quan_/Desktop/School/CSC2003/pico-sdk/lib/tinyusb/src/device/usbd_control.c.obj
 *fill*         0x1000909d        0x3 
 .rodata.__func__.1
                0x100090a0       0x11 CMakeFiles/ultrasonic.dir/C_/Users/quan_/Desktop/School/CSC2003/pico-sdk/lib/tinyusb/src/device/usbd_control.c.obj
 .rodata.tud_cdc_n_write_flush.str1.4
                0x100090b1       0x17 CMakeFiles/ultrasonic.dir/C_/Users/quan_/Desktop/School/CSC2003/pico-sdk/lib/tinyusb/src/class/cdc/cdc_device.c.obj
 *fill*         0x100090b1        0x3 
 .rodata.__func__.0
                0x100090b4        0xd CMakeFiles/ultrasonic.dir/C_/Users/quan_/Desktop/School/CSC2003/pico-sdk/lib/tinyusb/src/class/cdc/cdc_device.c.obj
 *fill*         0x100090c1        0x3 
 .rodata.__func__.1
                0x100090c4        0xa CMakeFiles/ultrasonic.dir/C_/Users/quan_/Desktop/School/CSC2003/pico-sdk/lib/tinyusb/src/class/cdc/cdc_device.c.obj
 *fill*         0x100090ce        0x2 
 .rodata.__func__.2
                0x100090d0       0x16 CMakeFiles/ultrasonic.dir/C_/Users/quan_/Desktop/School/CSC2003/pico-sdk/lib/tinyusb/src/class/cdc/cdc_device.c.obj
 .rodata.tusb_init.str1.4
                0x100090e6       0x17 CMakeFiles/ultrasonic.dir/C_/Users/quan_/Desktop/School/CSC2003/pico-sdk/lib/tinyusb/src/tusb.c.obj
 *fill*         0x100090e6        0x2 
 .rodata.__func__.0
                0x100090e8       0x11 CMakeFiles/ultrasonic.dir/C_/Users/quan_/Desktop/School/CSC2003/pico-sdk/lib/tinyusb/src/tusb.c.obj
 *fill*         0x100090f9        0x3 
 .rodata.__func__.1
                0x100090fc        0xa CMakeFiles/ultrasonic.dir/C_/Users/quan_/Desktop/School/CSC2003/pico-sdk/lib/tinyusb/src/tusb.c.obj
 *fill*         0x10009106        0x2 
 .rodata.pico_get_unique_board_id_string.str1.4
                0x10009108       0x61 CMakeFiles/ultrasonic.dir/C_/Users/quan_/Desktop/School/CSC2003/pico-sdk/src/rp2_common/pico_unique_id/unique_id.c.obj
 *fill*         0x10009169        0x3 
 .rodata.__func__.0
                0x1000916c       0x20 CMakeFiles/ultrasonic.dir/C_/Users/quan_/Desktop/School/CSC2003/pico-sdk/src/rp2_common/pico_unique_id/unique_id.c.obj
 .rodata.str1.4
                0x1000918c      0x16e CMakeFiles/ultrasonic.dir/C_/Users/quan_/Desktop/School/CSC2003/pico-sdk/src/rp2_common/hardware_flash/flash.c.obj
 *fill*         0x100092fa        0x2 
 .rodata.__func__.0
                0x100092fc        0xd CMakeFiles/ultrasonic.dir/C_/Users/quan_/Desktop/School/CSC2003/pico-sdk/src/rp2_common/hardware_flash/flash.c.obj
                0x1000930c                . = ALIGN (0x4)
 *fill*         0x10009309        0x3 
 *(SORT_BY_ALIGNMENT(SORT_BY_NAME(.flashdata*)))
                0x1000930c                . = ALIGN (0x4)

.rel.dyn        0x1000930c        0x0
 .rel.iplt      0x1000930c        0x0 c:/progra~2/gnuarm~1/102020~1/bin/../lib/gcc/arm-none-eabi/10.2.1/thumb/v6-m/nofp/crtbegin.o

.ARM.extab
 *(.ARM.extab* .gnu.linkonce.armextab.*)
                0x1000930c                __exidx_start = .

.ARM.exidx
 *(.ARM.exidx* .gnu.linkonce.armexidx.*)
                0x1000930c                __exidx_end = .
                0x1000930c                . = ALIGN (0x4)
                0x1000930c                __binary_info_start = .

.binary_info    0x1000930c       0x20
 *(.binary_info.keep.*)
 .binary_info.keep.__bi_ptr22
                0x1000930c        0x4 CMakeFiles/ultrasonic.dir/C_/Users/quan_/Desktop/School/CSC2003/pico-sdk/src/rp2_common/pico_standard_link/binary_info.c.obj
 .binary_info.keep.__bi_ptr30
                0x10009310        0x4 CMakeFiles/ultrasonic.dir/C_/Users/quan_/Desktop/School/CSC2003/pico-sdk/src/rp2_common/pico_standard_link/binary_info.c.obj
 .binary_info.keep.__bi_ptr38
                0x10009314        0x4 CMakeFiles/ultrasonic.dir/C_/Users/quan_/Desktop/School/CSC2003/pico-sdk/src/rp2_common/pico_standard_link/binary_info.c.obj
 .binary_info.keep.__bi_ptr44
                0x10009318        0x4 CMakeFiles/ultrasonic.dir/C_/Users/quan_/Desktop/School/CSC2003/pico-sdk/src/rp2_common/pico_standard_link/binary_info.c.obj
 .binary_info.keep.__bi_ptr50
                0x1000931c        0x4 CMakeFiles/ultrasonic.dir/C_/Users/quan_/Desktop/School/CSC2003/pico-sdk/src/rp2_common/pico_standard_link/binary_info.c.obj
 .binary_info.keep.__bi_ptr75
                0x10009320        0x4 CMakeFiles/ultrasonic.dir/C_/Users/quan_/Desktop/School/CSC2003/pico-sdk/src/rp2_common/pico_standard_link/binary_info.c.obj
 .binary_info.keep.__bi_ptr81
                0x10009324        0x4 CMakeFiles/ultrasonic.dir/C_/Users/quan_/Desktop/School/CSC2003/pico-sdk/src/rp2_common/pico_standard_link/binary_info.c.obj
 *(.binary_info.*)
 .binary_info.__bi_ptr118
                0x10009328        0x4 CMakeFiles/ultrasonic.dir/C_/Users/quan_/Desktop/School/CSC2003/pico-sdk/src/rp2_common/pico_stdio_usb/stdio_usb.c.obj