Archive member included to satisfy reference by file (symbol)

c:/progra~2/gnuarm~1/102020~1/bin/../lib/gcc/arm-none-eabi/10.2.1/thumb/v6-m/nofp\libgcc.a(_dvmd_tls.o)
                              CMakeFiles/zoomies.dir/C_/Users/quan_/Desktop/School/CSC2003/pico-sdk/src/rp2_common/pico_divider/divider.S.obj (__aeabi_idiv0)
c:/progra~2/gnuarm~1/102020~1/bin/../lib/gcc/arm-none-eabi/10.2.1/../../../../arm-none-eabi/lib/thumb/v6-m/nofp\libg.a(lib_a-calloc.o)
                              CMakeFiles/zoomies.dir/C_/Users/quan_/Desktop/School/CSC2003/pico-sdk/src/rp2_common/pico_malloc/pico_malloc.c.obj (calloc)
c:/progra~2/gnuarm~1/102020~1/bin/../lib/gcc/arm-none-eabi/10.2.1/../../../../arm-none-eabi/lib/thumb/v6-m/nofp\libg.a(lib_a-callocr.o)
                              c:/progra~2/gnuarm~1/102020~1/bin/../lib/gcc/arm-none-eabi/10.2.1/../../../../arm-none-eabi/lib/thumb/v6-m/nofp\libg.a(lib_a-calloc.o) (_calloc_r)
c:/progra~2/gnuarm~1/102020~1/bin/../lib/gcc/arm-none-eabi/10.2.1/../../../../arm-none-eabi/lib/thumb/v6-m/nofp\libg.a(lib_a-ctype_.o)
                              CMakeFiles/zoomies.dir/C_/Users/quan_/Desktop/School/CSC2003/pico-sdk/lib/tinyusb/src/tusb.c.obj (_ctype_)
c:/progra~2/gnuarm~1/102020~1/bin/../lib/gcc/arm-none-eabi/10.2.1/../../../../arm-none-eabi/lib/thumb/v6-m/nofp\libg.a(lib_a-impure.o)
                              c:/progra~2/gnuarm~1/102020~1/bin/../lib/gcc/arm-none-eabi/10.2.1/../../../../arm-none-eabi/lib/thumb/v6-m/nofp\libg.a(lib_a-calloc.o) (_impure_ptr)
c:/progra~2/gnuarm~1/102020~1/bin/../lib/gcc/arm-none-eabi/10.2.1/../../../../arm-none-eabi/lib/thumb/v6-m/nofp\libg.a(lib_a-init.o)
                              c:/progra~2/gnuarm~1/102020~1/bin/../lib/gcc/arm-none-eabi/10.2.1/../../../../arm-none-eabi/lib/thumb/v6-m/nofp/crt0.o (__libc_init_array)
c:/progra~2/gnuarm~1/102020~1/bin/../lib/gcc/arm-none-eabi/10.2.1/../../../../arm-none-eabi/lib/thumb/v6-m/nofp\libg.a(lib_a-malloc.o)
                              CMakeFiles/zoomies.dir/C_/Users/quan_/Desktop/School/CSC2003/pico-sdk/src/rp2_common/pico_malloc/pico_malloc.c.obj (malloc)
c:/progra~2/gnuarm~1/102020~1/bin/../lib/gcc/arm-none-eabi/10.2.1/../../../../arm-none-eabi/lib/thumb/v6-m/nofp\libg.a(lib_a-mallocr.o)
                              c:/progra~2/gnuarm~1/102020~1/bin/../lib/gcc/arm-none-eabi/10.2.1/../../../../arm-none-eabi/lib/thumb/v6-m/nofp\libg.a(lib_a-callocr.o) (_malloc_r)
c:/progra~2/gnuarm~1/102020~1/bin/../lib/gcc/arm-none-eabi/10.2.1/../../../../arm-none-eabi/lib/thumb/v6-m/nofp\libg.a(lib_a-mlock.o)
                              c:/progra~2/gnuarm~1/102020~1/bin/../lib/gcc/arm-none-eabi/10.2.1/../../../../arm-none-eabi/lib/thumb/v6-m/nofp\libg.a(lib_a-mallocr.o) (__malloc_lock)
c:/progra~2/gnuarm~1/102020~1/bin/../lib/gcc/arm-none-eabi/10.2.1/../../../../arm-none-eabi/lib/thumb/v6-m/nofp\libg.a(lib_a-realloc.o)
                              CMakeFiles/zoomies.dir/C_/Users/quan_/Desktop/School/CSC2003/pico-sdk/src/rp2_common/pico_malloc/pico_malloc.c.obj (realloc)
c:/progra~2/gnuarm~1/102020~1/bin/../lib/gcc/arm-none-eabi/10.2.1/../../../../arm-none-eabi/lib/thumb/v6-m/nofp\libg.a(lib_a-reallocr.o)
                              c:/progra~2/gnuarm~1/102020~1/bin/../lib/gcc/arm-none-eabi/10.2.1/../../../../arm-none-eabi/lib/thumb/v6-m/nofp\libg.a(lib_a-realloc.o) (_realloc_r)
c:/progra~2/gnuarm~1/102020~1/bin/../lib/gcc/arm-none-eabi/10.2.1/../../../../arm-none-eabi/lib/thumb/v6-m/nofp\libg.a(lib_a-sbrkr.o)
                              c:/progra~2/gnuarm~1/102020~1/bin/../lib/gcc/arm-none-eabi/10.2.1/../../../../arm-none-eabi/lib/thumb/v6-m/nofp\libg.a(lib_a-mallocr.o) (_sbrk_r)
c:/progra~2/gnuarm~1/102020~1/bin/../lib/gcc/arm-none-eabi/10.2.1/../../../../arm-none-eabi/lib/thumb/v6-m/nofp\libg.a(lib_a-strlen-stub.o)
                              CMakeFiles/zoomies.dir/C_/Users/quan_/Desktop/School/CSC2003/pico-sdk/src/rp2_common/pico_stdio/stdio.c.obj (strlen)
c:/progra~2/gnuarm~1/102020~1/bin/../lib/gcc/arm-none-eabi/10.2.1/../../../../arm-none-eabi/lib/thumb/v6-m/nofp\libg.a(lib_a-freer.o)
                              c:/progra~2/gnuarm~1/102020~1/bin/../lib/gcc/arm-none-eabi/10.2.1/../../../../arm-none-eabi/lib/thumb/v6-m/nofp\libg.a(lib_a-malloc.o) (_free_r)
c:/progra~2/gnuarm~1/102020~1/bin/../lib/gcc/arm-none-eabi/10.2.1/../../../../arm-none-eabi/lib/thumb/v6-m/nofp\libg.a(lib_a-lock.o)
                              c:/progra~2/gnuarm~1/102020~1/bin/../lib/gcc/arm-none-eabi/10.2.1/../../../../arm-none-eabi/lib/thumb/v6-m/nofp\libg.a(lib_a-mlock.o) (__retarget_lock_acquire_recursive)
c:/progra~2/gnuarm~1/102020~1/bin/../lib/gcc/arm-none-eabi/10.2.1/../../../../arm-none-eabi/lib/thumb/v6-m/nofp\libg.a(lib_a-memmove.o)
                              c:/progra~2/gnuarm~1/102020~1/bin/../lib/gcc/arm-none-eabi/10.2.1/../../../../arm-none-eabi/lib/thumb/v6-m/nofp\libg.a(lib_a-reallocr.o) (memmove)
[...]
Memory Configuration

Name             Origin             Length             Attributes
FLASH            0x10000000         0x00200000         xr
RAM              0x20000000         0x00040000         xrw
SCRATCH_X        0x20040000         0x00001000         xrw
SCRATCH_Y        0x20041000         0x00001000         xrw
*default*        0x00000000         0xffffffff

Linker script and memory map

LOAD c:/progra~2/gnuarm~1/102020~1/bin/../lib/gcc/arm-none-eabi/10.2.1/thumb/v6-m/nofp/crti.o
LOAD c:/progra~2/gnuarm~1/102020~1/bin/../lib/gcc/arm-none-eabi/10.2.1/thumb/v6-m/nofp/crtbegin.o
LOAD c:/progra~2/gnuarm~1/102020~1/bin/../lib/gcc/arm-none-eabi/10.2.1/../../../../arm-none-eabi/lib/thumb/v6-m/nofp/crt0.o

.flash_begin    0x10000000        0x0
                0x10000000                __flash_binary_start = .

.boot2          0x10000000      0x100
                0x10000000                __boot2_start__ = .
 *(.boot2)
 .boot2         0x10000000      0x100 C:\Users\quan_\AppData\Local\Temp\ccA1v4yt.o
                0x10000100                __boot2_end__ = .
                0x00000001                ASSERT (((__boot2_end__ - __boot2_start__) == 0x100), ERROR: Pico second stage bootloader must be 256 bytes in size)

.text           0x10000100     0x3c60
                0x10000100                __logical_binary_start = .
 *(.vectors)
 .vectors       0x10000100       0xd4 CMakeFiles/zoomies.dir/C_/Users/quan_/Desktop/School/CSC2003/pico-sdk/src/rp2_common/pico_standard_link/crt0.S.obj
                0x10000100                __VECTOR_TABLE
                0x10000100                __vectors
                0x100001c0                isr_invalid
                0x100001c0                __default_isrs_start
                0x100001c2                isr_nmi
                0x100001c4                isr_hardfault
                0x100001c6                isr_svcall
                0x100001c8                isr_pendsv
                0x100001ca                isr_systick
                0x100001cc                isr_irq23
                0x100001cc                isr_irq18
                0x100001cc                isr_irq11
                0x100001cc                isr_irq28
                0x100001cc                isr_irq19
                0x100001cc                isr_irq0
                0x100001cc                isr_irq6
                0x100001cc                isr_irq5
                0x100001cc                isr_irq12
                0x100001cc                isr_irq22
                0x100001cc                isr_irq31
                0x100001cc                isr_irq17
                0x100001cc                isr_irq27
                0x100001cc                isr_irq30
                0x100001cc                isr_irq2
                0x100001cc                isr_irq10
                0x100001cc                isr_irq8
                0x100001cc                isr_irq24
                0x100001cc                isr_irq1
                0x100001cc                isr_irq7
                0x100001cc                isr_irq21
                0x100001cc                isr_irq20
                0x100001cc                isr_irq15
                0x100001cc                isr_irq25
                0x100001cc                isr_irq13
                0x100001cc                __unhandled_user_irq
                0x100001cc                isr_irq4
                0x100001cc                isr_irq16
                0x100001cc                isr_irq29
                0x100001cc                isr_irq26
                0x100001cc                __default_isrs_end
                0x100001cc                isr_irq3
                0x100001cc                isr_irq14
                0x100001cc                isr_irq9
                0x100001d2                unhandled_user_irq_num_in_r0
 *(.binary_info_header)
 .binary_info_header
                0x100001d4       0x14 CMakeFiles/zoomies.dir/C_/Users/quan_/Desktop/School/CSC2003/pico-sdk/src/rp2_common/pico_standard_link/crt0.S.obj
                0x100001e8                __binary_info_header_end = .
 *(.reset)
 .reset         0x100001e8       0xa8 CMakeFiles/zoomies.dir/C_/Users/quan_/Desktop/School/CSC2003/pico-sdk/src/rp2_common/pico_standard_link/crt0.S.obj
                0x100001e8                _entry_point
                0x10000266                __get_current_exception
 .reset         0x10000290       0x30 CMakeFiles/zoomies.dir/C_/Users/quan_/Desktop/School/CSC2003/pico-sdk/src/rp2_common/pico_standard_link/binary_info.c.obj
 *(.init)
 .init          0x100002c0        0x4 c:/progra~2/gnuarm~1/102020~1/bin/../lib/gcc/arm-none-eabi/10.2.1/thumb/v6-m/nofp/crti.o
                0x100002c0                _init
 *(EXCLUDE_FILE(*libm.a: *libc.a:*lib_a-mem*.o *libgcc.a:) .text*)
 .text          0x100002c4       0x48 c:/progra~2/gnuarm~1/102020~1/bin/../lib/gcc/arm-none-eabi/10.2.1/thumb/v6-m/nofp/crtbegin.o
 .text.hw_claim_lock
                0x1000030c       0x18 CMakeFiles/zoomies.dir/C_/Users/quan_/Desktop/School/CSC2003/pico-sdk/src/rp2_common/hardware_claim/claim.c.obj
                0x1000030c                hw_claim_lock
 .text.hw_claim_unlock
                0x10000324       0x14 CMakeFiles/zoomies.dir/C_/Users/quan_/Desktop/School/CSC2003/pico-sdk/src/rp2_common/hardware_claim/claim.c.obj
                0x10000324                hw_claim_unlock
 .text.hw_claim_or_assert
                0x10000338       0x32 CMakeFiles/zoomies.dir/C_/Users/quan_/Desktop/School/CSC2003/pico-sdk/src/rp2_common/hardware_claim/claim.c.obj
                0x10000338                hw_claim_or_assert
 *fill*         0x1000036a        0x2 
 .text.running_on_fpga
                0x1000036c       0x14 CMakeFiles/zoomies.dir/C_/Users/quan_/Desktop/School/CSC2003/pico-sdk/src/rp2_common/pico_platform/platform.c.obj
                0x1000036c                running_on_fpga
 .text.spin_locks_reset
                0x10000380       0x20 CMakeFiles/zoomies.dir/C_/Users/quan_/Desktop/School/CSC2003/pico-sdk/src/rp2_common/hardware_sync/sync.c.obj
                0x10000380                spin_locks_reset
 .text.next_striped_spin_lock_num
                0x100003a0       0x1c CMakeFiles/zoomies.dir/C_/Users/quan_/Desktop/School/CSC2003/pico-sdk/src/rp2_common/hardware_sync/sync.c.obj
                0x100003a0                next_striped_spin_lock_num
 .text.set_raw_irq_handler_and_unlock
                0x100003bc       0x28 CMakeFiles/zoomies.dir/C_/Users/quan_/Desktop/School/CSC2003/pico-sdk/src/rp2_common/hardware_irq/irq.c.obj
 .text.make_branch
                0x100003e4       0x48 CMakeFiles/zoomies.dir/C_/Users/quan_/Desktop/School/CSC2003/pico-sdk/src/rp2_common/hardware_irq/irq.c.obj
 .text.insert_branch_and_link
                0x1000042c       0x40 CMakeFiles/zoomies.dir/C_/Users/quan_/Desktop/School/CSC2003/pico-sdk/src/rp2_common/hardware_irq/irq.c.obj
 .text.irq_is_enabled
                0x1000046c       0x18 CMakeFiles/zoomies.dir/C_/Users/quan_/Desktop/School/CSC2003/pico-sdk/src/rp2_common/hardware_irq/irq.c.obj
                0x1000046c                irq_is_enabled
 .text.irq_set_mask_enabled
                0x10000484       0x20 CMakeFiles/zoomies.dir/C_/Users/quan_/Desktop/School/CSC2003/pico-sdk/src/rp2_common/hardware_irq/irq.c.obj
                0x10000484                irq_set_mask_enabled
 .text.irq_set_enabled
                0x100004a4        0xe CMakeFiles/zoomies.dir/C_/Users/quan_/Desktop/School/CSC2003/pico-sdk/src/rp2_common/hardware_irq/irq.c.obj
                0x100004a4                irq_set_enabled
 *fill*         0x100004b2        0x2 
 .text.irq_get_vtable_handler
                0x100004b4       0x10 CMakeFiles/zoomies.dir/C_/Users/quan_/Desktop/School/CSC2003/pico-sdk/src/rp2_common/hardware_irq/irq.c.obj
                0x100004b4                irq_get_vtable_handler
 .text.irq_set_exclusive_handler
                0x100004c4       0x54 CMakeFiles/zoomies.dir/C_/Users/quan_/Desktop/School/CSC2003/pico-sdk/src/rp2_common/hardware_irq/irq.c.obj
                0x100004c4                irq_set_exclusive_handler
 .text.irq_remove_handler
                0x10000518      0x1a8 CMakeFiles/zoomies.dir/C_/Users/quan_/Desktop/School/CSC2003/pico-sdk/src/rp2_common/hardware_irq/irq.c.obj
                0x10000518                irq_remove_handler
 .text.irq_add_tail_to_free_list
                0x100006c0       0xf0 CMakeFiles/zoomies.dir/C_/Users/quan_/Desktop/School/CSC2003/pico-sdk/src/rp2_common/hardware_irq/irq.c.obj
                0x100006c0                irq_add_tail_to_free_list
 .text.irq_init_priorities
                0x100007b0       0x1c CMakeFiles/zoomies.dir/C_/Users/quan_/Desktop/School/CSC2003/pico-sdk/src/rp2_common/hardware_irq/irq.c.obj
                0x100007b0                irq_init_priorities
 .text.lock_init
                0x100007cc       0x10 CMakeFiles/zoomies.dir/C_/Users/quan_/Desktop/School/CSC2003/pico-sdk/src/common/pico_sync/lock_core.c.obj
                0x100007cc                lock_init
 .text.alarm_pool_post_alloc_init
                0x100007dc       0x40 CMakeFiles/zoomies.dir/C_/Users/quan_/Desktop/School/CSC2003/pico-sdk/src/common/pico_time/time.c.obj
 .text.timer_pool_entry_comparator
                0x1000081c       0x7c CMakeFiles/zoomies.dir/C_/Users/quan_/Desktop/School/CSC2003/pico-sdk/src/common/pico_time/time.c.obj
                0x1000081c                timer_pool_entry_comparator
 .text.ph_add_child_node
                0x10000898       0xa4 CMakeFiles/zoomies.dir/C_/Users/quan_/Desktop/School/CSC2003/pico-sdk/src/common/pico_time/time.c.obj
 .text.ph_merge_nodes
                0x1000093c       0x3e CMakeFiles/zoomies.dir/C_/Users/quan_/Desktop/School/CSC2003/pico-sdk/src/common/pico_time/time.c.obj
 *fill*         0x1000097a        0x2 
 .text.add_alarm_under_lock
                0x1000097c      0x174 CMakeFiles/zoomies.dir/C_/Users/quan_/Desktop/School/CSC2003/pico-sdk/src/common/pico_time/time.c.obj
 .text.alarm_pool_alarm_callback
                0x10000af0      0x328 CMakeFiles/zoomies.dir/C_/Users/quan_/Desktop/School/CSC2003/pico-sdk/src/common/pico_time/time.c.obj
 .text.alarm_pool_init_default
                0x10000e18       0x38 CMakeFiles/zoomies.dir/C_/Users/quan_/Desktop/School/CSC2003/pico-sdk/src/common/pico_time/time.c.obj
                0x10000e18                alarm_pool_init_default
 .text.hardware_alarm_irq_handler
                0x10000e50       0x8c CMakeFiles/zoomies.dir/C_/Users/quan_/Desktop/School/CSC2003/pico-sdk/src/rp2_common/hardware_timer/timer.c.obj
 .text.hardware_alarm_claim
                0x10000edc       0x18 CMakeFiles/zoomies.dir/C_/Users/quan_/Desktop/School/CSC2003/pico-sdk/src/rp2_common/hardware_timer/timer.c.obj
                0x10000edc                hardware_alarm_claim
 .text.time_us_64
                0x10000ef4       0x18 CMakeFiles/zoomies.dir/C_/Users/quan_/Desktop/School/CSC2003/pico-sdk/src/rp2_common/hardware_timer/timer.c.obj
                0x10000ef4                time_us_64
 .text.hardware_alarm_set_callback
                0x10000f0c       0x90 CMakeFiles/zoomies.dir/C_/Users/quan_/Desktop/School/CSC2003/pico-sdk/src/rp2_common/hardware_timer/timer.c.obj
                0x10000f0c                hardware_alarm_set_callback
 .text.hardware_alarm_set_target
                0x10000f9c       0xe8 CMakeFiles/zoomies.dir/C_/Users/quan_/Desktop/School/CSC2003/pico-sdk/src/rp2_common/hardware_timer/timer.c.obj
                0x10000f9c                hardware_alarm_set_target
 .text.hardware_alarm_cancel
                0x10001084       0x40 CMakeFiles/zoomies.dir/C_/Users/quan_/Desktop/School/CSC2003/pico-sdk/src/rp2_common/hardware_timer/timer.c.obj
                0x10001084                hardware_alarm_cancel
 .text.ph_add_child_node
                0x100010c4       0xa4 CMakeFiles/zoomies.dir/C_/Users/quan_/Desktop/School/CSC2003/pico-sdk/src/common/pico_util/pheap.c.obj
 .text.ph_merge_nodes
                0x10001168       0x3e CMakeFiles/zoomies.dir/C_/Users/quan_/Desktop/School/CSC2003/pico-sdk/src/common/pico_util/pheap.c.obj
 *fill*         0x100011a6        0x2 
 .text.ph_clear
                0x100011a8       0x70 CMakeFiles/zoomies.dir/C_/Users/quan_/Desktop/School/CSC2003/pico-sdk/src/common/pico_util/pheap.c.obj
                0x100011a8                ph_clear
 .text.ph_post_alloc_init
                0x10001218        0xe CMakeFiles/zoomies.dir/C_/Users/quan_/Desktop/School/CSC2003/pico-sdk/src/common/pico_util/pheap.c.obj
                0x10001218                ph_post_alloc_init
 *fill*         0x10001226        0x2 
 .text.ph_merge_two_pass
                0x10001228       0xa8 CMakeFiles/zoomies.dir/C_/Users/quan_/Desktop/School/CSC2003/pico-sdk/src/common/pico_util/pheap.c.obj
                0x10001228                ph_merge_two_pass
 .text.ph_remove_any_head
                0x100012d0      0x108 CMakeFiles/zoomies.dir/C_/Users/quan_/Desktop/School/CSC2003/pico-sdk/src/common/pico_util/pheap.c.obj
 .text.ph_remove_head
                0x100013d8       0x14 CMakeFiles/zoomies.dir/C_/Users/quan_/Desktop/School/CSC2003/pico-sdk/src/common/pico_util/pheap.c.obj
                0x100013d8                ph_remove_head
 .text.ph_remove_and_free_node
                0x100013ec       0xf8 CMakeFiles/zoomies.dir/C_/Users/quan_/Desktop/School/CSC2003/pico-sdk/src/common/pico_util/pheap.c.obj
                0x100013ec                ph_remove_and_free_node
 .text.mutex_init
                0x100014e4       0x1a CMakeFiles/zoomies.dir/C_/Users/quan_/Desktop/School/CSC2003/pico-sdk/src/common/pico_sync/mutex.c.obj
                0x100014e4                mutex_init
 .text.recursive_mutex_init
                0x100014fe       0x1e CMakeFiles/zoomies.dir/C_/Users/quan_/Desktop/School/CSC2003/pico-sdk/src/common/pico_sync/mutex.c.obj
                0x100014fe                recursive_mutex_init
 .text._exit    0x1000151c        0x4 CMakeFiles/zoomies.dir/C_/Users/quan_/Desktop/School/CSC2003/pico-sdk/src/rp2_common/pico_runtime/runtime.c.obj
                0x1000151c                _exit
 .text.exit     0x10001520        0x6 CMakeFiles/zoomies.dir/C_/Users/quan_/Desktop/School/CSC2003/pico-sdk/src/rp2_common/pico_runtime/runtime.c.obj
                0x10001520                exit
 *fill*         0x10001526        0x2 
 .text.__assert_func
                0x10001528       0x3c CMakeFiles/zoomies.dir/C_/Users/quan_/Desktop/School/CSC2003/pico-sdk/src/rp2_common/pico_runtime/runtime.c.obj
                0x10001528                __assert_func
 .text.runtime_init
                0x10001564       0xf8 CMakeFiles/zoomies.dir/C_/Users/quan_/Desktop/School/CSC2003/pico-sdk/src/rp2_common/pico_runtime/runtime.c.obj
                0x10001564                runtime_init
 .text.panic    0x1000165c       0x30 CMakeFiles/zoomies.dir/C_/Users/quan_/Desktop/School/CSC2003/pico-sdk/src/rp2_common/pico_runtime/runtime.c.obj
                0x1000165c                panic
 .text.clock_configure
                0x1000168c      0x104 CMakeFiles/zoomies.dir/C_/Users/quan_/Desktop/School/CSC2003/pico-sdk/src/rp2_common/hardware_clocks/clocks.c.obj
                0x1000168c                clock_configure
 .text.clocks_init
                0x10001790      0x100 CMakeFiles/zoomies.dir/C_/Users/quan_/Desktop/School/CSC2003/pico-sdk/src/rp2_common/hardware_clocks/clocks.c.obj
                0x10001790                clocks_init
 .text.pll_init
                0x10001890      0x140 CMakeFiles/zoomies.dir/C_/Users/quan_/Desktop/School/CSC2003/pico-sdk/src/rp2_common/hardware_pll/pll.c.obj
                0x10001890                pll_init
 .text.watchdog_start_tick
                0x100019d0       0x10 CMakeFiles/zoomies.dir/C_/Users/quan_/Desktop/School/CSC2003/pico-sdk/src/rp2_common/hardware_watchdog/watchdog.c.obj
                0x100019d0                watchdog_start_tick
 .text.xosc_init
                0x100019e0       0x28 CMakeFiles/zoomies.dir/C_/Users/quan_/Desktop/School/CSC2003/pico-sdk/src/rp2_common/hardware_xosc/xosc.c.obj
                0x100019e0                xosc_init
 .text._out_null
                0x10001a08        0x2 CMakeFiles/zoomies.dir/C_/Users/quan_/Desktop/School/CSC2003/pico-sdk/src/rp2_common/pico_printf/printf.c.obj
 .text._out_fct
                0x10001a0a        0xe CMakeFiles/zoomies.dir/C_/Users/quan_/Desktop/School/CSC2003/pico-sdk/src/rp2_common/pico_printf/printf.c.obj
 .text._atoi    0x10001a18       0x24 CMakeFiles/zoomies.dir/C_/Users/quan_/Desktop/School/CSC2003/pico-sdk/src/rp2_common/pico_printf/printf.c.obj
 .text._out_rev
                0x10001a3c       0xae CMakeFiles/zoomies.dir/C_/Users/quan_/Desktop/School/CSC2003/pico-sdk/src/rp2_common/pico_printf/printf.c.obj
 .text._ntoa_format
                0x10001aea      0x112 CMakeFiles/zoomies.dir/C_/Users/quan_/Desktop/School/CSC2003/pico-sdk/src/rp2_common/pico_printf/printf.c.obj
 .text._ntoa_long
                0x10001bfc       0xbc CMakeFiles/zoomies.dir/C_/Users/quan_/Desktop/School/CSC2003/pico-sdk/src/rp2_common/pico_printf/printf.c.obj
 .text._ntoa_long_long
                0x10001cb8       0xe2 CMakeFiles/zoomies.dir/C_/Users/quan_/Desktop/School/CSC2003/pico-sdk/src/rp2_common/pico_printf/printf.c.obj
 *fill*         0x10001d9a        0x2 
 .text._etoa    0x10001d9c      0x414 CMakeFiles/zoomies.dir/C_/Users/quan_/Desktop/School/CSC2003/pico-sdk/src/rp2_common/pico_printf/printf.c.obj
 .text._ftoa    0x100021b0      0x354 CMakeFiles/zoomies.dir/C_/Users/quan_/Desktop/School/CSC2003/pico-sdk/src/rp2_common/pico_printf/printf.c.obj
 .text._vsnprintf
                0x10002504      0x624 CMakeFiles/zoomies.dir/C_/Users/quan_/Desktop/School/CSC2003/pico-sdk/src/rp2_common/pico_printf/printf.c.obj
 .text.vfctprintf
                0x10002b28       0x20 CMakeFiles/zoomies.dir/C_/Users/quan_/Desktop/School/CSC2003/pico-sdk/src/rp2_common/pico_printf/printf.c.obj
                0x10002b28                vfctprintf
 .text          0x10002b48       0x10 CMakeFiles/zoomies.dir/C_/Users/quan_/Desktop/School/CSC2003/pico-sdk/src/rp2_common/pico_bit_ops/bit_ops_aeabi.S.obj
 .text.rom_func_lookup
                0x10002b58       0x10 CMakeFiles/zoomies.dir/C_/Users/quan_/Desktop/School/CSC2003/pico-sdk/src/rp2_common/pico_bootrom/bootrom.c.obj
                0x10002b58                rom_func_lookup
 .text.rom_data_lookup
                0x10002b68       0x10 CMakeFiles/zoomies.dir/C_/Users/quan_/Desktop/School/CSC2003/pico-sdk/src/rp2_common/pico_bootrom/bootrom.c.obj
                0x10002b68                rom_data_lookup
 .text.rom_funcs_lookup
                0x10002b78       0x36 CMakeFiles/zoomies.dir/C_/Users/quan_/Desktop/School/CSC2003/pico-sdk/src/rp2_common/pico_bootrom/bootrom.c.obj
                0x10002b78                rom_funcs_lookup
 *fill*         0x10002bae        0x2 
 .text.__wrap___aeabi_idiv
                0x10002bb0       0x50 CMakeFiles/zoomies.dir/C_/Users/quan_/Desktop/School/CSC2003/pico-sdk/src/rp2_common/pico_divider/divider.S.obj
                0x10002bb0                __wrap___aeabi_idivmod
                0x10002bb0                divmod_s32s32
                0x10002bb0                div_s32s32
                0x10002bb0                __wrap___aeabi_idiv
                0x10002bb8                divmod_s32s32_unsafe
                0x10002be4                divmod_s32s32_savestate
 .text.__wrap___aeabi_uidiv
                0x10002c00       0x4c CMakeFiles/zoomies.dir/C_/Users/quan_/Desktop/School/CSC2003/pico-sdk/src/rp2_common/pico_divider/divider.S.obj
                0x10002c00                __wrap___aeabi_uidiv
                0x10002c00                __wrap___aeabi_uidivmod
                0x10002c00                div_u32u32
                0x10002c00                divmod_u32u32
                0x10002c08                divmod_u32u32_unsafe
                0x10002c30                divmod_u32u32_savestate
 .text.__wrap___aeabi_ldiv
                0x10002c4c      0x434 CMakeFiles/zoomies.dir/C_/Users/quan_/Desktop/School/CSC2003/pico-sdk/src/rp2_common/pico_divider/divider.S.obj
                0x10002c4c                div_s64s64
                0x10002c4c                divmod_s64s64
                0x10002c4c                __wrap___aeabi_ldivmod
                0x10002c84                divmod_u64u64
                0x10002c84                div_u64u64
                0x10002c84                __wrap___aeabi_uldivmod
                0x10002c94                divmod_u64u64_savestate
                0x10002cbc                divmod_s64s64_unsafe
                0x10002d44                divmod_u64u64_unsafe
 .text.__wrap___aeabi_darithmetic
                0x10003080       0x80 CMakeFiles/zoomies.dir/C_/Users/quan_/Desktop/School/CSC2003/pico-sdk/src/rp2_common/pico_double/double_aeabi.S.obj
                0x10003080                __wrap___aeabi_drsub
                0x10003086                __wrap___aeabi_dsub
                0x10003098                __wrap___aeabi_dadd
                0x100030aa                __wrap___aeabi_ddiv
                0x100030e6                __wrap___aeabi_dmul
 .text.__wrap___aeabi_cdcmple
                0x10003100       0x6c CMakeFiles/zoomies.dir/C_/Users/quan_/Desktop/School/CSC2003/pico-sdk/src/rp2_common/pico_double/double_aeabi.S.obj
                0x10003100                __wrap___aeabi_cdrcmple
                0x10003110                __wrap___aeabi_cdcmpeq
                0x10003110                __wrap___aeabi_cdcmple
 .text.__wrap___aeabi_dcmplt
                0x1000316c        0xc CMakeFiles/zoomies.dir/C_/Users/quan_/Desktop/School/CSC2003/pico-sdk/src/rp2_common/pico_double/double_aeabi.S.obj
                0x1000316c                __wrap___aeabi_dcmplt
 .text.__wrap___aeabi_dcmple
                0x10003178       0x10 CMakeFiles/zoomies.dir/C_/Users/quan_/Desktop/School/CSC2003/pico-sdk/src/rp2_common/pico_double/double_aeabi.S.obj
                0x10003178                __wrap___aeabi_dcmple
 .text.__wrap___aeabi_dcmpge
                0x10003188       0x10 CMakeFiles/zoomies.dir/C_/Users/quan_/Desktop/School/CSC2003/pico-sdk/src/rp2_common/pico_double/double_aeabi.S.obj
                0x10003188                __wrap___aeabi_dcmpge
 .text.__wrap___aeabi_dcmpgt
                0x10003198        0xa CMakeFiles/zoomies.dir/C_/Users/quan_/Desktop/School/CSC2003/pico-sdk/src/rp2_common/pico_double/double_aeabi.S.obj
                0x10003198                __wrap___aeabi_dcmpgt
 .text.__wrap___aeabi_dcmpun
                0x100031a2       0x1c CMakeFiles/zoomies.dir/C_/Users/quan_/Desktop/School/CSC2003/pico-sdk/src/rp2_common/pico_double/double_aeabi.S.obj
                0x100031a2                __wrap___aeabi_dcmpun
 *fill*         0x100031be        0x2 
 .text.__wrap___aeabi_i2d
                0x100031c0       0x38 CMakeFiles/zoomies.dir/C_/Users/quan_/Desktop/School/CSC2003/pico-sdk/src/rp2_common/pico_double/double_aeabi.S.obj
                0x100031c0                __wrap___aeabi_ui2d
                0x100031c8                __wrap___aeabi_i2d
 .text.__wrap___aeabi_d2iz
                0x100031f8       0x48 CMakeFiles/zoomies.dir/C_/Users/quan_/Desktop/School/CSC2003/pico-sdk/src/rp2_common/pico_double/double_aeabi.S.obj
                0x100031f8                double2int_z
                0x100031f8                __wrap___aeabi_d2iz
 .text.__wrap___aeabi_d2uiz
                0x10003240       0x18 CMakeFiles/zoomies.dir/C_/Users/quan_/Desktop/School/CSC2003/pico-sdk/src/rp2_common/pico_double/double_aeabi.S.obj
                0x10003240                __wrap___aeabi_d2uiz
                0x10003240                double2uint
 .text.__aeabi_double_init
                0x10003258       0xc8 CMakeFiles/zoomies.dir/C_/Users/quan_/Desktop/School/CSC2003/pico-sdk/src/rp2_common/pico_double/double_init_rom.c.obj
                0x10003258                __aeabi_double_init
 .text.double_table_shim_on_use_helper
                0x10003320       0x34 CMakeFiles/zoomies.dir/C_/Users/quan_/Desktop/School/CSC2003/pico-sdk/src/rp2_common/pico_double/double_v1_rom_shim.S.obj
                0x10003320                double_table_shim_on_use_helper
 .text.__wrap___aeabi_dsub
                0x10003354       0x10 CMakeFiles/zoomies.dir/C_/Users/quan_/Desktop/School/CSC2003/pico-sdk/src/rp2_common/pico_double/double_v1_rom_shim.S.obj
                0x10003354                drsub_shim
                0x1000335a                dsub_shim
 .text.dadd_shim
                0x10003364      0x15c CMakeFiles/zoomies.dir/C_/Users/quan_/Desktop/School/CSC2003/pico-sdk/src/rp2_common/pico_double/double_v1_rom_shim.S.obj
                0x10003364                dadd_shim
 .text.dmul_shim
                0x100034c0      0x15c CMakeFiles/zoomies.dir/C_/Users/quan_/Desktop/School/CSC2003/pico-sdk/src/rp2_common/pico_double/double_v1_rom_shim.S.obj
                0x100034c0                dmul_shim
 .text.ddiv_shim
                0x1000361c      0x1b0 CMakeFiles/zoomies.dir/C_/Users/quan_/Desktop/School/CSC2003/pico-sdk/src/rp2_common/pico_double/double_v1_rom_shim.S.obj
                0x1000361c                ddiv_shim
 .text.double2uint_shim
                0x100037cc        0xe CMakeFiles/zoomies.dir/C_/Users/quan_/Desktop/School/CSC2003/pico-sdk/src/rp2_common/pico_double/double_v1_rom_shim.S.obj
                0x100037cc                double2uint_shim
                0x100037ce                double2ufix_shim
 *fill*         0x100037da        0x2 
 .text.double2uint64_shim
                0x100037dc       0x70 CMakeFiles/zoomies.dir/C_/Users/quan_/Desktop/School/CSC2003/pico-sdk/src/rp2_common/pico_double/double_v1_rom_shim.S.obj
                0x100037dc                double2uint64_shim
                0x100037de                double2ufix64_shim
                0x100037fe                d2fix_a
 .text.dunpacks
                0x1000384c       0x3c CMakeFiles/zoomies.dir/C_/Users/quan_/Desktop/School/CSC2003/pico-sdk/src/rp2_common/pico_double/double_v1_rom_shim.S.obj
                0x1000384c                dunpacks
 .text.__aeabi_float_init
                0x10003888       0xfc CMakeFiles/zoomies.dir/C_/Users/quan_/Desktop/School/CSC2003/pico-sdk/src/rp2_common/pico_float/float_init_rom.c.obj
                0x10003888                __aeabi_float_init
 .text.float_table_shim_on_use_helper
                0x10003984       0x34 CMakeFiles/zoomies.dir/C_/Users/quan_/Desktop/School/CSC2003/pico-sdk/src/rp2_common/pico_float/float_v1_rom_shim.S.obj
                0x10003984                float_table_shim_on_use_helper
 .text          0x100039b8       0x10 CMakeFiles/zoomies.dir/C_/Users/quan_/Desktop/School/CSC2003/pico-sdk/src/rp2_common/pico_mem_ops/mem_ops_aeabi.S.obj
                0x100039b8                __aeabi_mem_init
 .text.memset   0x100039c8        0xc CMakeFiles/zoomies.dir/C_/Users/quan_/Desktop/School/CSC2003/pico-sdk/src/rp2_common/pico_mem_ops/mem_ops_aeabi.S.obj
                0x100039c8                __wrap_memset
 .text.memcpy   0x100039d4        0xc CMakeFiles/zoomies.dir/C_/Users/quan_/Desktop/School/CSC2003/pico-sdk/src/rp2_common/pico_mem_ops/mem_ops_aeabi.S.obj
                0x100039d4                __wrap_memcpy
                0x100039d4                __wrap___aeabi_memcpy
 .text.stdio_out_chars_no_crlf
                0x100039e0        0xe CMakeFiles/zoomies.dir/C_/Users/quan_/Desktop/School/CSC2003/pico-sdk/src/rp2_common/pico_stdio/stdio.c.obj
 *fill*         0x100039ee        0x2 
 .text.stdio_out_chars_crlf
                0x100039f0       0x80 CMakeFiles/zoomies.dir/C_/Users/quan_/Desktop/School/CSC2003/pico-sdk/src/rp2_common/pico_stdio/stdio.c.obj
 .text.stdio_stack_buffer_flush
                0x10003a70       0x44 CMakeFiles/zoomies.dir/C_/Users/quan_/Desktop/School/CSC2003/pico-sdk/src/rp2_common/pico_stdio/stdio.c.obj
 .text.stdio_buffered_printer
                0x10003ab4       0x20 CMakeFiles/zoomies.dir/C_/Users/quan_/Desktop/School/CSC2003/pico-sdk/src/rp2_common/pico_stdio/stdio.c.obj
 .text.stdout_serialize_begin
                0x10003ad4       0x30 CMakeFiles/zoomies.dir/C_/Users/quan_/Desktop/School/CSC2003/pico-sdk/src/rp2_common/pico_stdio/stdio.c.obj
                0x10003ad4                stdout_serialize_begin
 .text.stdout_serialize_end
                0x10003b04       0x10 CMakeFiles/zoomies.dir/C_/Users/quan_/Desktop/School/CSC2003/pico-sdk/src/rp2_common/pico_stdio/stdio.c.obj
                0x10003b04                stdout_serialize_end
 .text.stdio_put_string
                0x10003b14       0x98 CMakeFiles/zoomies.dir/C_/Users/quan_/Desktop/School/CSC2003/pico-sdk/src/rp2_common/pico_stdio/stdio.c.obj
 .text.stdio_flush
                0x10003bac       0x20 CMakeFiles/zoomies.dir/C_/Users/quan_/Desktop/School/CSC2003/pico-sdk/src/rp2_common/pico_stdio/stdio.c.obj
                0x10003bac                stdio_flush
 .text.__wrap_puts
                0x10003bcc       0x1e CMakeFiles/zoomies.dir/C_/Users/quan_/Desktop/School/CSC2003/pico-sdk/src/rp2_common/pico_stdio/stdio.c.obj
                0x10003bcc                __wrap_puts
 *fill*         0x10003bea        0x2 
 .text.__wrap_vprintf
                0x10003bec       0x44 CMakeFiles/zoomies.dir/C_/Users/quan_/Desktop/School/CSC2003/pico-sdk/src/rp2_common/pico_stdio/stdio.c.obj
                0x10003bec                __wrap_vprintf
 .text.__wrap_printf
                0x10003c30       0x18 CMakeFiles/zoomies.dir/C_/Users/quan_/Desktop/School/CSC2003/pico-sdk/src/rp2_common/pico_stdio/stdio.c.obj
                0x10003c30                __wrap_printf
 .text._retrieve_unique_id_on_boot
                0x10003c48       0x10 CMakeFiles/zoomies.dir/C_/Users/quan_/Desktop/School/CSC2003/pico-sdk/src/rp2_common/pico_unique_id/unique_id.c.obj
 .text.flash_get_unique_id
                0x10003c58       0x46 CMakeFiles/zoomies.dir/C_/Users/quan_/Desktop/School/CSC2003/pico-sdk/src/rp2_common/hardware_flash/flash.c.obj
                0x10003c58                flash_get_unique_id
 *fill*         0x10003c9e        0x2 
 .text.strlen   0x10003ca0       0x5c c:/progra~2/gnuarm~1/102020~1/bin/../lib/gcc/arm-none-eabi/10.2.1/../../../../arm-none-eabi/lib/thumb/v6-m/nofp\libg.a(lib_a-strlen-stub.o)
                0x10003ca0                strlen
 *(.fini)
 .fini          0x10003cfc        0x4 c:/progra~2/gnuarm~1/102020~1/bin/../lib/gcc/arm-none-eabi/10.2.1/thumb/v6-m/nofp/crti.o
                0x10003cfc                _fini
 .fini.__stub   0x10003d00       0x60 linker stubs
 *crtbegin.o(.ctors)
 *crtbegin?.o(.ctors)
 *(EXCLUDE_FILE(*crtend.o *crtend?.o) .ctors)
 *(SORT_BY_NAME(.ctors.*))
 *(.ctors)
 *crtbegin.o(.dtors)
 *crtbegin?.o(.dtors)
 *(EXCLUDE_FILE(*crtend.o *crtend?.o) .dtors)
 *(SORT_BY_NAME(.dtors.*))
 *(.dtors)
 *(.eh_frame*)
 .eh_frame      0x10003d60        0x0 c:/progra~2/gnuarm~1/102020~1/bin/../lib/gcc/arm-none-eabi/10.2.1/thumb/v6-m/nofp/crtbegin.o
                0x10003d60                . = ALIGN (0x4)

.glue_7         0x10003d60        0x0
 .glue_7        0x10003d60        0x0 linker stubs

.glue_7t        0x10003d60        0x0
 .glue_7t       0x10003d60        0x0 linker stubs

.vfp11_veneer   0x10003d60        0x0
 .vfp11_veneer  0x10003d60        0x0 linker stubs

.v4_bx          0x10003d60        0x0
 .v4_bx         0x10003d60        0x0 linker stubs

.iplt           0x10003d60        0x0
 .iplt          0x10003d60        0x0 c:/progra~2/gnuarm~1/102020~1/bin/../lib/gcc/arm-none-eabi/10.2.1/thumb/v6-m/nofp/crtbegin.o

.rodata         0x10003d60     0x1068
 *(EXCLUDE_FILE(*libm.a: *libc.a:*lib_a-mem*.o *libgcc.a:) .rodata*)
 .rodata.make_branch.str1.4
                0x10003d60       0x81 CMakeFiles/zoomies.dir/C_/Users/quan_/Desktop/School/CSC2003/pico-sdk/src/rp2_common/hardware_irq/irq.c.obj
 *fill*         0x10003de1        0x3 
 .rodata.insert_branch_and_link.str1.4
                0x10003de4       0x10 CMakeFiles/zoomies.dir/C_/Users/quan_/Desktop/School/CSC2003/pico-sdk/src/rp2_common/hardware_irq/irq.c.obj
 .rodata.irq_set_exclusive_handler.str1.4
                0x10003df4       0x36 CMakeFiles/zoomies.dir/C_/Users/quan_/Desktop/School/CSC2003/pico-sdk/src/rp2_common/hardware_irq/irq.c.obj
 *fill*         0x10003e2a        0x2 
 .rodata.irq_add_shared_handler.str1.4
                0x10003e2c       0xd9 CMakeFiles/zoomies.dir/C_/Users/quan_/Desktop/School/CSC2003/pico-sdk/src/rp2_common/hardware_irq/irq.c.obj
 *fill*         0x10003f05        0x3 
 .rodata.irq_remove_handler.str1.4
                0x10003f08       0x2a CMakeFiles/zoomies.dir/C_/Users/quan_/Desktop/School/CSC2003/pico-sdk/src/rp2_common/hardware_irq/irq.c.obj
 *fill*         0x10003f32        0x2 
 .rodata.irq_add_tail_to_free_list.str1.4
                0x10003f34       0x3a CMakeFiles/zoomies.dir/C_/Users/quan_/Desktop/School/CSC2003/pico-sdk/src/rp2_common/hardware_irq/irq.c.obj
 *fill*         0x10003f6e        0x2 
 .rodata.__func__.0
                0x10003f70       0x1a CMakeFiles/zoomies.dir/C_/Users/quan_/Desktop/School/CSC2003/pico-sdk/src/rp2_common/hardware_irq/irq.c.obj
 *fill*         0x10003f8a        0x2 
 .rodata.__func__.1
                0x10003f8c       0x17 CMakeFiles/zoomies.dir/C_/Users/quan_/Desktop/School/CSC2003/pico-sdk/src/rp2_common/hardware_irq/irq.c.obj
 *fill*         0x10003fa3        0x1 
 .rodata.__func__.2
                0x10003fa4       0x13 CMakeFiles/zoomies.dir/C_/Users/quan_/Desktop/School/CSC2003/pico-sdk/src/rp2_common/hardware_irq/irq.c.obj
 *fill*         0x10003fb7        0x1 
 .rodata.__func__.3
                0x10003fb8        0xc CMakeFiles/zoomies.dir/C_/Users/quan_/Desktop/School/CSC2003/pico-sdk/src/rp2_common/hardware_irq/irq.c.obj
 .rodata.__func__.4
                0x10003fc4        0xf CMakeFiles/zoomies.dir/C_/Users/quan_/Desktop/School/CSC2003/pico-sdk/src/rp2_common/hardware_irq/irq.c.obj
 *fill*         0x10003fd3        0x1 
 .rodata.__func__.6
                0x10003fd4       0x1a CMakeFiles/zoomies.dir/C_/Users/quan_/Desktop/School/CSC2003/pico-sdk/src/rp2_common/hardware_irq/irq.c.obj
 *fill*         0x10003fee        0x2 
 .rodata.repeating_timer_callback.str1.4
                0x10003ff0       0x5f CMakeFiles/zoomies.dir/C_/Users/quan_/Desktop/School/CSC2003/pico-sdk/src/common/pico_time/time.c.obj
 *fill*         0x1000404f        0x1 
 .rodata.alarm_pool_dump_key.str1.4
                0x10004050       0x33 CMakeFiles/zoomies.dir/C_/Users/quan_/Desktop/School/CSC2003/pico-sdk/src/common/pico_time/time.c.obj
 *fill*         0x10004083        0x1 
 .rodata.ph_add_child_node.str1.4
                0x10004084       0xaa CMakeFiles/zoomies.dir/C_/Users/quan_/Desktop/School/CSC2003/pico-sdk/src/common/pico_time/time.c.obj
 *fill*         0x1000412e        0x2 
 .rodata.add_alarm_under_lock.str1.4
                0x10004130       0x28 CMakeFiles/zoomies.dir/C_/Users/quan_/Desktop/School/CSC2003/pico-sdk/src/common/pico_time/time.c.obj
                                 0x2b (size before relaxing)
 .rodata.alarm_pool_alarm_callback.str1.4
                0x10004158       0xfa CMakeFiles/zoomies.dir/C_/Users/quan_/Desktop/School/CSC2003/pico-sdk/src/common/pico_time/time.c.obj
 *fill*         0x10004252        0x2 
 .rodata.__func__.10
                0x10004254       0x15 CMakeFiles/zoomies.dir/C_/Users/quan_/Desktop/School/CSC2003/pico-sdk/src/common/pico_time/time.c.obj
 *fill*         0x10004269        0x3 
 .rodata.__func__.11
                0x1000426c       0x1a CMakeFiles/zoomies.dir/C_/Users/quan_/Desktop/School/CSC2003/pico-sdk/src/common/pico_time/time.c.obj
 *fill*         0x10004286        0x2 
 .rodata.__func__.12
                0x10004288        0xa CMakeFiles/zoomies.dir/C_/Users/quan_/Desktop/School/CSC2003/pico-sdk/src/common/pico_time/time.c.obj
 *fill*         0x10004292        0x2 
 .rodata.__func__.4
                0x10004294       0x12 CMakeFiles/zoomies.dir/C_/Users/quan_/Desktop/School/CSC2003/pico-sdk/src/common/pico_time/time.c.obj
 *fill*         0x100042a6        0x2 
 .rodata.__func__.5
                0x100042a8        0xd CMakeFiles/zoomies.dir/C_/Users/quan_/Desktop/School/CSC2003/pico-sdk/src/common/pico_time/time.c.obj
 *fill*         0x100042b5        0x3 
 .rodata.__func__.6
                0x100042b8       0x12 CMakeFiles/zoomies.dir/C_/Users/quan_/Desktop/School/CSC2003/pico-sdk/src/common/pico_time/time.c.obj
 *fill*         0x100042ca        0x2 
 .rodata.__func__.7
                0x100042cc        0xf CMakeFiles/zoomies.dir/C_/Users/quan_/Desktop/School/CSC2003/pico-sdk/src/common/pico_time/time.c.obj
 *fill*         0x100042db        0x1 
 .rodata.__func__.8
                0x100042dc        0xc CMakeFiles/zoomies.dir/C_/Users/quan_/Desktop/School/CSC2003/pico-sdk/src/common/pico_time/time.c.obj
 .rodata.__func__.9
                0x100042e8       0x15 CMakeFiles/zoomies.dir/C_/Users/quan_/Desktop/School/CSC2003/pico-sdk/src/common/pico_time/time.c.obj
 *fill*         0x100042fd        0x3 
 .rodata.hardware_alarm_claim.str1.4
                0x10004300       0x22 CMakeFiles/zoomies.dir/C_/Users/quan_/Desktop/School/CSC2003/pico-sdk/src/rp2_common/hardware_timer/timer.c.obj
 *fill*         0x10004322        0x2 
 .rodata.hardware_alarm_set_target.str1.4
                0x10004324       0x79 CMakeFiles/zoomies.dir/C_/Users/quan_/Desktop/School/CSC2003/pico-sdk/src/rp2_common/hardware_timer/timer.c.obj
 *fill*         0x1000439d        0x3 
 .rodata.__func__.0
                0x100043a0       0x1a CMakeFiles/zoomies.dir/C_/Users/quan_/Desktop/School/CSC2003/pico-sdk/src/rp2_common/hardware_timer/timer.c.obj
 .rodata.ph_add_child_node.str1.4
                0x100043ba       0xaa CMakeFiles/zoomies.dir/C_/Users/quan_/Desktop/School/CSC2003/pico-sdk/src/common/pico_util/pheap.c.obj
 *fill*         0x100043ba        0x2 
 .rodata.ph_remove_any_head.str1.4
                0x100043bc       0xa0 CMakeFiles/zoomies.dir/C_/Users/quan_/Desktop/School/CSC2003/pico-sdk/src/common/pico_util/pheap.c.obj
 .rodata.ph_remove_and_free_node.str1.4
                0x1000445c       0x1e CMakeFiles/zoomies.dir/C_/Users/quan_/Desktop/School/CSC2003/pico-sdk/src/common/pico_util/pheap.c.obj
                                 0x26 (size before relaxing)
 *fill*         0x1000447a        0x2 
 .rodata.__func__.0
                0x1000447c       0x18 CMakeFiles/zoomies.dir/C_/Users/quan_/Desktop/School/CSC2003/pico-sdk/src/common/pico_util/pheap.c.obj
 .rodata.__func__.1
                0x10004494       0x13 CMakeFiles/zoomies.dir/C_/Users/quan_/Desktop/School/CSC2003/pico-sdk/src/common/pico_util/pheap.c.obj
 *fill*         0x100044a7        0x1 
 .rodata.__func__.2
                0x100044a8       0x12 CMakeFiles/zoomies.dir/C_/Users/quan_/Desktop/School/CSC2003/pico-sdk/src/common/pico_util/pheap.c.obj
 *fill*         0x100044ba        0x2 
 .rodata.__func__.3
                0x100044bc        0xc CMakeFiles/zoomies.dir/C_/Users/quan_/Desktop/School/CSC2003/pico-sdk/src/common/pico_util/pheap.c.obj
 .rodata.str1.4
                0x100044c8       0x9d CMakeFiles/zoomies.dir/C_/Users/quan_/Desktop/School/CSC2003/pico-sdk/src/common/pico_sync/mutex.c.obj
                                0x115 (size before relaxing)
 *fill*         0x10004565        0x3 
 .rodata.__func__.1
                0x10004568        0xb CMakeFiles/zoomies.dir/C_/Users/quan_/Desktop/School/CSC2003/pico-sdk/src/common/pico_sync/mutex.c.obj
 *fill*         0x10004573        0x1 
 .rodata.__assert_func.str1.4
                0x10004574       0x3f CMakeFiles/zoomies.dir/C_/Users/quan_/Desktop/School/CSC2003/pico-sdk/src/rp2_common/pico_runtime/runtime.c.obj
                                 0x43 (size before relaxing)
 *fill*         0x100045b3        0x1 
 .rodata.runtime_init.str1.4
                0x100045b4       0x75 CMakeFiles/zoomies.dir/C_/Users/quan_/Desktop/School/CSC2003/pico-sdk/src/rp2_common/pico_runtime/runtime.c.obj
 *fill*         0x10004629        0x3 
 .rodata.panic.str1.4
                0x1000462c       0x12 CMakeFiles/zoomies.dir/C_/Users/quan_/Desktop/School/CSC2003/pico-sdk/src/rp2_common/pico_runtime/runtime.c.obj
 *fill*         0x1000463e        0x2 
 .rodata.__func__.1
                0x10004640        0xd CMakeFiles/zoomies.dir/C_/Users/quan_/Desktop/School/CSC2003/pico-sdk/src/rp2_common/pico_runtime/runtime.c.obj
 *fill*         0x1000464d        0x3 
 .rodata.clock_configure.str1.4
                0x10004650       0x6b CMakeFiles/zoomies.dir/C_/Users/quan_/Desktop/School/CSC2003/pico-sdk/src/rp2_common/hardware_clocks/clocks.c.obj
 *fill*         0x100046bb        0x1 
 .rodata.__func__.1
                0x100046bc       0x10 CMakeFiles/zoomies.dir/C_/Users/quan_/Desktop/School/CSC2003/pico-sdk/src/rp2_common/hardware_clocks/clocks.c.obj
 .rodata.pll_init.str1.4
                0x100046cc      0x14f CMakeFiles/zoomies.dir/C_/Users/quan_/Desktop/School/CSC2003/pico-sdk/src/rp2_common/hardware_pll/pll.c.obj
 *fill*         0x1000481b        0x1 
 .rodata.__func__.0
                0x1000481c        0x9 CMakeFiles/zoomies.dir/C_/Users/quan_/Desktop/School/CSC2003/pico-sdk/src/rp2_common/hardware_pll/pll.c.obj
 *fill*         0x10004825        0x3 
 .rodata._ftoa.str1.4
                0x10004828       0x15 CMakeFiles/zoomies.dir/C_/Users/quan_/Desktop/School/CSC2003/pico-sdk/src/rp2_common/pico_printf/printf.c.obj
 *fill*         0x1000483d        0x3 
 .rodata._vsnprintf
                0x10004840      0x1e0 CMakeFiles/zoomies.dir/C_/Users/quan_/Desktop/School/CSC2003/pico-sdk/src/rp2_common/pico_printf/printf.c.obj
 .rodata.pow10.0
                0x10004a20       0x50 CMakeFiles/zoomies.dir/C_/Users/quan_/Desktop/School/CSC2003/pico-sdk/src/rp2_common/pico_printf/printf.c.obj
 .rodata.__aeabi_double_init.str1.4
                0x10004a70       0xbc CMakeFiles/zoomies.dir/C_/Users/quan_/Desktop/School/CSC2003/pico-sdk/src/rp2_common/pico_double/double_init_rom.c.obj
 .rodata.__func__.0
                0x10004b2c       0x14 CMakeFiles/zoomies.dir/C_/Users/quan_/Desktop/School/CSC2003/pico-sdk/src/rp2_common/pico_double/double_init_rom.c.obj
 .rodata.__aeabi_float_init.str1.4
                0x10004b40       0x8e CMakeFiles/zoomies.dir/C_/Users/quan_/Desktop/School/CSC2003/pico-sdk/src/rp2_common/pico_float/float_init_rom.c.obj
                                 0x92 (size before relaxing)
 *fill*         0x10004bce        0x2 
 .rodata.__func__.0
                0x10004bd0       0x13 CMakeFiles/zoomies.dir/C_/Users/quan_/Desktop/School/CSC2003/pico-sdk/src/rp2_common/pico_float/float_init_rom.c.obj
 *fill*         0x10004be3        0x1 
 .rodata.str1.4
                0x10004be4       0x3c CMakeFiles/zoomies.dir/C_/Users/quan_/Desktop/School/CSC2003/pico-sdk/src/rp2_common/pico_standard_link/binary_info.c.obj
 .rodata.__bi_44
                0x10004c20        0xc CMakeFiles/zoomies.dir/C_/Users/quan_/Desktop/School/CSC2003/pico-sdk/src/rp2_common/pico_standard_link/binary_info.c.obj
 .rodata.__bi_75
                0x10004c2c        0xc CMakeFiles/zoomies.dir/C_/Users/quan_/Desktop/School/CSC2003/pico-sdk/src/rp2_common/pico_standard_link/binary_info.c.obj
 .rodata.__bi_81
                0x10004c38        0xc CMakeFiles/zoomies.dir/C_/Users/quan_/Desktop/School/CSC2003/pico-sdk/src/rp2_common/pico_standard_link/binary_info.c.obj
 .rodata.crlf_str.3
                0x10004c44        0x2 CMakeFiles/zoomies.dir/C_/Users/quan_/Desktop/School/CSC2003/pico-sdk/src/rp2_common/pico_stdio/stdio.c.obj
 *fill*         0x10004c46        0x2 
 .rodata.str1.4
                0x10004c48      0x16e CMakeFiles/zoomies.dir/C_/Users/quan_/Desktop/School/CSC2003/pico-sdk/src/rp2_common/hardware_flash/flash.c.obj
 *fill*         0x10004db6        0x2 
 .rodata.__func__.0
                0x10004db8        0xd CMakeFiles/zoomies.dir/C_/Users/quan_/Desktop/School/CSC2003/pico-sdk/src/rp2_common/hardware_flash/flash.c.obj
                0x10004dc8                . = ALIGN (0x4)
 *fill*         0x10004dc5        0x3 
 *(SORT_BY_ALIGNMENT(SORT_BY_NAME(.flashdata*)))
                0x10004dc8                . = ALIGN (0x4)

.rel.dyn        0x10004dc8        0x0
 .rel.iplt      0x10004dc8        0x0 c:/progra~2/gnuarm~1/102020~1/bin/../lib/gcc/arm-none-eabi/10.2.1/thumb/v6-m/nofp/crtbegin.o

.ARM.extab
 *(.ARM.extab* .gnu.linkonce.armextab.*)
                0x10004dc8                __exidx_start = .

.ARM.exidx
 *(.ARM.exidx* .gnu.linkonce.armexidx.*)
                0x10004dc8                __exidx_end = .
                0x10004dc8                . = ALIGN (0x4)
                0x10004dc8                __binary_info_start = .

.binary_info    0x10004dc8       0x1c
 *(.binary_info.keep.*)
 .binary_info.keep.__bi_ptr22
                0x10004dc8        0x4 CMakeFiles/zoomies.dir/C_/Users/quan_/Desktop/School/CSC2003/pico-sdk/src/rp2_common/pico_standard_link/binary_info.c.obj
 .binary_info.keep.__bi_ptr30
                0x10004dcc        0x4 CMakeFiles/zoomies.dir/C_/Users/quan_/Desktop/School/CSC2003/pico-sdk/src/rp2_common/pico_standard_link/binary_info.c.obj
 .binary_info.keep.__bi_ptr38
                0x10004dd0        0x4 CMakeFiles/zoomies.dir/C_/Users/quan_/Desktop/School/CSC2003/pico-sdk/src/rp2_common/pico_standard_link/binary_info.c.obj
 .binary_info.keep.__bi_ptr44
                0x10004dd4        0x4 CMakeFiles/zoomies.dir/C_/Users/quan_/Desktop/School/CSC2003/pico-sdk/src/rp2_common/pico_standard_link/binary_info.c.obj
 .binary_info.keep.__bi_ptr50
                0x10004dd8        0x4 CMakeFiles/zoomies.dir/C_/Users/quan_/Desktop/School/CSC2003/pico-sdk/src/rp2_common/pico_standard_link/binary_info.c.obj
 .binary_info.keep.__bi_ptr75
                0x10004ddc        0x4 CMakeFiles/zoomies.dir/C_/Users/quan_/Desktop/School/CSC2003/pico-sdk/src/rp2_common/pico_standard_link/binary_info.c.obj
 .binary_info.keep.__bi_ptr81
                0x10004de0        0x4 CMakeFiles/zoomies.dir/C_/Users/quan_/Desktop/School/CSC2003/pico-sdk/src/rp2_common/pico_standard_link/binary_info.c.obj
 *(.binary_info.*)
                0x10004de4                __binary_info_end = .
                0x10004de4                . = ALIGN (0x4)
                0x10004de4                __etext = .

.ram_vector_table
                0x20000000       0xc0
 *(.ram_vector_table)
 .ram_vector_table
                0x20000000       0xc0 CMakeFiles/zoomies.dir/C_/Users/quan_/Desktop/School/CSC2003/pico-sdk/src/rp2_common/pico_runtime/runtime.c.obj
                0x20000000                ram_vector_table

.data           0x200000c0      0x2f0 load address 0x10004de4
                0x200000c0                __data_start__ = .
 *(vtable)
 *(.time_critical*)
 .time_critical.mutex_enter_blocking
                0x200000c0       0x48 CMakeFiles/zoomies.dir/C_/Users/quan_/Desktop/School/CSC2003/pico-sdk/src/common/pico_sync/mutex.c.obj
                0x200000c0                mutex_enter_blocking
 .time_critical.mutex_try_enter
                0x20000108       0x46 CMakeFiles/zoomies.dir/C_/Users/quan_/Desktop/School/CSC2003/pico-sdk/src/common/pico_sync/mutex.c.obj
                0x20000108                mutex_try_enter
 *fill*         0x2000014e        0x2 
 .time_critical.mutex_exit
                0x20000150       0x4c CMakeFiles/zoomies.dir/C_/Users/quan_/Desktop/School/CSC2003/pico-sdk/src/common/pico_sync/mutex.c.obj
                0x20000150                mutex_exit
 .time_critical.flash_init_boot2_copyout
                0x2000019c       0x30 CMakeFiles/zoomies.dir/C_/Users/quan_/Desktop/School/CSC2003/pico-sdk/src/rp2_common/hardware_flash/flash.c.obj
 .time_critical.flash_enable_xip_via_boot2
                0x200001cc       0x10 CMakeFiles/zoomies.dir/C_/Users/quan_/Desktop/School/CSC2003/pico-sdk/src/rp2_common/hardware_flash/flash.c.obj
 .time_critical.flash_cs_force
                0x200001dc       0x28 CMakeFiles/zoomies.dir/C_/Users/quan_/Desktop/School/CSC2003/pico-sdk/src/rp2_common/hardware_flash/flash.c.obj
 .time_critical.flash_do_cmd
                0x20000204       0xd8 CMakeFiles/zoomies.dir/C_/Users/quan_/Desktop/School/CSC2003/pico-sdk/src/rp2_common/hardware_flash/flash.c.obj
                0x20000204                flash_do_cmd
 *(.text*)
 .text          0x200002dc        0x4 c:/progra~2/gnuarm~1/102020~1/bin/../lib/gcc/arm-none-eabi/10.2.1/thumb/v6-m/nofp\libgcc.a(_dvmd_tls.o)
                0x200002dc                __aeabi_idiv0
                0x200002dc                __aeabi_ldiv0
 .text.__stub   0x200002e0       0x10 linker stubs
                0x200002f0                . = ALIGN (0x4)
 *(.rodata*)
                0x200002f0                . = ALIGN (0x4)
 *(.data*)
 .data.striped_spin_lock_num
                0x200002f0        0x1 CMakeFiles/zoomies.dir/C_/Users/quan_/Desktop/School/CSC2003/pico-sdk/src/rp2_common/hardware_sync/sync.c.obj
 *fill*         0x200002f1        0x3 
 .data          0x200002f4       0x48 CMakeFiles/zoomies.dir/C_/Users/quan_/Desktop/School/CSC2003/pico-sdk/src/rp2_common/hardware_irq/irq_handler_chain.S.obj
                0x200002f4                irq_handler_chain_slots
                0x20000324                irq_handler_chain_first_slot
                0x2000032e                irq_handler_chain_remove_tail
 .data.default_alarm_pool
                0x2000033c       0x18 CMakeFiles/zoomies.dir/C_/Users/quan_/Desktop/School/CSC2003/pico-sdk/src/common/pico_time/time.c.obj
 .data.default_alarm_pool_heap
                0x20000354       0x10 CMakeFiles/zoomies.dir/C_/Users/quan_/Desktop/School/CSC2003/pico-sdk/src/common/pico_time/time.c.obj
 *fill*         0x20000364        0xc 
 .data.aeabi_bits_funcs
                0x20000370       0x10 CMakeFiles/zoomies.dir/C_/Users/quan_/Desktop/School/CSC2003/pico-sdk/src/rp2_common/pico_bit_ops/bit_ops_aeabi.S.obj
                0x20000370                aeabi_bits_funcs
                0x20000380                aeabi_bits_funcs_end
 .data.aeabi_mem_funcs
                0x20000380       0x10 CMakeFiles/zoomies.dir/C_/Users/quan_/Desktop/School/CSC2003/pico-sdk/src/rp2_common/pico_mem_ops/mem_ops_aeabi.S.obj
                0x20000380                aeabi_mem_funcs
                0x20000390                aeabi_mem_funcs_end
                0x20000390                . = ALIGN (0x4)
 *(.after_data.*)
                0x20000390                . = ALIGN (0x4)
                0x20000390                PROVIDE (__mutex_array_start = .)
 *(SORT_BY_NAME(.mutex_array.*))
 *(.mutex_array)
 .mutex_array   0x20000390        0x8 CMakeFiles/zoomies.dir/C_/Users/quan_/Desktop/School/CSC2003/pico-sdk/src/rp2_common/pico_stdio/stdio.c.obj
                0x20000398                PROVIDE (__mutex_array_end = .)
                0x20000398                . = ALIGN (0x4)
                0x20000398                PROVIDE (__preinit_array_start = .)
 *(SORT_BY_NAME(.preinit_array.*))
 .preinit_array.00001
                0x20000398        0x4 CMakeFiles/zoomies.dir/C_/Users/quan_/Desktop/School/CSC2003/pico-sdk/src/rp2_common/pico_mem_ops/mem_ops_aeabi.S.obj
 .preinit_array.00010
                0x2000039c        0x4 CMakeFiles/zoomies.dir/C_/Users/quan_/Desktop/School/CSC2003/pico-sdk/src/rp2_common/pico_bit_ops/bit_ops_aeabi.S.obj
 .preinit_array.00020
                0x200003a0        0x4 CMakeFiles/zoomies.dir/C_/Users/quan_/Desktop/School/CSC2003/pico-sdk/src/rp2_common/pico_double/double_aeabi.S.obj
 .preinit_array.00020
                0x200003a4        0x4 CMakeFiles/zoomies.dir/C_/Users/quan_/Desktop/School/CSC2003/pico-sdk/src/rp2_common/pico_float/float_aeabi.S.obj
 *(.preinit_array)
                0x200003a8                PROVIDE (__preinit_array_end = .)
                0x200003a8                . = ALIGN (0x4)
                0x200003a8                PROVIDE (__init_array_start = .)
 *(SORT_BY_NAME(.init_array.*))
 *(.init_array)
 .init_array    0x200003a8        0x4 c:/progra~2/gnuarm~1/102020~1/bin/../lib/gcc/arm-none-eabi/10.2.1/thumb/v6-m/nofp/crtbegin.o
 .init_array    0x200003ac        0x4 CMakeFiles/zoomies.dir/C_/Users/quan_/Desktop/School/CSC2003/pico-sdk/src/rp2_common/pico_unique_id/unique_id.c.obj
                0x200003b0                PROVIDE (__init_array_end = .)
                0x200003b0                . = ALIGN (0x4)
                [!provide]                PROVIDE (__fini_array_start = .)
 *(SORT_BY_NAME(.fini_array.*))
 *(.fini_array)
                [!provide]                PROVIDE (__fini_array_end = .)
 *(.jcr)
                0x200003b0                . = ALIGN (0x4)
                0x200003b0                __data_end__ = .

.igot.plt       0x200003b0        0x0 load address 0x100050d4
 .igot.plt      0x200003b0        0x0 c:/progra~2/gnuarm~1/102020~1/bin/../lib/gcc/arm-none-eabi/10.2.1/thumb/v6-m/nofp/crtbegin.o

.uninitialized_data
                0x200003b0        0x0 load address 0x100050d4
                0x200003b0                . = ALIGN (0x4)
 *(.uninitialized_data*)

.scratch_x      0x20040000        0x0 load address 0x100050d4
                0x20040000                __scratch_x_start__ = .
 *(.scratch_x.*)
                0x20040000                . = ALIGN (0x4)
                0x20040000                __scratch_x_end__ = .
                0x100050d4                __scratch_x_source__ = LOADADDR (.scratch_x)

.scratch_y      0x20041000        0x0 load address 0x100050d4
                0x20041000                __scratch_y_start__ = .
 *(.scratch_y.*)
                0x20041000                . = ALIGN (0x4)
                0x20041000                __scratch_y_end__ = .
                0x100050d4                __scratch_y_source__ = LOADADDR (.scratch_y)

.bss            0x200003b0      0x4d0
                0x200003b0                . = ALIGN (0x4)
                0x200003b0                __bss_start__ = .
 *(SORT_BY_ALIGNMENT(SORT_BY_NAME(.bss*)))
 .bss.default_alarm_pool_entries
                0x200003b0      0x100 CMakeFiles/zoomies.dir/C_/Users/quan_/Desktop/School/CSC2003/pico-sdk/src/common/pico_time/time.c.obj
 .bss           0x200004b0       0x1c c:/progra~2/gnuarm~1/102020~1/bin/../lib/gcc/arm-none-eabi/10.2.1/thumb/v6-m/nofp/crtbegin.o
 .bss.alarm_callbacks
                0x200004cc       0x10 CMakeFiles/zoomies.dir/C_/Users/quan_/Desktop/School/CSC2003/pico-sdk/src/rp2_common/hardware_timer/timer.c.obj
 .bss.boot2_copyout
                0x200004dc      0x100 CMakeFiles/zoomies.dir/C_/Users/quan_/Desktop/School/CSC2003/pico-sdk/src/rp2_common/hardware_flash/flash.c.obj
 .bss.configured_freq
                0x200005dc       0x28 CMakeFiles/zoomies.dir/C_/Users/quan_/Desktop/School/CSC2003/pico-sdk/src/rp2_common/hardware_clocks/clocks.c.obj
 .bss.default_alarm_pool_entry_ids_high
                0x20000604       0x10 CMakeFiles/zoomies.dir/C_/Users/quan_/Desktop/School/CSC2003/pico-sdk/src/common/pico_time/time.c.obj
 .bss.default_alarm_pool_heap_nodes
                0x20000614       0x30 CMakeFiles/zoomies.dir/C_/Users/quan_/Desktop/School/CSC2003/pico-sdk/src/common/pico_time/time.c.obj
 .bss.drivers   0x20000644        0x4 CMakeFiles/zoomies.dir/C_/Users/quan_/Desktop/School/CSC2003/pico-sdk/src/rp2_common/pico_stdio/stdio.c.obj
 .bss.filter    0x20000648        0x4 CMakeFiles/zoomies.dir/C_/Users/quan_/Desktop/School/CSC2003/pico-sdk/src/rp2_common/pico_stdio/stdio.c.obj
 .bss.pools     0x2000064c       0x10 CMakeFiles/zoomies.dir/C_/Users/quan_/Desktop/School/CSC2003/pico-sdk/src/common/pico_time/time.c.obj
 .bss.retrieved_id
                0x2000065c        0x8 CMakeFiles/zoomies.dir/C_/Users/quan_/Desktop/School/CSC2003/pico-sdk/src/rp2_common/pico_unique_id/unique_id.c.obj
 .bss.sd_table  0x20000664      0x100 CMakeFiles/zoomies.dir/C_/Users/quan_/Desktop/School/CSC2003/pico-sdk/src/rp2_common/pico_double/double_init_rom.c.obj
                0x20000664                sd_table
 .bss.sf_clz_func
                0x20000764        0x4 CMakeFiles/zoomies.dir/C_/Users/quan_/Desktop/School/CSC2003/pico-sdk/src/rp2_common/pico_double/double_init_rom.c.obj
                0x20000764                sf_clz_func
 .bss.sf_table  0x20000768      0x100 CMakeFiles/zoomies.dir/C_/Users/quan_/Desktop/School/CSC2003/pico-sdk/src/rp2_common/pico_float/float_init_rom.c.obj
                0x20000768                sf_table
 .bss.sleep_notifier
                0x20000868        0x4 CMakeFiles/zoomies.dir/C_/Users/quan_/Desktop/School/CSC2003/pico-sdk/src/common/pico_time/time.c.obj
 .bss.target_hi
                0x2000086c       0x10 CMakeFiles/zoomies.dir/C_/Users/quan_/Desktop/School/CSC2003/pico-sdk/src/rp2_common/hardware_timer/timer.c.obj
 .bss.boot2_copyout_valid
                0x2000087c        0x1 CMakeFiles/zoomies.dir/C_/Users/quan_/Desktop/School/CSC2003/pico-sdk/src/rp2_common/hardware_flash/flash.c.obj
 .bss.claimed   0x2000087d        0x1 CMakeFiles/zoomies.dir/C_/Users/quan_/Desktop/School/CSC2003/pico-sdk/src/rp2_common/hardware_timer/timer.c.obj
 .bss.irq_hander_chain_free_slot_head
                0x2000087e        0x1 CMakeFiles/zoomies.dir/C_/Users/quan_/Desktop/School/CSC2003/pico-sdk/src/rp2_common/hardware_irq/irq.c.obj
 .bss.timer_callbacks_pending
                0x2000087f        0x1 CMakeFiles/zoomies.dir/C_/Users/quan_/Desktop/School/CSC2003/pico-sdk/src/rp2_common/hardware_timer/timer.c.obj
 *(COMMON)
                0x20000880                . = ALIGN (0x4)
                0x20000880                __bss_end__ = .

.heap           0x20000880      0x800
                0x20000880                __end__ = .
                0x20000880                end = __end__
 *(.heap*)
 .heap          0x20000880      0x800 CMakeFiles/zoomies.dir/C_/Users/quan_/Desktop/School/CSC2003/pico-sdk/src/rp2_common/pico_standard_link/crt0.S.obj
                0x20001080                __HeapLimit = .

.stack1_dummy   0x20040000        0x0
 *(.stack1*)

.stack_dummy    0x20041000      0x800
 *(.stack*)
 .stack         0x20041000      0x800 CMakeFiles/zoomies.dir/C_/Users/quan_/Desktop/School/CSC2003/pico-sdk/src/rp2_common/pico_standard_link/crt0.S.obj

.flash_end      0x100050d4        0x0
                0x100050d4                __flash_binary_end = .
                0x20040000                __StackLimit = (ORIGIN (RAM) + LENGTH (RAM))
                0x20041000                __StackOneTop = (ORIGIN (SCRATCH_X) + LENGTH (SCRATCH_X))
                0x20042000                __StackTop = (ORIGIN (SCRATCH_Y) + LENGTH (SCRATCH_Y))
                0x20041000                __StackOneBottom = (__StackOneTop - SIZEOF (.stack1_dummy))
                0x20041800                __StackBottom = (__StackTop - SIZEOF (.stack_dummy))
                0x20042000                PROVIDE (__stack = __StackTop)
                0x00000001                ASSERT ((__StackLimit >= __HeapLimit), region RAM overflowed)
                0x00000001                ASSERT (((__binary_info_header_end - __logical_binary_start) <= 0x100), Binary info must be in first 256 bytes of the binary)
LOAD CMakeFiles/zoomies.dir/zoomies.c.obj
LOAD CMakeFiles/zoomies.dir/C_/Users/quan_/Desktop/School/CSC2003/pico-sdk/src/rp2_common/pico_stdlib/stdlib.c.obj
LOAD CMakeFiles/zoomies.dir/C_/Users/quan_/Desktop/School/CSC2003/pico-sdk/src/rp2_common/hardware_gpio/gpio.c.obj
LOAD CMakeFiles/zoomies.dir/C_/Users/quan_/Desktop/School/CSC2003/pico-sdk/src/rp2_common/hardware_claim/claim.c.obj
LOAD CMakeFiles/zoomies.dir/C_/Users/quan_/Desktop/School/CSC2003/pico-sdk/src/rp2_common/pico_platform/platform.c.obj
LOAD CMakeFiles/zoomies.dir/C_/Users/quan_/Desktop/School/CSC2003/pico-sdk/src/rp2_common/hardware_sync/sync.c.obj
LOAD CMakeFiles/zoomies.dir/C_/Users/quan_/Desktop/School/CSC2003/pico-sdk/src/rp2_common/hardware_irq/irq.c.obj
LOAD CMakeFiles/zoomies.dir/C_/Users/quan_/Desktop/School/CSC2003/pico-sdk/src/rp2_common/hardware_irq/irq_handler_chain.S.obj
LOAD CMakeFiles/zoomies.dir/C_/Users/quan_/Desktop/School/CSC2003/pico-sdk/src/common/pico_sync/sem.c.obj
LOAD CMakeFiles/zoomies.dir/C_/Users/quan_/Desktop/School/CSC2003/pico-sdk/src/common/pico_sync/lock_core.c.obj
LOAD CMakeFiles/zoomies.dir/C_/Users/quan_/Desktop/School/CSC2003/pico-sdk/src/common/pico_time/time.c.obj
LOAD CMakeFiles/zoomies.dir/C_/Users/quan_/Desktop/School/CSC2003/pico-sdk/src/common/pico_time/timeout_helper.c.obj
LOAD CMakeFiles/zoomies.dir/C_/Users/quan_/Desktop/School/CSC2003/pico-sdk/src/rp2_common/hardware_timer/timer.c.obj
LOAD CMakeFiles/zoomies.dir/C_/Users/quan_/Desktop/School/CSC2003/pico-sdk/src/common/pico_util/datetime.c.obj
LOAD CMakeFiles/zoomies.dir/C_/Users/quan_/Desktop/School/CSC2003/pico-sdk/src/common/pico_util/pheap.c.obj
LOAD CMakeFiles/zoomies.dir/C_/Users/quan_/Desktop/School/CSC2003/pico-sdk/src/common/pico_util/queue.c.obj
LOAD CMakeFiles/zoomies.dir/C_/Users/quan_/Desktop/School/CSC2003/pico-sdk/src/common/pico_sync/mutex.c.obj
LOAD CMakeFiles/zoomies.dir/C_/Users/quan_/Desktop/School/CSC2003/pico-sdk/src/common/pico_sync/critical_section.c.obj
LOAD CMakeFiles/zoomies.dir/C_/Users/quan_/Desktop/School/CSC2003/pico-sdk/src/rp2_common/hardware_uart/uart.c.obj
LOAD CMakeFiles/zoomies.dir/C_/Users/quan_/Desktop/School/CSC2003/pico-sdk/src/rp2_common/hardware_divider/divider.S.obj
LOAD CMakeFiles/zoomies.dir/C_/Users/quan_/Desktop/School/CSC2003/pico-sdk/src/rp2_common/pico_runtime/runtime.c.obj
LOAD CMakeFiles/zoomies.dir/C_/Users/quan_/Desktop/School/CSC2003/pico-sdk/src/rp2_common/hardware_clocks/clocks.c.obj
LOAD CMakeFiles/zoomies.dir/C_/Users/quan_/Desktop/School/CSC2003/pico-sdk/src/rp2_common/hardware_pll/pll.c.obj
LOAD CMakeFiles/zoomies.dir/C_/Users/quan_/Desktop/School/CSC2003/pico-sdk/src/rp2_common/hardware_vreg/vreg.c.obj
LOAD CMakeFiles/zoomies.dir/C_/Users/quan_/Desktop/School/CSC2003/pico-sdk/src/rp2_common/hardware_watchdog/watchdog.c.obj
LOAD CMakeFiles/zoomies.dir/C_/Users/quan_/Desktop/School/CSC2003/pico-sdk/src/rp2_common/hardware_xosc/xosc.c.obj
LOAD CMakeFiles/zoomies.dir/C_/Users/quan_/Desktop/School/CSC2003/pico-sdk/src/rp2_common/pico_printf/printf.c.obj
LOAD CMakeFiles/zoomies.dir/C_/Users/quan_/Desktop/School/CSC2003/pico-sdk/src/rp2_common/pico_bit_ops/bit_ops_aeabi.S.obj
LOAD CMakeFiles/zoomies.dir/C_/Users/quan_/Desktop/School/CSC2003/pico-sdk/src/rp2_common/pico_bootrom/bootrom.c.obj
LOAD CMakeFiles/zoomies.dir/C_/Users/quan_/Desktop/School/CSC2003/pico-sdk/src/rp2_common/pico_divider/divider.S.obj
LOAD CMakeFiles/zoomies.dir/C_/Users/quan_/Desktop/School/CSC2003/pico-sdk/src/rp2_common/pico_double/double_aeabi.S.obj
LOAD CMakeFiles/zoomies.dir/C_/Users/quan_/Desktop/School/CSC2003/pico-sdk/src/rp2_common/pico_double/double_init_rom.c.obj
LOAD CMakeFiles/zoomies.dir/C_/Users/quan_/Desktop/School/CSC2003/pico-sdk/src/rp2_common/pico_double/double_math.c.obj
LOAD CMakeFiles/zoomies.dir/C_/Users/quan_/Desktop/School/CSC2003/pico-sdk/src/rp2_common/pico_double/double_v1_rom_shim.S.obj
LOAD CMakeFiles/zoomies.dir/C_/Users/quan_/Desktop/School/CSC2003/pico-sdk/src/rp2_common/pico_int64_ops/pico_int64_ops_aeabi.S.obj
LOAD CMakeFiles/zoomies.dir/C_/Users/quan_/Desktop/School/CSC2003/pico-sdk/src/rp2_common/pico_float/float_aeabi.S.obj
LOAD CMakeFiles/zoomies.dir/C_/Users/quan_/Desktop/School/CSC2003/pico-sdk/src/rp2_common/pico_float/float_init_rom.c.obj
LOAD CMakeFiles/zoomies.dir/C_/Users/quan_/Desktop/School/CSC2003/pico-sdk/src/rp2_common/pico_float/float_math.c.obj
LOAD CMakeFiles/zoomies.dir/C_/Users/quan_/Desktop/School/CSC2003/pico-sdk/src/rp2_common/pico_float/float_v1_rom_shim.S.obj
LOAD CMakeFiles/zoomies.dir/C_/Users/quan_/Desktop/School/CSC2003/pico-sdk/src/rp2_common/pico_malloc/pico_malloc.c.obj
LOAD CMakeFiles/zoomies.dir/C_/Users/quan_/Desktop/School/CSC2003/pico-sdk/src/rp2_common/pico_mem_ops/mem_ops_aeabi.S.obj
LOAD CMakeFiles/zoomies.dir/C_/Users/quan_/Desktop/School/CSC2003/pico-sdk/src/rp2_common/pico_standard_link/crt0.S.obj
LOAD CMakeFiles/zoomies.dir/C_/Users/quan_/Desktop/School/CSC2003/pico-sdk/src/rp2_common/pico_standard_link/new_delete.cpp.obj
LOAD CMakeFiles/zoomies.dir/C_/Users/quan_/Desktop/School/CSC2003/pico-sdk/src/rp2_common/pico_standard_link/binary_info.c.obj
LOAD CMakeFiles/zoomies.dir/C_/Users/quan_/Desktop/School/CSC2003/pico-sdk/src/rp2_common/pico_stdio/stdio.c.obj
LOAD CMakeFiles/zoomies.dir/C_/Users/quan_/Desktop/School/CSC2003/pico-sdk/src/rp2_common/pico_stdio_usb/reset_interface.c.obj
LOAD CMakeFiles/zoomies.dir/C_/Users/quan_/Desktop/School/CSC2003/pico-sdk/src/rp2_common/pico_stdio_usb/stdio_usb.c.obj
LOAD CMakeFiles/zoomies.dir/C_/Users/quan_/Desktop/School/CSC2003/pico-sdk/src/rp2_common/pico_stdio_usb/stdio_usb_descriptors.c.obj
LOAD CMakeFiles/zoomies.dir/C_/Users/quan_/Desktop/School/CSC2003/pico-sdk/lib/tinyusb/src/portable/raspberrypi/rp2040/dcd_rp2040.c.obj
LOAD CMakeFiles/zoomies.dir/C_/Users/quan_/Desktop/School/CSC2003/pico-sdk/lib/tinyusb/src/portable/raspberrypi/rp2040/rp2040_usb.c.obj
LOAD CMakeFiles/zoomies.dir/C_/Users/quan_/Desktop/School/CSC2003/pico-sdk/lib/tinyusb/src/device/usbd.c.obj
LOAD CMakeFiles/zoomies.dir/C_/Users/quan_/Desktop/School/CSC2003/pico-sdk/lib/tinyusb/src/device/usbd_control.c.obj
LOAD CMakeFiles/zoomies.dir/C_/Users/quan_/Desktop/School/CSC2003/pico-sdk/lib/tinyusb/src/class/audio/audio_device.c.obj
LOAD CMakeFiles/zoomies.dir/C_/Users/quan_/Desktop/School/CSC2003/pico-sdk/lib/tinyusb/src/class/cdc/cdc_device.c.obj
LOAD CMakeFiles/zoomies.dir/C_/Users/quan_/Desktop/School/CSC2003/pico-sdk/lib/tinyusb/src/class/dfu/dfu_device.c.obj
LOAD CMakeFiles/zoomies.dir/C_/Users/quan_/Desktop/School/CSC2003/pico-sdk/lib/tinyusb/src/class/dfu/dfu_rt_device.c.obj
LOAD CMakeFiles/zoomies.dir/C_/Users/quan_/Desktop/School/CSC2003/pico-sdk/lib/tinyusb/src/class/hid/hid_device.c.obj
LOAD CMakeFiles/zoomies.dir/C_/Users/quan_/Desktop/School/CSC2003/pico-sdk/lib/tinyusb/src/class/midi/midi_device.c.obj
LOAD CMakeFiles/zoomies.dir/C_/Users/quan_/Desktop/School/CSC2003/pico-sdk/lib/tinyusb/src/class/msc/msc_device.c.obj
LOAD CMakeFiles/zoomies.dir/C_/Users/quan_/Desktop/School/CSC2003/pico-sdk/lib/tinyusb/src/class/net/ecm_rndis_device.c.obj
LOAD CMakeFiles/zoomies.dir/C_/Users/quan_/Desktop/School/CSC2003/pico-sdk/lib/tinyusb/src/class/net/ncm_device.c.obj
LOAD CMakeFiles/zoomies.dir/C_/Users/quan_/Desktop/School/CSC2003/pico-sdk/lib/tinyusb/src/class/usbtmc/usbtmc_device.c.obj
LOAD CMakeFiles/zoomies.dir/C_/Users/quan_/Desktop/School/CSC2003/pico-sdk/lib/tinyusb/src/class/vendor/vendor_device.c.obj
LOAD CMakeFiles/zoomies.dir/C_/Users/quan_/Desktop/School/CSC2003/pico-sdk/lib/tinyusb/src/class/video/video_device.c.obj
LOAD CMakeFiles/zoomies.dir/C_/Users/quan_/Desktop/School/CSC2003/pico-sdk/lib/tinyusb/src/tusb.c.obj
LOAD CMakeFiles/zoomies.dir/C_/Users/quan_/Desktop/School/CSC2003/pico-sdk/lib/tinyusb/src/common/tusb_fifo.c.obj
LOAD CMakeFiles/zoomies.dir/C_/Users/quan_/Desktop/School/CSC2003/pico-sdk/src/rp2_common/pico_fix/rp2040_usb_device_enumeration/rp2040_usb_device_enumeration.c.obj
LOAD CMakeFiles/zoomies.dir/C_/Users/quan_/Desktop/School/CSC2003/pico-sdk/src/rp2_common/pico_unique_id/unique_id.c.obj
LOAD CMakeFiles/zoomies.dir/C_/Users/quan_/Desktop/School/CSC2003/pico-sdk/src/rp2_common/hardware_flash/flash.c.obj
LOAD C:\Users\quan_\AppData\Local\Temp\ccA1v4yt.o
LOAD c:/progra~2/gnuarm~1/102020~1/bin/../lib/gcc/arm-none-eabi/10.2.1/../../../../arm-none-eabi/lib/thumb/v6-m/nofp\libstdc++.a
LOAD c:/progra~2/gnuarm~1/102020~1/bin/../lib/gcc/arm-none-eabi/10.2.1/../../../../arm-none-eabi/lib/thumb/v6-m/nofp\libm.a
START GROUP
LOAD c:/progra~2/gnuarm~1/102020~1/bin/../lib/gcc/arm-none-eabi/10.2.1/thumb/v6-m/nofp\libgcc.a
LOAD c:/progra~2/gnuarm~1/102020~1/bin/../lib/gcc/arm-none-eabi/10.2.1/../../../../arm-none-eabi/lib/thumb/v6-m/nofp\libg.a
LOAD c:/progra~2/gnuarm~1/102020~1/bin/../lib/gcc/arm-none-eabi/10.2.1/../../../../arm-none-eabi/lib/thumb/v6-m/nofp\libc.a
END GROUP
START GROUP
LOAD c:/progra~2/gnuarm~1/102020~1/bin/../lib/gcc/arm-none-eabi/10.2.1/thumb/v6-m/nofp\libgcc.a
LOAD c:/progra~2/gnuarm~1/102020~1/bin/../lib/gcc/arm-none-eabi/10.2.1/../../../../arm-none-eabi/lib/thumb/v6-m/nofp\libc.a
LOAD c:/progra~2/gnuarm~1/102020~1/bin/../lib/gcc/arm-none-eabi/10.2.1/../../../../arm-none-eabi/lib/thumb/v6-m/nofp\libnosys.a
END GROUP
LOAD c:/progra~2/gnuarm~1/102020~1/bin/../lib/gcc/arm-none-eabi/10.2.1/thumb/v6-m/nofp/crtend.o
LOAD c:/progra~2/gnuarm~1/102020~1/bin/../lib/gcc/arm-none-eabi/10.2.1/thumb/v6-m/nofp/crtn.o
OUTPUT(zoomies.elf elf32-littlearm)
LOAD linker stubs

.ARM.attributes
                0x00000000       0x28
 .ARM.attributes
                0x00000000       0x1e c:/progra~2/gnuarm~1/102020~1/bin/../lib/gcc/arm-none-eabi/10.2.1/thumb/v6-m/nofp/crti.o
 .ARM.attributes
                0x0000001e       0x2c c:/progra~2/gnuarm~1/102020~1/bin/../lib/gcc/arm-none-eabi/10.2.1/thumb/v6-m/nofp/crtbegin.o
 .ARM.attributes
                0x0000004a       0x2c CMakeFiles/zoomies.dir/C_/Users/quan_/Desktop/School/CSC2003/pico-sdk/src/rp2_common/hardware_claim/claim.c.obj
 .ARM.attributes
                0x00000076       0x2c CMakeFiles/zoomies.dir/C_/Users/quan_/Desktop/School/CSC2003/pico-sdk/src/rp2_common/pico_platform/platform.c.obj
 .ARM.attributes
                0x000000a2       0x2c CMakeFiles/zoomies.dir/C_/Users/quan_/Desktop/School/CSC2003/pico-sdk/src/rp2_common/hardware_sync/sync.c.obj
 .ARM.attributes
                0x000000ce       0x2c CMakeFiles/zoomies.dir/C_/Users/quan_/Desktop/School/CSC2003/pico-sdk/src/rp2_common/hardware_irq/irq.c.obj
 .ARM.attributes
                0x000000fa       0x22 CMakeFiles/zoomies.dir/C_/Users/quan_/Desktop/School/CSC2003/pico-sdk/src/rp2_common/hardware_irq/irq_handler_chain.S.obj
 .ARM.attributes
                0x0000011c       0x2c CMakeFiles/zoomies.dir/C_/Users/quan_/Desktop/School/CSC2003/pico-sdk/src/common/pico_sync/lock_core.c.obj
 .ARM.attributes
                0x00000148       0x2c CMakeFiles/zoomies.dir/C_/Users/quan_/Desktop/School/CSC2003/pico-sdk/src/common/pico_time/time.c.obj
 .ARM.attributes
                0x00000174       0x2c CMakeFiles/zoomies.dir/C_/Users/quan_/Desktop/School/CSC2003/pico-sdk/src/rp2_common/hardware_timer/timer.c.obj
 .ARM.attributes
                0x000001a0       0x2c CMakeFiles/zoomies.dir/C_/Users/quan_/Desktop/School/CSC2003/pico-sdk/src/common/pico_util/pheap.c.obj
 .ARM.attributes
                0x000001cc       0x2c CMakeFiles/zoomies.dir/C_/Users/quan_/Desktop/School/CSC2003/pico-sdk/src/common/pico_sync/mutex.c.obj
 .ARM.attributes
                0x000001f8       0x2c CMakeFiles/zoomies.dir/C_/Users/quan_/Desktop/School/CSC2003/pico-sdk/src/rp2_common/pico_runtime/runtime.c.obj
 .ARM.attributes
                0x00000224       0x2c CMakeFiles/zoomies.dir/C_/Users/quan_/Desktop/School/CSC2003/pico-sdk/src/rp2_common/hardware_clocks/clocks.c.obj
 .ARM.attributes
                0x00000250       0x2c CMakeFiles/zoomies.dir/C_/Users/quan_/Desktop/School/CSC2003/pico-sdk/src/rp2_common/hardware_pll/pll.c.obj
 .ARM.attributes
                0x0000027c       0x2c CMakeFiles/zoomies.dir/C_/Users/quan_/Desktop/School/CSC2003/pico-sdk/src/rp2_common/hardware_watchdog/watchdog.c.obj
 .ARM.attributes
                0x000002a8       0x2c CMakeFiles/zoomies.dir/C_/Users/quan_/Desktop/School/CSC2003/pico-sdk/src/rp2_common/hardware_xosc/xosc.c.obj
 .ARM.attributes
                0x000002d4       0x2c CMakeFiles/zoomies.dir/C_/Users/quan_/Desktop/School/CSC2003/pico-sdk/src/rp2_common/pico_printf/printf.c.obj
 .ARM.attributes
                0x00000300       0x22 CMakeFiles/zoomies.dir/C_/Users/quan_/Desktop/School/CSC2003/pico-sdk/src/rp2_common/pico_bit_ops/bit_ops_aeabi.S.obj
 .ARM.attributes
                0x00000322       0x2c CMakeFiles/zoomies.dir/C_/Users/quan_/Desktop/School/CSC2003/pico-sdk/src/rp2_common/pico_bootrom/bootrom.c.obj
 .ARM.attributes
                0x0000034e       0x22 CMakeFiles/zoomies.dir/C_/Users/quan_/Desktop/School/CSC2003/pico-sdk/src/rp2_common/pico_divider/divider.S.obj
 .ARM.attributes
                0x00000370       0x22 CMakeFiles/zoomies.dir/C_/Users/quan_/Desktop/School/CSC2003/pico-sdk/src/rp2_common/pico_double/double_aeabi.S.obj
 .ARM.attributes
                0x00000392       0x2c CMakeFiles/zoomies.dir/C_/Users/quan_/Desktop/School/CSC2003/pico-sdk/src/rp2_common/pico_double/double_init_rom.c.obj
 .ARM.attributes
                0x000003be       0x22 CMakeFiles/zoomies.dir/C_/Users/quan_/Desktop/School/CSC2003/pico-sdk/src/rp2_common/pico_double/double_v1_rom_shim.S.obj
 .ARM.attributes
                0x000003e0       0x22 CMakeFiles/zoomies.dir/C_/Users/quan_/Desktop/School/CSC2003/pico-sdk/src/rp2_common/pico_float/float_aeabi.S.obj
 .ARM.attributes
                0x00000402       0x2c CMakeFiles/zoomies.dir/C_/Users/quan_/Desktop/School/CSC2003/pico-sdk/src/rp2_common/pico_float/float_init_rom.c.obj
 .ARM.attributes
                0x0000042e       0x22 CMakeFiles/zoomies.dir/C_/Users/quan_/Desktop/School/CSC2003/pico-sdk/src/rp2_common/pico_float/float_v1_rom_shim.S.obj
 .ARM.attributes
                0x00000450       0x22 CMakeFiles/zoomies.dir/C_/Users/quan_/Desktop/School/CSC2003/pico-sdk/src/rp2_common/pico_mem_ops/mem_ops_aeabi.S.obj
 .ARM.attributes
                0x00000472       0x22 CMakeFiles/zoomies.dir/C_/Users/quan_/Desktop/School/CSC2003/pico-sdk/src/rp2_common/pico_standard_link/crt0.S.obj
 .ARM.attributes
                0x00000494       0x32 CMakeFiles/zoomies.dir/C_/Users/quan_/Desktop/School/CSC2003/pico-sdk/src/rp2_common/pico_standard_link/binary_info.c.obj
 .ARM.attributes
                0x000004c6       0x2c CMakeFiles/zoomies.dir/C_/Users/quan_/Desktop/School/CSC2003/pico-sdk/src/rp2_common/pico_stdio/stdio.c.obj
 .ARM.attributes
                0x000004f2       0x2c CMakeFiles/zoomies.dir/C_/Users/quan_/Desktop/School/CSC2003/pico-sdk/src/rp2_common/pico_unique_id/unique_id.c.obj
 .ARM.attributes
                0x0000051e       0x2c CMakeFiles/zoomies.dir/C_/Users/quan_/Desktop/School/CSC2003/pico-sdk/src/rp2_common/hardware_flash/flash.c.obj
 .ARM.attributes
                0x0000054a       0x22 C:\Users\quan_\AppData\Local\Temp\ccA1v4yt.o
 .ARM.attributes
                0x0000056c       0x1e c:/progra~2/gnuarm~1/102020~1/bin/../lib/gcc/arm-none-eabi/10.2.1/thumb/v6-m/nofp\libgcc.a(_dvmd_tls.o)
 .ARM.attributes
                0x0000058a       0x2c c:/progra~2/gnuarm~1/102020~1/bin/../lib/gcc/arm-none-eabi/10.2.1/../../../../arm-none-eabi/lib/thumb/v6-m/nofp\libg.a(lib_a-strlen-stub.o)

.comment        0x00000000       0x4d
 .comment       0x00000000       0x4d CMakeFiles/zoomies.dir/C_/Users/quan_/Desktop/School/CSC2003/pico-sdk/src/rp2_common/hardware_claim/claim.c.obj
                                 0x4e (size before relaxing)
 .comment       0x0000004d       0x4e CMakeFiles/zoomies.dir/C_/Users/quan_/Desktop/School/CSC2003/pico-sdk/src/rp2_common/pico_platform/platform.c.obj
 .comment       0x0000004d       0x4e CMakeFiles/zoomies.dir/C_/Users/quan_/Desktop/School/CSC2003/pico-sdk/src/rp2_common/hardware_sync/sync.c.obj
 .comment       0x0000004d       0x4e CMakeFiles/zoomies.dir/C_/Users/quan_/Desktop/School/CSC2003/pico-sdk/src/rp2_common/hardware_irq/irq.c.obj
 .comment       0x0000004d       0x4e CMakeFiles/zoomies.dir/C_/Users/quan_/Desktop/School/CSC2003/pico-sdk/src/common/pico_sync/lock_core.c.obj
 .comment       0x0000004d       0x4e CMakeFiles/zoomies.dir/C_/Users/quan_/Desktop/School/CSC2003/pico-sdk/src/common/pico_time/time.c.obj
 .comment       0x0000004d       0x4e CMakeFiles/zoomies.dir/C_/Users/quan_/Desktop/School/CSC2003/pico-sdk/src/rp2_common/hardware_timer/timer.c.obj
 .comment       0x0000004d       0x4e CMakeFiles/zoomies.dir/C_/Users/quan_/Desktop/School/CSC2003/pico-sdk/src/common/pico_util/pheap.c.obj
 .comment       0x0000004d       0x4e CMakeFiles/zoomies.dir/C_/Users/quan_/Desktop/School/CSC2003/pico-sdk/src/common/pico_sync/mutex.c.obj
 .comment       0x0000004d       0x4e CMakeFiles/zoomies.dir/C_/Users/quan_/Desktop/School/CSC2003/pico-sdk/src/rp2_common/pico_runtime/runtime.c.obj
 .comment       0x0000004d       0x4e CMakeFiles/zoomies.dir/C_/Users/quan_/Desktop/School/CSC2003/pico-sdk/src/rp2_common/hardware_clocks/clocks.c.obj
 .comment       0x0000004d       0x4e CMakeFiles/zoomies.dir/C_/Users/quan_/Desktop/School/CSC2003/pico-sdk/src/rp2_common/hardware_pll/pll.c.obj
 .comment       0x0000004d       0x4e CMakeFiles/zoomies.dir/C_/Users/quan_/Desktop/School/CSC2003/pico-sdk/src/rp2_common/hardware_watchdog/watchdog.c.obj
 .comment       0x0000004d       0x4e CMakeFiles/zoomies.dir/C_/Users/quan_/Desktop/School/CSC2003/pico-sdk/src/rp2_common/hardware_xosc/xosc.c.obj
 .comment       0x0000004d       0x4e CMakeFiles/zoomies.dir/C_/Users/quan_/Desktop/School/CSC2003/pico-sdk/src/rp2_common/pico_printf/printf.c.obj
 .comment       0x0000004d       0x4e CMakeFiles/zoomies.dir/C_/Users/quan_/Desktop/School/CSC2003/pico-sdk/src/rp2_common/pico_bootrom/bootrom.c.obj
 .comment       0x0000004d       0x4e CMakeFiles/zoomies.dir/C_/Users/quan_/Desktop/School/CSC2003/pico-sdk/src/rp2_common/pico_double/double_init_rom.c.obj
 .comment       0x0000004d       0x4e CMakeFiles/zoomies.dir/C_/Users/quan_/Desktop/School/CSC2003/pico-sdk/src/rp2_common/pico_float/float_init_rom.c.obj
 .comment       0x0000004d       0x4e CMakeFiles/zoomies.dir/C_/Users/quan_/Desktop/School/CSC2003/pico-sdk/src/rp2_common/pico_standard_link/binary_info.c.obj
 .comment       0x0000004d       0x4e CMakeFiles/zoomies.dir/C_/Users/quan_/Desktop/School/CSC2003/pico-sdk/src/rp2_common/pico_stdio/stdio.c.obj
 .comment       0x0000004d       0x4e CMakeFiles/zoomies.dir/C_/Users/quan_/Desktop/School/CSC2003/pico-sdk/src/rp2_common/pico_unique_id/unique_id.c.obj
 .comment       0x0000004d       0x4e CMakeFiles/zoomies.dir/C_/Users/quan_/Desktop/School/CSC2003/pico-sdk/src/rp2_common/hardware_flash/flash.c.obj

.debug_info     0x00000000    0x11bda
 .debug_info    0x00000000      0x6bb CMakeFiles/zoomies.dir/C_/Users/quan_/Desktop/School/CSC2003/pico-sdk/src/rp2_common/hardware_claim/claim.c.obj
 .debug_info    0x000006bb      0x1e3 CMakeFiles/zoomies.dir/C_/Users/quan_/Desktop/School/CSC2003/pico-sdk/src/rp2_common/pico_platform/platform.c.obj
 .debug_info    0x0000089e      0x58e CMakeFiles/zoomies.dir/C_/Users/quan_/Desktop/School/CSC2003/pico-sdk/src/rp2_common/hardware_sync/sync.c.obj
 .debug_info    0x00000e2c     0x1c49 CMakeFiles/zoomies.dir/C_/Users/quan_/Desktop/School/CSC2003/pico-sdk/src/rp2_common/hardware_irq/irq.c.obj
 .debug_info    0x00002a75       0x26 CMakeFiles/zoomies.dir/C_/Users/quan_/Desktop/School/CSC2003/pico-sdk/src/rp2_common/hardware_irq/irq_handler_chain.S.obj
 .debug_info    0x00002a9b      0x1a4 CMakeFiles/zoomies.dir/C_/Users/quan_/Desktop/School/CSC2003/pico-sdk/src/common/pico_sync/lock_core.c.obj
 .debug_info    0x00002c3f     0x3b3b CMakeFiles/zoomies.dir/C_/Users/quan_/Desktop/School/CSC2003/pico-sdk/src/common/pico_time/time.c.obj
 .debug_info    0x0000677a     0x1134 CMakeFiles/zoomies.dir/C_/Users/quan_/Desktop/School/CSC2003/pico-sdk/src/rp2_common/hardware_timer/timer.c.obj
 .debug_info    0x000078ae     0x120c CMakeFiles/zoomies.dir/C_/Users/quan_/Desktop/School/CSC2003/pico-sdk/src/common/pico_util/pheap.c.obj
 .debug_info    0x00008aba     0x2022 CMakeFiles/zoomies.dir/C_/Users/quan_/Desktop/School/CSC2003/pico-sdk/src/common/pico_sync/mutex.c.obj
 .debug_info    0x0000aadc      0xa87 CMakeFiles/zoomies.dir/C_/Users/quan_/Desktop/School/CSC2003/pico-sdk/src/rp2_common/pico_runtime/runtime.c.obj
 .debug_info    0x0000b563      0xf63 CMakeFiles/zoomies.dir/C_/Users/quan_/Desktop/School/CSC2003/pico-sdk/src/rp2_common/hardware_clocks/clocks.c.obj
 .debug_info    0x0000c4c6      0x54a CMakeFiles/zoomies.dir/C_/Users/quan_/Desktop/School/CSC2003/pico-sdk/src/rp2_common/hardware_pll/pll.c.obj
 .debug_info    0x0000ca10      0x4ee CMakeFiles/zoomies.dir/C_/Users/quan_/Desktop/School/CSC2003/pico-sdk/src/rp2_common/hardware_watchdog/watchdog.c.obj
 .debug_info    0x0000cefe      0x1d8 CMakeFiles/zoomies.dir/C_/Users/quan_/Desktop/School/CSC2003/pico-sdk/src/rp2_common/hardware_xosc/xosc.c.obj
 .debug_info    0x0000d0d6     0x1a5f CMakeFiles/zoomies.dir/C_/Users/quan_/Desktop/School/CSC2003/pico-sdk/src/rp2_common/pico_printf/printf.c.obj
 .debug_info    0x0000eb35       0x22 CMakeFiles/zoomies.dir/C_/Users/quan_/Desktop/School/CSC2003/pico-sdk/src/rp2_common/pico_bit_ops/bit_ops_aeabi.S.obj
 .debug_info    0x0000eb57      0x27c CMakeFiles/zoomies.dir/C_/Users/quan_/Desktop/School/CSC2003/pico-sdk/src/rp2_common/pico_bootrom/bootrom.c.obj
 .debug_info    0x0000edd3       0x22 CMakeFiles/zoomies.dir/C_/Users/quan_/Desktop/School/CSC2003/pico-sdk/src/rp2_common/pico_divider/divider.S.obj
 .debug_info    0x0000edf5       0x22 CMakeFiles/zoomies.dir/C_/Users/quan_/Desktop/School/CSC2003/pico-sdk/src/rp2_common/pico_double/double_aeabi.S.obj
 .debug_info    0x0000ee17      0x2d1 CMakeFiles/zoomies.dir/C_/Users/quan_/Desktop/School/CSC2003/pico-sdk/src/rp2_common/pico_double/double_init_rom.c.obj
 .debug_info    0x0000f0e8       0x22 CMakeFiles/zoomies.dir/C_/Users/quan_/Desktop/School/CSC2003/pico-sdk/src/rp2_common/pico_double/double_v1_rom_shim.S.obj
 .debug_info    0x0000f10a       0x22 CMakeFiles/zoomies.dir/C_/Users/quan_/Desktop/School/CSC2003/pico-sdk/src/rp2_common/pico_float/float_aeabi.S.obj
 .debug_info    0x0000f12c      0x2eb CMakeFiles/zoomies.dir/C_/Users/quan_/Desktop/School/CSC2003/pico-sdk/src/rp2_common/pico_float/float_init_rom.c.obj
 .debug_info    0x0000f417       0x22 CMakeFiles/zoomies.dir/C_/Users/quan_/Desktop/School/CSC2003/pico-sdk/src/rp2_common/pico_float/float_v1_rom_shim.S.obj
 .debug_info    0x0000f439       0x22 CMakeFiles/zoomies.dir/C_/Users/quan_/Desktop/School/CSC2003/pico-sdk/src/rp2_common/pico_mem_ops/mem_ops_aeabi.S.obj
 .debug_info    0x0000f45b       0x22 CMakeFiles/zoomies.dir/C_/Users/quan_/Desktop/School/CSC2003/pico-sdk/src/rp2_common/pico_standard_link/crt0.S.obj
 .debug_info    0x0000f47d      0x2f6 CMakeFiles/zoomies.dir/C_/Users/quan_/Desktop/School/CSC2003/pico-sdk/src/rp2_common/pico_standard_link/binary_info.c.obj
 .debug_info    0x0000f773     0x12ee CMakeFiles/zoomies.dir/C_/Users/quan_/Desktop/School/CSC2003/pico-sdk/src/rp2_common/pico_stdio/stdio.c.obj
 .debug_info    0x00010a61      0x257 CMakeFiles/zoomies.dir/C_/Users/quan_/Desktop/School/CSC2003/pico-sdk/src/rp2_common/pico_unique_id/unique_id.c.obj
 .debug_info    0x00010cb8      0xf22 CMakeFiles/zoomies.dir/C_/Users/quan_/Desktop/School/CSC2003/pico-sdk/src/rp2_common/hardware_flash/flash.c.obj

.debug_abbrev   0x00000000     0x38ce
 .debug_abbrev  0x00000000      0x2e9 CMakeFiles/zoomies.dir/C_/Users/quan_/Desktop/School/CSC2003/pico-sdk/src/rp2_common/hardware_claim/claim.c.obj
 .debug_abbrev  0x000002e9       0xeb CMakeFiles/zoomies.dir/C_/Users/quan_/Desktop/School/CSC2003/pico-sdk/src/rp2_common/pico_platform/platform.c.obj
 .debug_abbrev  0x000003d4      0x21b CMakeFiles/zoomies.dir/C_/Users/quan_/Desktop/School/CSC2003/pico-sdk/src/rp2_common/hardware_sync/sync.c.obj
 .debug_abbrev  0x000005ef      0x4fc CMakeFiles/zoomies.dir/C_/Users/quan_/Desktop/School/CSC2003/pico-sdk/src/rp2_common/hardware_irq/irq.c.obj
 .debug_abbrev  0x00000aeb       0x14 CMakeFiles/zoomies.dir/C_/Users/quan_/Desktop/School/CSC2003/pico-sdk/src/rp2_common/hardware_irq/irq_handler_chain.S.obj
 .debug_abbrev  0x00000aff      0x116 CMakeFiles/zoomies.dir/C_/Users/quan_/Desktop/School/CSC2003/pico-sdk/src/common/pico_sync/lock_core.c.obj
 .debug_abbrev  0x00000c15      0x54d CMakeFiles/zoomies.dir/C_/Users/quan_/Desktop/School/CSC2003/pico-sdk/src/common/pico_time/time.c.obj
 .debug_abbrev  0x00001162      0x3a2 CMakeFiles/zoomies.dir/C_/Users/quan_/Desktop/School/CSC2003/pico-sdk/src/rp2_common/hardware_timer/timer.c.obj
 .debug_abbrev  0x00001504      0x297 CMakeFiles/zoomies.dir/C_/Users/quan_/Desktop/School/CSC2003/pico-sdk/src/common/pico_util/pheap.c.obj
 .debug_abbrev  0x0000179b      0x386 CMakeFiles/zoomies.dir/C_/Users/quan_/Desktop/School/CSC2003/pico-sdk/src/common/pico_sync/mutex.c.obj
 .debug_abbrev  0x00001b21      0x3aa CMakeFiles/zoomies.dir/C_/Users/quan_/Desktop/School/CSC2003/pico-sdk/src/rp2_common/pico_runtime/runtime.c.obj
 .debug_abbrev  0x00001ecb      0x3a5 CMakeFiles/zoomies.dir/C_/Users/quan_/Desktop/School/CSC2003/pico-sdk/src/rp2_common/hardware_clocks/clocks.c.obj
 .debug_abbrev  0x00002270      0x1ea CMakeFiles/zoomies.dir/C_/Users/quan_/Desktop/School/CSC2003/pico-sdk/src/rp2_common/hardware_pll/pll.c.obj
 .debug_abbrev  0x0000245a      0x1a8 CMakeFiles/zoomies.dir/C_/Users/quan_/Desktop/School/CSC2003/pico-sdk/src/rp2_common/hardware_watchdog/watchdog.c.obj
 .debug_abbrev  0x00002602      0x109 CMakeFiles/zoomies.dir/C_/Users/quan_/Desktop/School/CSC2003/pico-sdk/src/rp2_common/hardware_xosc/xosc.c.obj
 .debug_abbrev  0x0000270b      0x384 CMakeFiles/zoomies.dir/C_/Users/quan_/Desktop/School/CSC2003/pico-sdk/src/rp2_common/pico_printf/printf.c.obj
 .debug_abbrev  0x00002a8f       0x12 CMakeFiles/zoomies.dir/C_/Users/quan_/Desktop/School/CSC2003/pico-sdk/src/rp2_common/pico_bit_ops/bit_ops_aeabi.S.obj
 .debug_abbrev  0x00002aa1      0x13b CMakeFiles/zoomies.dir/C_/Users/quan_/Desktop/School/CSC2003/pico-sdk/src/rp2_common/pico_bootrom/bootrom.c.obj
 .debug_abbrev  0x00002bdc       0x12 CMakeFiles/zoomies.dir/C_/Users/quan_/Desktop/School/CSC2003/pico-sdk/src/rp2_common/pico_divider/divider.S.obj
 .debug_abbrev  0x00002bee       0x12 CMakeFiles/zoomies.dir/C_/Users/quan_/Desktop/School/CSC2003/pico-sdk/src/rp2_common/pico_double/double_aeabi.S.obj
 .debug_abbrev  0x00002c00      0x179 CMakeFiles/zoomies.dir/C_/Users/quan_/Desktop/School/CSC2003/pico-sdk/src/rp2_common/pico_double/double_init_rom.c.obj
 .debug_abbrev  0x00002d79       0x12 CMakeFiles/zoomies.dir/C_/Users/quan_/Desktop/School/CSC2003/pico-sdk/src/rp2_common/pico_double/double_v1_rom_shim.S.obj
 .debug_abbrev  0x00002d8b       0x12 CMakeFiles/zoomies.dir/C_/Users/quan_/Desktop/School/CSC2003/pico-sdk/src/rp2_common/pico_float/float_aeabi.S.obj
 .debug_abbrev  0x00002d9d      0x18c CMakeFiles/zoomies.dir/C_/Users/quan_/Desktop/School/CSC2003/pico-sdk/src/rp2_common/pico_float/float_init_rom.c.obj
 .debug_abbrev  0x00002f29       0x12 CMakeFiles/zoomies.dir/C_/Users/quan_/Desktop/School/CSC2003/pico-sdk/src/rp2_common/pico_float/float_v1_rom_shim.S.obj
 .debug_abbrev  0x00002f3b       0x12 CMakeFiles/zoomies.dir/C_/Users/quan_/Desktop/School/CSC2003/pico-sdk/src/rp2_common/pico_mem_ops/mem_ops_aeabi.S.obj
 .debug_abbrev  0x00002f4d       0x12 CMakeFiles/zoomies.dir/C_/Users/quan_/Desktop/School/CSC2003/pico-sdk/src/rp2_common/pico_standard_link/crt0.S.obj
 .debug_abbrev  0x00002f5f       0xad CMakeFiles/zoomies.dir/C_/Users/quan_/Desktop/School/CSC2003/pico-sdk/src/rp2_common/pico_standard_link/binary_info.c.obj
 .debug_abbrev  0x0000300c      0x4a9 CMakeFiles/zoomies.dir/C_/Users/quan_/Desktop/School/CSC2003/pico-sdk/src/rp2_common/pico_stdio/stdio.c.obj
 .debug_abbrev  0x000034b5      0x163 CMakeFiles/zoomies.dir/C_/Users/quan_/Desktop/School/CSC2003/pico-sdk/src/rp2_common/pico_unique_id/unique_id.c.obj
 .debug_abbrev  0x00003618      0x2b6 CMakeFiles/zoomies.dir/C_/Users/quan_/Desktop/School/CSC2003/pico-sdk/src/rp2_common/hardware_flash/flash.c.obj

.debug_loc      0x00000000     0xc659
 .debug_loc     0x00000000      0x45f CMakeFiles/zoomies.dir/C_/Users/quan_/Desktop/School/CSC2003/pico-sdk/src/rp2_common/hardware_claim/claim.c.obj
 .debug_loc     0x0000045f       0xe9 CMakeFiles/zoomies.dir/C_/Users/quan_/Desktop/School/CSC2003/pico-sdk/src/rp2_common/pico_platform/platform.c.obj
 .debug_loc     0x00000548      0x233 CMakeFiles/zoomies.dir/C_/Users/quan_/Desktop/School/CSC2003/pico-sdk/src/rp2_common/hardware_sync/sync.c.obj
 .debug_loc     0x0000077b     0x1365 CMakeFiles/zoomies.dir/C_/Users/quan_/Desktop/School/CSC2003/pico-sdk/src/rp2_common/hardware_irq/irq.c.obj
 .debug_loc     0x00001ae0       0x60 CMakeFiles/zoomies.dir/C_/Users/quan_/Desktop/School/CSC2003/pico-sdk/src/common/pico_sync/lock_core.c.obj
 .debug_loc     0x00001b40     0x2e2a CMakeFiles/zoomies.dir/C_/Users/quan_/Desktop/School/CSC2003/pico-sdk/src/common/pico_time/time.c.obj
 .debug_loc     0x0000496a      0x952 CMakeFiles/zoomies.dir/C_/Users/quan_/Desktop/School/CSC2003/pico-sdk/src/rp2_common/hardware_timer/timer.c.obj
 .debug_loc     0x000052bc     0x1439 CMakeFiles/zoomies.dir/C_/Users/quan_/Desktop/School/CSC2003/pico-sdk/src/common/pico_util/pheap.c.obj
 .debug_loc     0x000066f5     0x1469 CMakeFiles/zoomies.dir/C_/Users/quan_/Desktop/School/CSC2003/pico-sdk/src/common/pico_sync/mutex.c.obj
 .debug_loc     0x00007b5e      0x3ff CMakeFiles/zoomies.dir/C_/Users/quan_/Desktop/School/CSC2003/pico-sdk/src/rp2_common/pico_runtime/runtime.c.obj
 .debug_loc     0x00007f5d      0x7eb CMakeFiles/zoomies.dir/C_/Users/quan_/Desktop/School/CSC2003/pico-sdk/src/rp2_common/hardware_clocks/clocks.c.obj
 .debug_loc     0x00008748      0x32f CMakeFiles/zoomies.dir/C_/Users/quan_/Desktop/School/CSC2003/pico-sdk/src/rp2_common/hardware_pll/pll.c.obj
 .debug_loc     0x00008a77      0x2ec CMakeFiles/zoomies.dir/C_/Users/quan_/Desktop/School/CSC2003/pico-sdk/src/rp2_common/hardware_watchdog/watchdog.c.obj
 .debug_loc     0x00008d63       0x71 CMakeFiles/zoomies.dir/C_/Users/quan_/Desktop/School/CSC2003/pico-sdk/src/rp2_common/hardware_xosc/xosc.c.obj
 .debug_loc     0x00008dd4     0x2095 CMakeFiles/zoomies.dir/C_/Users/quan_/Desktop/School/CSC2003/pico-sdk/src/rp2_common/pico_printf/printf.c.obj
 .debug_loc     0x0000ae69      0x1a1 CMakeFiles/zoomies.dir/C_/Users/quan_/Desktop/School/CSC2003/pico-sdk/src/rp2_common/pico_bootrom/bootrom.c.obj
 .debug_loc     0x0000b00a       0x59 CMakeFiles/zoomies.dir/C_/Users/quan_/Desktop/School/CSC2003/pico-sdk/src/rp2_common/pico_double/double_init_rom.c.obj
 .debug_loc     0x0000b063       0x73 CMakeFiles/zoomies.dir/C_/Users/quan_/Desktop/School/CSC2003/pico-sdk/src/rp2_common/pico_float/float_init_rom.c.obj
 .debug_loc     0x0000b0d6      0xb7b CMakeFiles/zoomies.dir/C_/Users/quan_/Desktop/School/CSC2003/pico-sdk/src/rp2_common/pico_stdio/stdio.c.obj
 .debug_loc     0x0000bc51       0xff CMakeFiles/zoomies.dir/C_/Users/quan_/Desktop/School/CSC2003/pico-sdk/src/rp2_common/pico_unique_id/unique_id.c.obj
 .debug_loc     0x0000bd50      0x909 CMakeFiles/zoomies.dir/C_/Users/quan_/Desktop/School/CSC2003/pico-sdk/src/rp2_common/hardware_flash/flash.c.obj

.debug_aranges  0x00000000      0xc90
 .debug_aranges
                0x00000000       0x48 CMakeFiles/zoomies.dir/C_/Users/quan_/Desktop/School/CSC2003/pico-sdk/src/rp2_common/hardware_claim/claim.c.obj
 .debug_aranges
                0x00000048       0x28 CMakeFiles/zoomies.dir/C_/Users/quan_/Desktop/School/CSC2003/pico-sdk/src/rp2_common/pico_platform/platform.c.obj
 .debug_aranges
                0x00000070       0x58 CMakeFiles/zoomies.dir/C_/Users/quan_/Desktop/School/CSC2003/pico-sdk/src/rp2_common/hardware_sync/sync.c.obj
 .debug_aranges
                0x000000c8       0xc8 CMakeFiles/zoomies.dir/C_/Users/quan_/Desktop/School/CSC2003/pico-sdk/src/rp2_common/hardware_irq/irq.c.obj
 .debug_aranges
                0x00000190       0x20 CMakeFiles/zoomies.dir/C_/Users/quan_/Desktop/School/CSC2003/pico-sdk/src/rp2_common/hardware_irq/irq_handler_chain.S.obj
 .debug_aranges
                0x000001b0       0x20 CMakeFiles/zoomies.dir/C_/Users/quan_/Desktop/School/CSC2003/pico-sdk/src/common/pico_sync/lock_core.c.obj
 .debug_aranges
                0x000001d0       0xd0 CMakeFiles/zoomies.dir/C_/Users/quan_/Desktop/School/CSC2003/pico-sdk/src/common/pico_time/time.c.obj
 .debug_aranges
                0x000002a0       0x78 CMakeFiles/zoomies.dir/C_/Users/quan_/Desktop/School/CSC2003/pico-sdk/src/rp2_common/hardware_timer/timer.c.obj
 .debug_aranges
                0x00000318       0x78 CMakeFiles/zoomies.dir/C_/Users/quan_/Desktop/School/CSC2003/pico-sdk/src/common/pico_util/pheap.c.obj
 .debug_aranges
                0x00000390       0x88 CMakeFiles/zoomies.dir/C_/Users/quan_/Desktop/School/CSC2003/pico-sdk/src/common/pico_sync/mutex.c.obj
 .debug_aranges
                0x00000418       0x60 CMakeFiles/zoomies.dir/C_/Users/quan_/Desktop/School/CSC2003/pico-sdk/src/rp2_common/pico_runtime/runtime.c.obj
 .debug_aranges
                0x00000478       0x70 CMakeFiles/zoomies.dir/C_/Users/quan_/Desktop/School/CSC2003/pico-sdk/src/rp2_common/hardware_clocks/clocks.c.obj
 .debug_aranges
                0x000004e8       0x28 CMakeFiles/zoomies.dir/C_/Users/quan_/Desktop/School/CSC2003/pico-sdk/src/rp2_common/hardware_pll/pll.c.obj
 .debug_aranges
                0x00000510       0x58 CMakeFiles/zoomies.dir/C_/Users/quan_/Desktop/School/CSC2003/pico-sdk/src/rp2_common/hardware_watchdog/watchdog.c.obj
 .debug_aranges
                0x00000568       0x30 CMakeFiles/zoomies.dir/C_/Users/quan_/Desktop/School/CSC2003/pico-sdk/src/rp2_common/hardware_xosc/xosc.c.obj
 .debug_aranges
                0x00000598       0x90 CMakeFiles/zoomies.dir/C_/Users/quan_/Desktop/School/CSC2003/pico-sdk/src/rp2_common/pico_printf/printf.c.obj
 .debug_aranges
                0x00000628       0x68 CMakeFiles/zoomies.dir/C_/Users/quan_/Desktop/School/CSC2003/pico-sdk/src/rp2_common/pico_bit_ops/bit_ops_aeabi.S.obj
 .debug_aranges
                0x00000690       0x30 CMakeFiles/zoomies.dir/C_/Users/quan_/Desktop/School/CSC2003/pico-sdk/src/rp2_common/pico_bootrom/bootrom.c.obj
 .debug_aranges
                0x000006c0       0x40 CMakeFiles/zoomies.dir/C_/Users/quan_/Desktop/School/CSC2003/pico-sdk/src/rp2_common/pico_divider/divider.S.obj
 .debug_aranges
                0x00000700      0x140 CMakeFiles/zoomies.dir/C_/Users/quan_/Desktop/School/CSC2003/pico-sdk/src/rp2_common/pico_double/double_aeabi.S.obj
 .debug_aranges
                0x00000840       0x20 CMakeFiles/zoomies.dir/C_/Users/quan_/Desktop/School/CSC2003/pico-sdk/src/rp2_common/pico_double/double_init_rom.c.obj
 .debug_aranges
                0x00000860       0xc8 CMakeFiles/zoomies.dir/C_/Users/quan_/Desktop/School/CSC2003/pico-sdk/src/rp2_common/pico_double/double_v1_rom_shim.S.obj
 .debug_aranges
                0x00000928      0x130 CMakeFiles/zoomies.dir/C_/Users/quan_/Desktop/School/CSC2003/pico-sdk/src/rp2_common/pico_float/float_aeabi.S.obj
 .debug_aranges
                0x00000a58       0x20 CMakeFiles/zoomies.dir/C_/Users/quan_/Desktop/School/CSC2003/pico-sdk/src/rp2_common/pico_float/float_init_rom.c.obj
 .debug_aranges
                0x00000a78       0x50 CMakeFiles/zoomies.dir/C_/Users/quan_/Desktop/School/CSC2003/pico-sdk/src/rp2_common/pico_float/float_v1_rom_shim.S.obj
 .debug_aranges
                0x00000ac8       0x38 CMakeFiles/zoomies.dir/C_/Users/quan_/Desktop/School/CSC2003/pico-sdk/src/rp2_common/pico_mem_ops/mem_ops_aeabi.S.obj
 .debug_aranges